stm32_adafruit_lcd.c:157:9:BSP_LCD_Init	16	static
stm32_adafruit_lcd.c:187:10:BSP_LCD_GetXSize	8	static
stm32_adafruit_lcd.c:197:10:BSP_LCD_GetYSize	8	static
stm32_adafruit_lcd.c:207:10:BSP_LCD_GetTextColor	4	static
stm32_adafruit_lcd.c:217:10:BSP_LCD_GetBackColor	4	static
stm32_adafruit_lcd.c:227:6:BSP_LCD_SetTextColor	16	static
stm32_adafruit_lcd.c:237:6:BSP_LCD_SetBackColor	16	static
stm32_adafruit_lcd.c:247:6:BSP_LCD_SetFont	16	static
stm32_adafruit_lcd.c:257:8:BSP_LCD_GetFont	4	static
stm32_adafruit_lcd.c:267:6:BSP_LCD_Clear	32	static
stm32_adafruit_lcd.c:290:6:BSP_LCD_ClearStringLine	32	static
stm32_adafruit_lcd.c:310:6:BSP_LCD_DisplayChar	16	static
stm32_adafruit_lcd.c:328:6:BSP_LCD_DisplayStringAt	48	static
stm32_adafruit_lcd.c:389:6:BSP_LCD_DisplayStringAtLine	16	static
stm32_adafruit_lcd.c:401:6:BSP_LCD_DrawPixel	16	static
stm32_adafruit_lcd.c:416:6:BSP_LCD_DrawHLine	32	static
stm32_adafruit_lcd.c:440:6:BSP_LCD_DrawVLine	32	static
stm32_adafruit_lcd.c:465:6:BSP_LCD_DrawLine	56	static
stm32_adafruit_lcd.c:540:6:BSP_LCD_DrawRect	24	static
stm32_adafruit_lcd.c:558:6:BSP_LCD_DrawCircle	32	static
stm32_adafruit_lcd.c:608:6:BSP_LCD_DrawPolygon	32	static
stm32_adafruit_lcd.c:636:6:BSP_LCD_DrawEllipse	56	static
stm32_adafruit_lcd.c:669:6:BSP_LCD_DrawBitmap	32	static
stm32_adafruit_lcd.c:704:6:BSP_LCD_FillRect	24	static
stm32_adafruit_lcd.c:721:6:BSP_LCD_FillCircle	32	static
stm32_adafruit_lcd.c:769:6:BSP_LCD_FillPolygon	64	static
stm32_adafruit_lcd.c:837:6:BSP_LCD_FillEllipse	56	static
stm32_adafruit_lcd.c:868:6:BSP_LCD_DisplayOn	8	static
stm32_adafruit_lcd.c:878:6:BSP_LCD_DisplayOff	8	static
stm32_adafruit_lcd.c:894:13:DrawChar	48	static
stm32_adafruit_lcd.c:967:13:FillTriangle	56	static
stm32_adafruit_lcd.c:1044:13:SetDisplayWindow	24	static
