../Drivers/VL53L0X/vl53l0x_class.c:99:5:VL53L0X_Prepare	32	static
../Drivers/VL53L0X/vl53l0x_class.c:139:5:VL53L0X_GetDistance	48	static
../Drivers/VL53L0X/vl53l0x_class.c:177:5:SetDeviceAddress	24	static
../Drivers/VL53L0X/vl53l0x_class.c:188:15:VL53L0X_device_read_strobe	32	static
../Drivers/VL53L0X/vl53l0x_class.c:221:15:VL53L0X_get_info_from_device	104	static
../Drivers/VL53L0X/vl53l0x_class.c:487:15:VL53L0X_get_offset_calibration_data_micro_meter	24	static
../Drivers/VL53L0X/vl53l0x_class.c:518:15:VL53L0X_GetOffsetCalibrationDataMicroMeter	24	static
../Drivers/VL53L0X/vl53l0x_class.c:531:15:VL53L0X_set_offset_calibration_data_micro_meter	40	static
../Drivers/VL53L0X/vl53l0x_class.c:568:15:VL53L0X_SetOffsetCalibrationDataMicroMeter	24	static
../Drivers/VL53L0X/vl53l0x_class.c:581:15:VL53L0X_apply_offset_adjustment	32	static
../Drivers/VL53L0X/vl53l0x_class.c:621:15:VL53L0X_GetDeviceMode	24	static
../Drivers/VL53L0X/vl53l0x_class.c:633:15:VL53L0X_GetInterMeasurementPeriodMilliSeconds	24	static
../Drivers/VL53L0X/vl53l0x_class.c:665:15:VL53L0X_GetXTalkCompensationRateMegaCps	32	static
../Drivers/VL53L0X/vl53l0x_class.c:698:15:VL53L0X_GetLimitCheckValue	40	static
../Drivers/VL53L0X/vl53l0x_class.c:789:15:VL53L0X_GetLimitCheckEnable	32	static
../Drivers/VL53L0X/vl53l0x_class.c:810:15:VL53L0X_GetWrapAroundCheckEnable	24	static
../Drivers/VL53L0X/vl53l0x_class.c:835:15:sequence_step_enabled	32	static
../Drivers/VL53L0X/vl53l0x_class.c:868:15:VL53L0X_GetSequenceStepEnables	24	static
../Drivers/VL53L0X/vl53l0x_class.c:908:9:VL53L0X_decode_vcsel_period	24	static
../Drivers/VL53L0X/vl53l0x_class.c:922:9:VL53L0X_encode_vcsel_period	24	static
../Drivers/VL53L0X/vl53l0x_class.c:937:15:VL53L0X_set_vcsel_pulse_period	48	static
../Drivers/VL53L0X/vl53l0x_class.c:1186:15:VL53L0X_SetVcselPulsePeriod	24	static
../Drivers/VL53L0X/vl53l0x_class.c:1199:15:VL53L0X_get_vcsel_pulse_period	32	static
../Drivers/VL53L0X/vl53l0x_class.c:1227:15:VL53L0X_GetVcselPulsePeriod	32	static
../Drivers/VL53L0X/vl53l0x_class.c:1240:10:VL53L0X_decode_timeout	24	static
../Drivers/VL53L0X/vl53l0x_class.c:1254:10:VL53L0X_calc_macro_period_ps	32	static
../Drivers/VL53L0X/vl53l0x_class.c:1277:10:VL53L0X_calc_timeout_us	32	static
../Drivers/VL53L0X/vl53l0x_class.c:1294:15:get_sequence_step_timeout	56	static
../Drivers/VL53L0X/vl53l0x_class.c:1402:15:VL53L0X_get_measurement_timing_budget_micro_seconds	72	static
../Drivers/VL53L0X/vl53l0x_class.c:1491:15:VL53L0X_GetMeasurementTimingBudgetMicroSeconds	24	static
../Drivers/VL53L0X/vl53l0x_class.c:1504:15:VL53L0X_GetDeviceParameters	24	static
../Drivers/VL53L0X/vl53l0x_class.c:1568:15:VL53L0X_SetLimitCheckValue	32	static
../Drivers/VL53L0X/vl53l0x_class.c:1645:15:VL53L0X_DataInit	104	static
../Drivers/VL53L0X/vl53l0x_class.c:1786:15:VL53L0X_check_part_used	32	static
../Drivers/VL53L0X/vl53l0x_class.c:1816:15:VL53L0X_get_device_info	32	static
../Drivers/VL53L0X/vl53l0x_class.c:1862:15:VL53L0X_GetDeviceInfo	24	static
../Drivers/VL53L0X/vl53l0x_class.c:1874:15:VL53L0X_GetInterruptMaskStatus	24	static
../Drivers/VL53L0X/vl53l0x_class.c:1891:15:VL53L0X_GetMeasurementDataReady	24	static
../Drivers/VL53L0X/vl53l0x_class.c:1926:15:VL53L0X_PollingDelay	24	static
../Drivers/VL53L0X/vl53l0x_class.c:1935:15:VL53L0X_measurement_poll_for_completion	32	static
../Drivers/VL53L0X/vl53l0x_class.c:1968:15:VL53L0X_ClearInterruptMask	24	static
../Drivers/VL53L0X/vl53l0x_class.c:1998:15:VL53L0X_perform_single_ref_calibration	24	static
../Drivers/VL53L0X/vl53l0x_class.c:2020:15:VL53L0X_ref_calibration_io	24	static
../Drivers/VL53L0X/vl53l0x_class.c:2054:15:VL53L0X_perform_vhv_calibration	48	static
../Drivers/VL53L0X/vl53l0x_class.c:2099:15:VL53L0X_perform_phase_calibration	48	static
../Drivers/VL53L0X/vl53l0x_class.c:2144:15:VL53L0X_perform_ref_calibration	32	static
../Drivers/VL53L0X/vl53l0x_class.c:2179:6:get_next_good_spad	48	static
../Drivers/VL53L0X/vl53l0x_class.c:2227:9:is_aperture	24	static
../Drivers/VL53L0X/vl53l0x_class.c:2242:15:enable_spad_bit	40	static
../Drivers/VL53L0X/vl53l0x_class.c:2260:15:set_ref_spad_map	24	static
../Drivers/VL53L0X/vl53l0x_class.c:2269:15:get_ref_spad_map	24	static
../Drivers/VL53L0X/vl53l0x_class.c:2283:15:enable_ref_spads	56	static
../Drivers/VL53L0X/vl53l0x_class.c:2355:15:VL53L0X_SetDeviceMode	24	static
../Drivers/VL53L0X/vl53l0x_class.c:2379:15:VL53L0X_GetInterruptThresholds	32	static
../Drivers/VL53L0X/vl53l0x_class.c:2406:15:VL53L0X_load_tuning_settings	40	static
../Drivers/VL53L0X/vl53l0x_class.c:2492:15:VL53L0X_CheckAndLoadInterruptSettings	32	static
../Drivers/VL53L0X/vl53l0x_class.c:2537:15:VL53L0X_StartMeasurement	32	static
../Drivers/VL53L0X/vl53l0x_class.c:2621:15:VL53L0X_PerformSingleMeasurement	24	static
../Drivers/VL53L0X/vl53l0x_class.c:2652:15:VL53L0X_GetXTalkCompensationEnable	24	static
../Drivers/VL53L0X/vl53l0x_class.c:2666:15:VL53L0X_get_total_xtalk_rate	40	static
../Drivers/VL53L0X/vl53l0x_class.c:2702:15:VL53L0X_get_total_signal_rate	32	static
../Drivers/VL53L0X/vl53l0x_class.c:2724:10:VL53L0X_calc_timeout_mclks	40	static
../Drivers/VL53L0X/vl53l0x_class.c:2742:10:VL53L0X_isqrt	24	static
../Drivers/VL53L0X/vl53l0x_class.c:2773:15:VL53L0X_calc_dmax	112	static
../Drivers/VL53L0X/vl53l0x_class.c:2964:15:VL53L0X_calc_sigma_estimate	216	static
../Drivers/VL53L0X/vl53l0x_class.c:3288:15:VL53L0X_get_pal_range_status	72	static
../Drivers/VL53L0X/vl53l0x_class.c:3521:15:VL53L0X_GetRangingMeasurementData	104	static
../Drivers/VL53L0X/vl53l0x_class.c:3676:15:VL53L0X_PerformSingleRangingMeasurement	24	static
../Drivers/VL53L0X/vl53l0x_class.c:3704:15:perform_ref_signal_measurement	48	static
../Drivers/VL53L0X/vl53l0x_class.c:3751:15:VL53L0X_perform_ref_spad_management	128	static
../Drivers/VL53L0X/vl53l0x_class.c:4018:15:VL53L0X_set_reference_spads	88	static
../Drivers/VL53L0X/vl53l0x_class.c:4085:15:VL53L0X_WaitDeviceBooted	24	static
../Drivers/VL53L0X/vl53l0x_class.c:4097:15:VL53L0X_PerformRefCalibration	32	static
../Drivers/VL53L0X/vl53l0x_class.c:4110:15:VL53L0X_PerformRefSpadManagement	32	static
../Drivers/VL53L0X/vl53l0x_class.c:4125:15:VL53L0X_SetDeviceAddress	24	static
../Drivers/VL53L0X/vl53l0x_class.c:4137:15:VL53L0X_SetGpioConfig	24	static
../Drivers/VL53L0X/vl53l0x_class.c:4232:15:VL53L0X_GetFractionEnable	24	static
../Drivers/VL53L0X/vl53l0x_class.c:4246:10:VL53L0X_encode_timeout	32	static
../Drivers/VL53L0X/vl53l0x_class.c:4272:15:set_sequence_step_timeout	48	static
../Drivers/VL53L0X/vl53l0x_class.c:4416:15:VL53L0X_set_measurement_timing_budget_micro_seconds	80	static
../Drivers/VL53L0X/vl53l0x_class.c:4566:15:VL53L0X_SetMeasurementTimingBudgetMicroSeconds	24	static
../Drivers/VL53L0X/vl53l0x_class.c:4580:15:VL53L0X_SetSequenceStepEnable	32	static
../Drivers/VL53L0X/vl53l0x_class.c:4669:15:VL53L0X_SetLimitCheckEnable	32	static
../Drivers/VL53L0X/vl53l0x_class.c:4772:15:VL53L0X_StaticInit	136	static
../Drivers/VL53L0X/vl53l0x_class.c:4952:15:VL53L0X_StopMeasurement	24	static
../Drivers/VL53L0X/vl53l0x_class.c:4979:15:VL53L0X_GetStopCompletedStatus	24	static
../Drivers/VL53L0X/vl53l0x_class.c:5013:15:VL53L0X_WriteMulti	32	static
../Drivers/VL53L0X/vl53l0x_class.c:5021:15:VL53L0X_ReadMulti	32	static
../Drivers/VL53L0X/vl53l0x_class.c:5035:15:VL53L0X_WrByte	24	static
../Drivers/VL53L0X/vl53l0x_class.c:5043:15:VL53L0X_WrWord	24	static
../Drivers/VL53L0X/vl53l0x_class.c:5054:15:VL53L0X_WrDWord	32	static
../Drivers/VL53L0X/vl53l0x_class.c:5068:15:VL53L0X_RdByte	32	static
../Drivers/VL53L0X/vl53l0x_class.c:5080:15:VL53L0X_RdWord	32	static
../Drivers/VL53L0X/vl53l0x_class.c:5094:15:VL53L0X_RdDWord	32	static
../Drivers/VL53L0X/vl53l0x_class.c:5108:15:VL53L0X_UpdateByte	24	static
../Drivers/VL53L0X/vl53l0x_class.c:5124:15:VL53L0X_I2CRead	24	static
../Drivers/VL53L0X/vl53l0x_class.c:5142:15:VL53L0X_I2CWrite	32	static
../Drivers/VL53L0X/vl53l0x_class.c:5153:5:VL53L0X_ReadID	24	static
../Drivers/VL53L0X/vl53l0x_class.c:5166:15:VL53L0X_WaitMeasurementDataReady	32	static
../Drivers/VL53L0X/vl53l0x_class.c:5193:15:VL53L0X_WaitStopCompleted	32	static
../Drivers/VL53L0X/vl53l0x_class.c:5221:5:VL53L0X_IsPresent	24	static
../Drivers/VL53L0X/vl53l0x_class.c:5229:5:VL53L0X_InitSensor	120	static
../Drivers/VL53L0X/vl53l0x_class.c:5290:5:VL53L0X_StartMeasurementSimplified	48	static
../Drivers/VL53L0X/vl53l0x_class.c:5403:5:VL53L0X_GetMeasurementSimplified	32	static
../Drivers/VL53L0X/vl53l0x_class.c:5432:5:VL53L0X_StopMeasurementSimplified	24	static
