../Core/Src/main.c:78:10:rr_fir_filter0	16	static
../Core/Src/main.c:90:10:rr_fir_filter	16	static
../Core/Src/main.c:104:5:_write	24	static
../Core/Src/main.c:115:5:main	8	static
../Core/Src/main.c:169:6:SystemClock_Config	96	static
../Core/Src/main.c:217:13:MX_I2C1_Init	8	static
../Core/Src/main.c:263:13:MX_SPI3_Init	8	static
../Core/Src/main.c:303:13:MX_USART2_UART_Init	8	static
../Core/Src/main.c:338:13:MX_GPIO_Init	48	static
../Core/Src/main.c:388:6:_Error_Handler	272	static
../Core/Src/main.c:400:6:VL53L0X_Start	16	static
../Core/Src/main.c:427:6:Error_Handler	4	static,ignoring_inline_asm
