../Core/Inc/support.h:15:20:nRF24_CE_L	8	static
../Core/Inc/support.h:20:20:nRF24_CE_H	8	static
../Core/Inc/support.h:46:20:Delay_ms	16	static
../Core/Src/radio_demo.c:26:6:UART_SendChar	16	static
../Core/Src/radio_demo.c:30:6:UART_SendStr	16	static
../Core/Src/radio_demo.c:34:6:Toggle_LED	8	static
../Core/Src/radio_demo.c:57:6:UART_SendBufHex	24	static
../Core/Src/radio_demo.c:66:6:UART_SendHex8	16	static
../Core/Src/radio_demo.c:71:6:UART_SendInt	32	static
../Core/Src/radio_demo.c:135:16:nRF24_TransmitPacket	24	static
../Core/Src/radio_demo.c:195:5:runRadio	32	static
