Archive member included to satisfy reference by file (symbol)

c:/st/stm32cubeide_1.0.2/stm32cubeide/plugins/com.st.stm32cube.ide.mcu.externaltools.gnu-tools-for-stm32.7-2018-q2-update.win32_1.4.0.202007081208/tools/bin/../lib/gcc/arm-none-eabi/7.3.1/../../../../arm-none-eabi/lib/thumb/v7e-m/fpv4-sp/hard\libc_nano.a(lib_a-errno.o)
                              Core/Src/syscalls.o (__errno)
c:/st/stm32cubeide_1.0.2/stm32cubeide/plugins/com.st.stm32cube.ide.mcu.externaltools.gnu-tools-for-stm32.7-2018-q2-update.win32_1.4.0.202007081208/tools/bin/../lib/gcc/arm-none-eabi/7.3.1/../../../../arm-none-eabi/lib/thumb/v7e-m/fpv4-sp/hard\libc_nano.a(lib_a-exit.o)
                              c:/st/stm32cubeide_1.0.2/stm32cubeide/plugins/com.st.stm32cube.ide.mcu.externaltools.gnu-tools-for-stm32.7-2018-q2-update.win32_1.4.0.202007081208/tools/bin/../lib/gcc/arm-none-eabi/7.3.1/../../../../arm-none-eabi/lib/thumb/v7e-m/fpv4-sp/hard/crt0.o (exit)
c:/st/stm32cubeide_1.0.2/stm32cubeide/plugins/com.st.stm32cube.ide.mcu.externaltools.gnu-tools-for-stm32.7-2018-q2-update.win32_1.4.0.202007081208/tools/bin/../lib/gcc/arm-none-eabi/7.3.1/../../../../arm-none-eabi/lib/thumb/v7e-m/fpv4-sp/hard\libc_nano.a(lib_a-impure.o)
                              c:/st/stm32cubeide_1.0.2/stm32cubeide/plugins/com.st.stm32cube.ide.mcu.externaltools.gnu-tools-for-stm32.7-2018-q2-update.win32_1.4.0.202007081208/tools/bin/../lib/gcc/arm-none-eabi/7.3.1/../../../../arm-none-eabi/lib/thumb/v7e-m/fpv4-sp/hard\libc_nano.a(lib_a-exit.o) (_global_impure_ptr)
c:/st/stm32cubeide_1.0.2/stm32cubeide/plugins/com.st.stm32cube.ide.mcu.externaltools.gnu-tools-for-stm32.7-2018-q2-update.win32_1.4.0.202007081208/tools/bin/../lib/gcc/arm-none-eabi/7.3.1/../../../../arm-none-eabi/lib/thumb/v7e-m/fpv4-sp/hard\libc_nano.a(lib_a-init.o)
                              c:/st/stm32cubeide_1.0.2/stm32cubeide/plugins/com.st.stm32cube.ide.mcu.externaltools.gnu-tools-for-stm32.7-2018-q2-update.win32_1.4.0.202007081208/tools/bin/../lib/gcc/arm-none-eabi/7.3.1/../../../../arm-none-eabi/lib/thumb/v7e-m/fpv4-sp/hard/crt0.o (__libc_init_array)
c:/st/stm32cubeide_1.0.2/stm32cubeide/plugins/com.st.stm32cube.ide.mcu.externaltools.gnu-tools-for-stm32.7-2018-q2-update.win32_1.4.0.202007081208/tools/bin/../lib/gcc/arm-none-eabi/7.3.1/../../../../arm-none-eabi/lib/thumb/v7e-m/fpv4-sp/hard\libc_nano.a(lib_a-memset.o)
                              c:/st/stm32cubeide_1.0.2/stm32cubeide/plugins/com.st.stm32cube.ide.mcu.externaltools.gnu-tools-for-stm32.7-2018-q2-update.win32_1.4.0.202007081208/tools/bin/../lib/gcc/arm-none-eabi/7.3.1/../../../../arm-none-eabi/lib/thumb/v7e-m/fpv4-sp/hard/crt0.o (memset)
c:/st/stm32cubeide_1.0.2/stm32cubeide/plugins/com.st.stm32cube.ide.mcu.externaltools.gnu-tools-for-stm32.7-2018-q2-update.win32_1.4.0.202007081208/tools/bin/../lib/gcc/arm-none-eabi/7.3.1/../../../../arm-none-eabi/lib/thumb/v7e-m/fpv4-sp/hard\libc_nano.a(lib_a-strlen.o)
                              Core/Src/radio_demo.o (strlen)
c:/st/stm32cubeide_1.0.2/stm32cubeide/plugins/com.st.stm32cube.ide.mcu.externaltools.gnu-tools-for-stm32.7-2018-q2-update.win32_1.4.0.202007081208/tools/bin/../lib/gcc/arm-none-eabi/7.3.1/thumb/v7e-m/fpv4-sp/hard\libgcc.a(_aeabi_uldivmod.o)
                              Drivers/STM32F4xx_HAL_Driver/Src/stm32f4xx_hal_rcc.o (__aeabi_uldivmod)
c:/st/stm32cubeide_1.0.2/stm32cubeide/plugins/com.st.stm32cube.ide.mcu.externaltools.gnu-tools-for-stm32.7-2018-q2-update.win32_1.4.0.202007081208/tools/bin/../lib/gcc/arm-none-eabi/7.3.1/thumb/v7e-m/fpv4-sp/hard\libgcc.a(_udivmoddi4.o)
                              c:/st/stm32cubeide_1.0.2/stm32cubeide/plugins/com.st.stm32cube.ide.mcu.externaltools.gnu-tools-for-stm32.7-2018-q2-update.win32_1.4.0.202007081208/tools/bin/../lib/gcc/arm-none-eabi/7.3.1/thumb/v7e-m/fpv4-sp/hard\libgcc.a(_aeabi_uldivmod.o) (__udivmoddi4)
c:/st/stm32cubeide_1.0.2/stm32cubeide/plugins/com.st.stm32cube.ide.mcu.externaltools.gnu-tools-for-stm32.7-2018-q2-update.win32_1.4.0.202007081208/tools/bin/../lib/gcc/arm-none-eabi/7.3.1/thumb/v7e-m/fpv4-sp/hard\libgcc.a(_dvmd_tls.o)
                              c:/st/stm32cubeide_1.0.2/stm32cubeide/plugins/com.st.stm32cube.ide.mcu.externaltools.gnu-tools-for-stm32.7-2018-q2-update.win32_1.4.0.202007081208/tools/bin/../lib/gcc/arm-none-eabi/7.3.1/thumb/v7e-m/fpv4-sp/hard\libgcc.a(_aeabi_uldivmod.o) (__aeabi_ldiv0)

Allocating common symbols
Common symbol       size              file

payload_length      0x1               Core/Src/radio_demo.o
j                   0x4               Core/Src/radio_demo.o
k                   0x4               Core/Src/radio_demo.o
uwTick              0x4               Drivers/STM32F4xx_HAL_Driver/Src/stm32f4xx_hal.o
pFlash              0x20              Drivers/STM32F4xx_HAL_Driver/Src/stm32f4xx_hal_flash.o
pipe                0x1               Core/Src/radio_demo.o
hspi3               0x58              Core/Src/main.o
i                   0x4               Core/Src/radio_demo.o
[...]
Memory Configuration

Name             Origin             Length             Attributes
RAM              0x0000000020000000 0x0000000000020000 xrw
FLASH            0x0000000008000000 0x0000000000080000 xr
*default*        0x0000000000000000 0xffffffffffffffff

Linker script and memory map

LOAD c:/st/stm32cubeide_1.0.2/stm32cubeide/plugins/com.st.stm32cube.ide.mcu.externaltools.gnu-tools-for-stm32.7-2018-q2-update.win32_1.4.0.202007081208/tools/bin/../lib/gcc/arm-none-eabi/7.3.1/thumb/v7e-m/fpv4-sp/hard/crti.o
LOAD c:/st/stm32cubeide_1.0.2/stm32cubeide/plugins/com.st.stm32cube.ide.mcu.externaltools.gnu-tools-for-stm32.7-2018-q2-update.win32_1.4.0.202007081208/tools/bin/../lib/gcc/arm-none-eabi/7.3.1/thumb/v7e-m/fpv4-sp/hard/crtbegin.o
LOAD c:/st/stm32cubeide_1.0.2/stm32cubeide/plugins/com.st.stm32cube.ide.mcu.externaltools.gnu-tools-for-stm32.7-2018-q2-update.win32_1.4.0.202007081208/tools/bin/../lib/gcc/arm-none-eabi/7.3.1/../../../../arm-none-eabi/lib/thumb/v7e-m/fpv4-sp/hard/crt0.o
LOAD Core/Src/main.o
LOAD Core/Src/radio_demo.o
LOAD Core/Src/stm32f4xx_hal_msp.o
LOAD Core/Src/stm32f4xx_it.o
LOAD Core/Src/syscalls.o
LOAD Core/Src/sysmem.o
LOAD Core/Src/system_stm32f4xx.o
LOAD Core/Startup/startup_stm32f411retx.o
LOAD Drivers/NRF24L01/nrf24.o
LOAD Drivers/STM32F4xx_HAL_Driver/Src/stm32f4xx_hal.o
LOAD Drivers/STM32F4xx_HAL_Driver/Src/stm32f4xx_hal_cortex.o
LOAD Drivers/STM32F4xx_HAL_Driver/Src/stm32f4xx_hal_dma.o
LOAD Drivers/STM32F4xx_HAL_Driver/Src/stm32f4xx_hal_dma_ex.o
LOAD Drivers/STM32F4xx_HAL_Driver/Src/stm32f4xx_hal_exti.o
LOAD Drivers/STM32F4xx_HAL_Driver/Src/stm32f4xx_hal_flash.o
LOAD Drivers/STM32F4xx_HAL_Driver/Src/stm32f4xx_hal_flash_ex.o
LOAD Drivers/STM32F4xx_HAL_Driver/Src/stm32f4xx_hal_flash_ramfunc.o
LOAD Drivers/STM32F4xx_HAL_Driver/Src/stm32f4xx_hal_gpio.o
LOAD Drivers/STM32F4xx_HAL_Driver/Src/stm32f4xx_hal_pwr.o
LOAD Drivers/STM32F4xx_HAL_Driver/Src/stm32f4xx_hal_pwr_ex.o
LOAD Drivers/STM32F4xx_HAL_Driver/Src/stm32f4xx_hal_rcc.o
LOAD Drivers/STM32F4xx_HAL_Driver/Src/stm32f4xx_hal_rcc_ex.o
LOAD Drivers/STM32F4xx_HAL_Driver/Src/stm32f4xx_hal_spi.o
LOAD Drivers/STM32F4xx_HAL_Driver/Src/stm32f4xx_hal_tim.o
LOAD Drivers/STM32F4xx_HAL_Driver/Src/stm32f4xx_hal_tim_ex.o
LOAD Drivers/STM32F4xx_HAL_Driver/Src/stm32f4xx_hal_uart.o
START GROUP
LOAD c:/st/stm32cubeide_1.0.2/stm32cubeide/plugins/com.st.stm32cube.ide.mcu.externaltools.gnu-tools-for-stm32.7-2018-q2-update.win32_1.4.0.202007081208/tools/bin/../lib/gcc/arm-none-eabi/7.3.1/../../../../arm-none-eabi/lib/thumb/v7e-m/fpv4-sp/hard\libc_nano.a
LOAD c:/st/stm32cubeide_1.0.2/stm32cubeide/plugins/com.st.stm32cube.ide.mcu.externaltools.gnu-tools-for-stm32.7-2018-q2-update.win32_1.4.0.202007081208/tools/bin/../lib/gcc/arm-none-eabi/7.3.1/../../../../arm-none-eabi/lib/thumb/v7e-m/fpv4-sp/hard\libm.a
END GROUP
START GROUP
LOAD c:/st/stm32cubeide_1.0.2/stm32cubeide/plugins/com.st.stm32cube.ide.mcu.externaltools.gnu-tools-for-stm32.7-2018-q2-update.win32_1.4.0.202007081208/tools/bin/../lib/gcc/arm-none-eabi/7.3.1/thumb/v7e-m/fpv4-sp/hard\libgcc.a
LOAD c:/st/stm32cubeide_1.0.2/stm32cubeide/plugins/com.st.stm32cube.ide.mcu.externaltools.gnu-tools-for-stm32.7-2018-q2-update.win32_1.4.0.202007081208/tools/bin/../lib/gcc/arm-none-eabi/7.3.1/../../../../arm-none-eabi/lib/thumb/v7e-m/fpv4-sp/hard\libc_nano.a
END GROUP
START GROUP
LOAD c:/st/stm32cubeide_1.0.2/stm32cubeide/plugins/com.st.stm32cube.ide.mcu.externaltools.gnu-tools-for-stm32.7-2018-q2-update.win32_1.4.0.202007081208/tools/bin/../lib/gcc/arm-none-eabi/7.3.1/thumb/v7e-m/fpv4-sp/hard\libgcc.a
LOAD c:/st/stm32cubeide_1.0.2/stm32cubeide/plugins/com.st.stm32cube.ide.mcu.externaltools.gnu-tools-for-stm32.7-2018-q2-update.win32_1.4.0.202007081208/tools/bin/../lib/gcc/arm-none-eabi/7.3.1/../../../../arm-none-eabi/lib/thumb/v7e-m/fpv4-sp/hard\libc_nano.a
LOAD c:/st/stm32cubeide_1.0.2/stm32cubeide/plugins/com.st.stm32cube.ide.mcu.externaltools.gnu-tools-for-stm32.7-2018-q2-update.win32_1.4.0.202007081208/tools/bin/../lib/gcc/arm-none-eabi/7.3.1/../../../../arm-none-eabi/lib/thumb/v7e-m/fpv4-sp/hard\libnosys.a
END GROUP
START GROUP
LOAD c:/st/stm32cubeide_1.0.2/stm32cubeide/plugins/com.st.stm32cube.ide.mcu.externaltools.gnu-tools-for-stm32.7-2018-q2-update.win32_1.4.0.202007081208/tools/bin/../lib/gcc/arm-none-eabi/7.3.1/thumb/v7e-m/fpv4-sp/hard\libgcc.a
LOAD c:/st/stm32cubeide_1.0.2/stm32cubeide/plugins/com.st.stm32cube.ide.mcu.externaltools.gnu-tools-for-stm32.7-2018-q2-update.win32_1.4.0.202007081208/tools/bin/../lib/gcc/arm-none-eabi/7.3.1/../../../../arm-none-eabi/lib/thumb/v7e-m/fpv4-sp/hard\libc_nano.a
LOAD c:/st/stm32cubeide_1.0.2/stm32cubeide/plugins/com.st.stm32cube.ide.mcu.externaltools.gnu-tools-for-stm32.7-2018-q2-update.win32_1.4.0.202007081208/tools/bin/../lib/gcc/arm-none-eabi/7.3.1/../../../../arm-none-eabi/lib/thumb/v7e-m/fpv4-sp/hard\libnosys.a
END GROUP
LOAD c:/st/stm32cubeide_1.0.2/stm32cubeide/plugins/com.st.stm32cube.ide.mcu.externaltools.gnu-tools-for-stm32.7-2018-q2-update.win32_1.4.0.202007081208/tools/bin/../lib/gcc/arm-none-eabi/7.3.1/thumb/v7e-m/fpv4-sp/hard/crtend.o
LOAD c:/st/stm32cubeide_1.0.2/stm32cubeide/plugins/com.st.stm32cube.ide.mcu.externaltools.gnu-tools-for-stm32.7-2018-q2-update.win32_1.4.0.202007081208/tools/bin/../lib/gcc/arm-none-eabi/7.3.1/thumb/v7e-m/fpv4-sp/hard/crtn.o
                0x0000000020020000                _estack = (ORIGIN (RAM) + LENGTH (RAM))
                0x0000000000000200                _Min_Heap_Size = 0x200
                0x0000000000000400                _Min_Stack_Size = 0x400

.isr_vector     0x0000000008000000      0x198
                0x0000000008000000                . = ALIGN (0x4)
 *(.isr_vector)
 .isr_vector    0x0000000008000000      0x198 Core/Startup/startup_stm32f411retx.o
                0x0000000008000000                g_pfnVectors
                0x0000000008000198                . = ALIGN (0x4)

.text           0x0000000008000198     0x31dc
                0x0000000008000198                . = ALIGN (0x4)
 *(.text)
 .text          0x0000000008000198       0x40 c:/st/stm32cubeide_1.0.2/stm32cubeide/plugins/com.st.stm32cube.ide.mcu.externaltools.gnu-tools-for-stm32.7-2018-q2-update.win32_1.4.0.202007081208/tools/bin/../lib/gcc/arm-none-eabi/7.3.1/thumb/v7e-m/fpv4-sp/hard/crtbegin.o
 .text          0x00000000080001d8       0x10 c:/st/stm32cubeide_1.0.2/stm32cubeide/plugins/com.st.stm32cube.ide.mcu.externaltools.gnu-tools-for-stm32.7-2018-q2-update.win32_1.4.0.202007081208/tools/bin/../lib/gcc/arm-none-eabi/7.3.1/../../../../arm-none-eabi/lib/thumb/v7e-m/fpv4-sp/hard\libc_nano.a(lib_a-strlen.o)
                0x00000000080001d8                strlen
 .text          0x00000000080001e8       0x30 c:/st/stm32cubeide_1.0.2/stm32cubeide/plugins/com.st.stm32cube.ide.mcu.externaltools.gnu-tools-for-stm32.7-2018-q2-update.win32_1.4.0.202007081208/tools/bin/../lib/gcc/arm-none-eabi/7.3.1/thumb/v7e-m/fpv4-sp/hard\libgcc.a(_aeabi_uldivmod.o)
                0x00000000080001e8                __aeabi_uldivmod
 .text          0x0000000008000218      0x2cc c:/st/stm32cubeide_1.0.2/stm32cubeide/plugins/com.st.stm32cube.ide.mcu.externaltools.gnu-tools-for-stm32.7-2018-q2-update.win32_1.4.0.202007081208/tools/bin/../lib/gcc/arm-none-eabi/7.3.1/thumb/v7e-m/fpv4-sp/hard\libgcc.a(_udivmoddi4.o)
                0x0000000008000218                __udivmoddi4
 .text          0x00000000080004e4        0x4 c:/st/stm32cubeide_1.0.2/stm32cubeide/plugins/com.st.stm32cube.ide.mcu.externaltools.gnu-tools-for-stm32.7-2018-q2-update.win32_1.4.0.202007081208/tools/bin/../lib/gcc/arm-none-eabi/7.3.1/thumb/v7e-m/fpv4-sp/hard\libgcc.a(_dvmd_tls.o)
                0x00000000080004e4                __aeabi_idiv0
                0x00000000080004e4                __aeabi_ldiv0
 *(.text*)
 .text.main     0x00000000080004e8       0x1e Core/Src/main.o
                0x00000000080004e8                main
 *fill*         0x0000000008000506        0x2 
 .text.SystemClock_Config
                0x0000000008000508       0xd4 Core/Src/main.o
                0x0000000008000508                SystemClock_Config
 .text.MX_SPI3_Init
                0x00000000080005dc       0x6c Core/Src/main.o
 .text.MX_USART2_UART_Init
                0x0000000008000648       0x54 Core/Src/main.o
 .text.MX_GPIO_Init
                0x000000000800069c      0x130 Core/Src/main.o
 .text.Error_Handler
                0x00000000080007cc        0xe Core/Src/main.o
                0x00000000080007cc                Error_Handler
 *fill*         0x00000000080007da        0x2 
 .text.nRF24_CE_L
                0x00000000080007dc       0x18 Core/Src/radio_demo.o
 .text.nRF24_CE_H
                0x00000000080007f4       0x18 Core/Src/radio_demo.o
 .text.Delay_ms
                0x000000000800080c       0x16 Core/Src/radio_demo.o
 *fill*         0x0000000008000822        0x2 
 .text.UART_SendChar
                0x0000000008000824       0x24 Core/Src/radio_demo.o
                0x0000000008000824                UART_SendChar
 .text.UART_SendStr
                0x0000000008000848       0x28 Core/Src/radio_demo.o
                0x0000000008000848                UART_SendStr
 .text.Toggle_LED
                0x0000000008000870       0x14 Core/Src/radio_demo.o
                0x0000000008000870                Toggle_LED
 .text.UART_SendBufHex
                0x0000000008000884       0x58 Core/Src/radio_demo.o
                0x0000000008000884                UART_SendBufHex
 .text.UART_SendInt
                0x00000000080008dc       0x94 Core/Src/radio_demo.o
                0x00000000080008dc                UART_SendInt
 .text.runRadio
                0x0000000008000970      0x120 Core/Src/radio_demo.o
                0x0000000008000970                runRadio
 .text.HAL_MspInit
                0x0000000008000a90       0x50 Core/Src/stm32f4xx_hal_msp.o
                0x0000000008000a90                HAL_MspInit
 .text.HAL_SPI_MspInit
                0x0000000008000ae0       0xd4 Core/Src/stm32f4xx_hal_msp.o
                0x0000000008000ae0                HAL_SPI_MspInit
 .text.HAL_UART_MspInit
                0x0000000008000bb4       0x90 Core/Src/stm32f4xx_hal_msp.o
                0x0000000008000bb4                HAL_UART_MspInit
 .text.NMI_Handler
                0x0000000008000c44        0xe Core/Src/stm32f4xx_it.o
                0x0000000008000c44                NMI_Handler
 .text.HardFault_Handler
                0x0000000008000c52        0x6 Core/Src/stm32f4xx_it.o
                0x0000000008000c52                HardFault_Handler
 .text.MemManage_Handler
                0x0000000008000c58        0x6 Core/Src/stm32f4xx_it.o
                0x0000000008000c58                MemManage_Handler
 .text.BusFault_Handler
                0x0000000008000c5e        0x6 Core/Src/stm32f4xx_it.o
                0x0000000008000c5e                BusFault_Handler
 .text.UsageFault_Handler
                0x0000000008000c64        0x6 Core/Src/stm32f4xx_it.o
                0x0000000008000c64                UsageFault_Handler
 .text.SVC_Handler
                0x0000000008000c6a        0xe Core/Src/stm32f4xx_it.o
                0x0000000008000c6a                SVC_Handler
 .text.DebugMon_Handler
                0x0000000008000c78        0xe Core/Src/stm32f4xx_it.o
                0x0000000008000c78                DebugMon_Handler
 .text.PendSV_Handler
                0x0000000008000c86        0xe Core/Src/stm32f4xx_it.o
                0x0000000008000c86                PendSV_Handler
 .text.SysTick_Handler
                0x0000000008000c94        0xc Core/Src/stm32f4xx_it.o
                0x0000000008000c94                SysTick_Handler
 .text.EXTI2_IRQHandler
                0x0000000008000ca0        0xe Core/Src/stm32f4xx_it.o
                0x0000000008000ca0                EXTI2_IRQHandler
 *fill*         0x0000000008000cae        0x2 
 .text.SystemInit
                0x0000000008000cb0       0x2c Core/Src/system_stm32f4xx.o
                0x0000000008000cb0                SystemInit
 .text.Reset_Handler
                0x0000000008000cdc       0x50 Core/Startup/startup_stm32f411retx.o
                0x0000000008000cdc                Reset_Handler
 .text.Default_Handler
                0x0000000008000d2c        0x2 Core/Startup/startup_stm32f411retx.o
                0x0000000008000d2c                RTC_Alarm_IRQHandler
                0x0000000008000d2c                SPI4_IRQHandler
                0x0000000008000d2c                TIM1_CC_IRQHandler
                0x0000000008000d2c                DMA2_Stream5_IRQHandler
                0x0000000008000d2c                DMA1_Stream5_IRQHandler
                0x0000000008000d2c                PVD_IRQHandler
                0x0000000008000d2c                SDIO_IRQHandler
                0x0000000008000d2c                TAMP_STAMP_IRQHandler
                0x0000000008000d2c                EXTI3_IRQHandler
                0x0000000008000d2c                TIM1_UP_TIM10_IRQHandler
                0x0000000008000d2c                I2C3_ER_IRQHandler
                0x0000000008000d2c                EXTI0_IRQHandler
                0x0000000008000d2c                I2C2_EV_IRQHandler
                0x0000000008000d2c                DMA1_Stream2_IRQHandler
                0x0000000008000d2c                FPU_IRQHandler
                0x0000000008000d2c                DMA2_Stream2_IRQHandler
                0x0000000008000d2c                SPI1_IRQHandler
                0x0000000008000d2c                TIM1_BRK_TIM9_IRQHandler
                0x0000000008000d2c                DMA2_Stream3_IRQHandler
                0x0000000008000d2c                USART6_IRQHandler
                0x0000000008000d2c                DMA2_Stream0_IRQHandler
                0x0000000008000d2c                TIM4_IRQHandler
                0x0000000008000d2c                I2C1_EV_IRQHandler
                0x0000000008000d2c                DMA1_Stream6_IRQHandler
                0x0000000008000d2c                DMA1_Stream1_IRQHandler
                0x0000000008000d2c                TIM3_IRQHandler
                0x0000000008000d2c                RCC_IRQHandler
                0x0000000008000d2c                Default_Handler
                0x0000000008000d2c                EXTI15_10_IRQHandler
                0x0000000008000d2c                ADC_IRQHandler
                0x0000000008000d2c                DMA1_Stream7_IRQHandler
                0x0000000008000d2c                SPI5_IRQHandler
                0x0000000008000d2c                TIM5_IRQHandler
                0x0000000008000d2c                DMA2_Stream7_IRQHandler
                0x0000000008000d2c                I2C3_EV_IRQHandler
                0x0000000008000d2c                EXTI9_5_IRQHandler
                0x0000000008000d2c                RTC_WKUP_IRQHandler
                0x0000000008000d2c                SPI2_IRQHandler
                0x0000000008000d2c                DMA1_Stream0_IRQHandler
                0x0000000008000d2c                EXTI4_IRQHandler
                0x0000000008000d2c                WWDG_IRQHandler
                0x0000000008000d2c                TIM2_IRQHandler
                0x0000000008000d2c                OTG_FS_WKUP_IRQHandler
                0x0000000008000d2c                TIM1_TRG_COM_TIM11_IRQHandler
                0x0000000008000d2c                EXTI1_IRQHandler
                0x0000000008000d2c                USART2_IRQHandler
                0x0000000008000d2c                I2C2_ER_IRQHandler
                0x0000000008000d2c                DMA2_Stream1_IRQHandler
                0x0000000008000d2c                FLASH_IRQHandler
                0x0000000008000d2c                DMA2_Stream4_IRQHandler
                0x0000000008000d2c                USART1_IRQHandler
                0x0000000008000d2c                OTG_FS_IRQHandler
                0x0000000008000d2c                SPI3_IRQHandler
                0x0000000008000d2c                DMA1_Stream4_IRQHandler
                0x0000000008000d2c                I2C1_ER_IRQHandler
                0x0000000008000d2c                DMA2_Stream6_IRQHandler
                0x0000000008000d2c                DMA1_Stream3_IRQHandler
 *fill*         0x0000000008000d2e        0x2 
 .text.nRF24_CSN_L
                0x0000000008000d30       0x18 Drivers/NRF24L01/nrf24.o
 .text.nRF24_CSN_H
                0x0000000008000d48       0x18 Drivers/NRF24L01/nrf24.o
 .text.nRF24_LL_RW
                0x0000000008000d60       0x38 Drivers/NRF24L01/nrf24.o
 .text.nRF24_ReadReg
                0x0000000008000d98       0x34 Drivers/NRF24L01/nrf24.o
 .text.nRF24_WriteReg
                0x0000000008000dcc       0x70 Drivers/NRF24L01/nrf24.o
 .text.nRF24_ReadMBReg
                0x0000000008000e3c       0x44 Drivers/NRF24L01/nrf24.o
 .text.nRF24_WriteMBReg
                0x0000000008000e80       0x42 Drivers/NRF24L01/nrf24.o
 .text.nRF24_Init
                0x0000000008000ec2       0x98 Drivers/NRF24L01/nrf24.o
                0x0000000008000ec2                nRF24_Init
 *fill*         0x0000000008000f5a        0x2 
 .text.nRF24_Check
                0x0000000008000f5c       0x5c Drivers/NRF24L01/nrf24.o
                0x0000000008000f5c                nRF24_Check
 .text.nRF24_SetPowerMode
                0x0000000008000fb8       0x3e Drivers/NRF24L01/nrf24.o
                0x0000000008000fb8                nRF24_SetPowerMode
 .text.nRF24_SetOperationalMode
                0x0000000008000ff6       0x42 Drivers/NRF24L01/nrf24.o
                0x0000000008000ff6                nRF24_SetOperationalMode
 .text.nRF24_SetDynamicPayloadLength
                0x0000000008001038       0x54 Drivers/NRF24L01/nrf24.o
                0x0000000008001038                nRF24_SetDynamicPayloadLength
 .text.nRF24_SetPayloadWithAck
                0x000000000800108c       0x44 Drivers/NRF24L01/nrf24.o
                0x000000000800108c                nRF24_SetPayloadWithAck
 .text.nRF24_SetCRCScheme
                0x00000000080010d0       0x42 Drivers/NRF24L01/nrf24.o
                0x00000000080010d0                nRF24_SetCRCScheme
 .text.nRF24_SetRFChannel
                0x0000000008001112       0x1c Drivers/NRF24L01/nrf24.o
                0x0000000008001112                nRF24_SetRFChannel
 .text.nRF24_SetAddrWidth
                0x000000000800112e       0x20 Drivers/NRF24L01/nrf24.o
                0x000000000800112e                nRF24_SetAddrWidth
 *fill*         0x000000000800114e        0x2 
 .text.nRF24_SetAddr
                0x0000000008001150       0xa0 Drivers/NRF24L01/nrf24.o
                0x0000000008001150                nRF24_SetAddr
 .text.nRF24_SetTXPower
                0x00000000080011f0       0x36 Drivers/NRF24L01/nrf24.o
                0x00000000080011f0                nRF24_SetTXPower
 .text.nRF24_SetDataRate
                0x0000000008001226       0x36 Drivers/NRF24L01/nrf24.o
                0x0000000008001226                nRF24_SetDataRate
 .text.nRF24_SetRXPipe
                0x000000000800125c       0xa8 Drivers/NRF24L01/nrf24.o
                0x000000000800125c                nRF24_SetRXPipe
 .text.nRF24_GetStatus_RXFIFO
                0x0000000008001304       0x16 Drivers/NRF24L01/nrf24.o
                0x0000000008001304                nRF24_GetStatus_RXFIFO
 .text.nRF24_FlushTX
                0x000000000800131a       0x10 Drivers/NRF24L01/nrf24.o
                0x000000000800131a                nRF24_FlushTX
 .text.nRF24_FlushRX
                0x000000000800132a       0x10 Drivers/NRF24L01/nrf24.o
                0x000000000800132a                nRF24_FlushRX
 .text.nRF24_ClearIRQFlags
                0x000000000800133a       0x2a Drivers/NRF24L01/nrf24.o
                0x000000000800133a                nRF24_ClearIRQFlags
 .text.nRF24_GetRxDplPayloadWidth
                0x0000000008001364       0x28 Drivers/NRF24L01/nrf24.o
 .text.nRF24_ReadPayloadGeneric
                0x000000000800138c       0x90 Drivers/NRF24L01/nrf24.o
 .text.nRF24_ReadPayloadDpl
                0x000000000800141c       0x1e Drivers/NRF24L01/nrf24.o
                0x000000000800141c                nRF24_ReadPayloadDpl
 .text.nRF24_WriteAckPayload
                0x000000000800143a       0x48 Drivers/NRF24L01/nrf24.o
                0x000000000800143a                nRF24_WriteAckPayload
 *fill*         0x0000000008001482        0x2 
 .text.HAL_Init
                0x0000000008001484       0x44 Drivers/STM32F4xx_HAL_Driver/Src/stm32f4xx_hal.o
                0x0000000008001484                HAL_Init
 .text.HAL_InitTick
                0x00000000080014c8       0x60 Drivers/STM32F4xx_HAL_Driver/Src/stm32f4xx_hal.o
                0x00000000080014c8                HAL_InitTick
 .text.HAL_IncTick
                0x0000000008001528       0x28 Drivers/STM32F4xx_HAL_Driver/Src/stm32f4xx_hal.o
                0x0000000008001528                HAL_IncTick
 .text.HAL_GetTick
                0x0000000008001550       0x18 Drivers/STM32F4xx_HAL_Driver/Src/stm32f4xx_hal.o
                0x0000000008001550                HAL_GetTick
 .text.HAL_Delay
                0x0000000008001568       0x44 Drivers/STM32F4xx_HAL_Driver/Src/stm32f4xx_hal.o
                0x0000000008001568                HAL_Delay
 .text.__NVIC_SetPriorityGrouping
                0x00000000080015ac       0x48 Drivers/STM32F4xx_HAL_Driver/Src/stm32f4xx_hal_cortex.o
 .text.__NVIC_GetPriorityGrouping
                0x00000000080015f4       0x1c Drivers/STM32F4xx_HAL_Driver/Src/stm32f4xx_hal_cortex.o
 .text.__NVIC_EnableIRQ
                0x0000000008001610       0x3c Drivers/STM32F4xx_HAL_Driver/Src/stm32f4xx_hal_cortex.o
 .text.__NVIC_SetPriority
                0x000000000800164c       0x54 Drivers/STM32F4xx_HAL_Driver/Src/stm32f4xx_hal_cortex.o
 .text.NVIC_EncodePriority
                0x00000000080016a0       0x66 Drivers/STM32F4xx_HAL_Driver/Src/stm32f4xx_hal_cortex.o
 *fill*         0x0000000008001706        0x2 
 .text.SysTick_Config
                0x0000000008001708       0x44 Drivers/STM32F4xx_HAL_Driver/Src/stm32f4xx_hal_cortex.o
 .text.HAL_NVIC_SetPriorityGrouping
                0x000000000800174c       0x16 Drivers/STM32F4xx_HAL_Driver/Src/stm32f4xx_hal_cortex.o
                0x000000000800174c                HAL_NVIC_SetPriorityGrouping
 .text.HAL_NVIC_SetPriority
                0x0000000008001762       0x38 Drivers/STM32F4xx_HAL_Driver/Src/stm32f4xx_hal_cortex.o
                0x0000000008001762                HAL_NVIC_SetPriority
 .text.HAL_NVIC_EnableIRQ
                0x000000000800179a       0x1c Drivers/STM32F4xx_HAL_Driver/Src/stm32f4xx_hal_cortex.o
                0x000000000800179a                HAL_NVIC_EnableIRQ
 .text.HAL_SYSTICK_Config
                0x00000000080017b6       0x18 Drivers/STM32F4xx_HAL_Driver/Src/stm32f4xx_hal_cortex.o
                0x00000000080017b6                HAL_SYSTICK_Config
 *fill*         0x00000000080017ce        0x2 
 .text.HAL_GPIO_Init
                0x00000000080017d0      0x304 Drivers/STM32F4xx_HAL_Driver/Src/stm32f4xx_hal_gpio.o
                0x00000000080017d0                HAL_GPIO_Init
 .text.HAL_GPIO_WritePin
                0x0000000008001ad4       0x32 Drivers/STM32F4xx_HAL_Driver/Src/stm32f4xx_hal_gpio.o
                0x0000000008001ad4                HAL_GPIO_WritePin
 .text.HAL_GPIO_TogglePin
                0x0000000008001b06       0x36 Drivers/STM32F4xx_HAL_Driver/Src/stm32f4xx_hal_gpio.o
                0x0000000008001b06                HAL_GPIO_TogglePin
 .text.HAL_GPIO_EXTI_IRQHandler
                0x0000000008001b3c       0x30 Drivers/STM32F4xx_HAL_Driver/Src/stm32f4xx_hal_gpio.o
                0x0000000008001b3c                HAL_GPIO_EXTI_IRQHandler
 .text.HAL_GPIO_EXTI_Callback
                0x0000000008001b6c       0x16 Drivers/STM32F4xx_HAL_Driver/Src/stm32f4xx_hal_gpio.o
                0x0000000008001b6c                HAL_GPIO_EXTI_Callback
 *fill*         0x0000000008001b82        0x2 
 .text.HAL_RCC_OscConfig
                0x0000000008001b84      0x4e0 Drivers/STM32F4xx_HAL_Driver/Src/stm32f4xx_hal_rcc.o
                0x0000000008001b84                HAL_RCC_OscConfig
 .text.HAL_RCC_ClockConfig
                0x0000000008002064      0x1cc Drivers/STM32F4xx_HAL_Driver/Src/stm32f4xx_hal_rcc.o
                0x0000000008002064                HAL_RCC_ClockConfig
 .text.HAL_RCC_GetSysClockFreq
                0x0000000008002230      0x1b0 Drivers/STM32F4xx_HAL_Driver/Src/stm32f4xx_hal_rcc.o
                0x0000000008002230                HAL_RCC_GetSysClockFreq
 .text.HAL_RCC_GetHCLKFreq
                0x00000000080023e0       0x18 Drivers/STM32F4xx_HAL_Driver/Src/stm32f4xx_hal_rcc.o
                0x00000000080023e0                HAL_RCC_GetHCLKFreq
 .text.HAL_RCC_GetPCLK1Freq
                0x00000000080023f8       0x28 Drivers/STM32F4xx_HAL_Driver/Src/stm32f4xx_hal_rcc.o
                0x00000000080023f8                HAL_RCC_GetPCLK1Freq
 .text.HAL_RCC_GetPCLK2Freq
                0x0000000008002420       0x28 Drivers/STM32F4xx_HAL_Driver/Src/stm32f4xx_hal_rcc.o
                0x0000000008002420                HAL_RCC_GetPCLK2Freq
 .text.HAL_SPI_Init
                0x0000000008002448       0xc8 Drivers/STM32F4xx_HAL_Driver/Src/stm32f4xx_hal_spi.o
                0x0000000008002448                HAL_SPI_Init
 .text.HAL_SPI_TransmitReceive
                0x0000000008002510      0x344 Drivers/STM32F4xx_HAL_Driver/Src/stm32f4xx_hal_spi.o
                0x0000000008002510                HAL_SPI_TransmitReceive
 .text.SPI_WaitFlagStateUntilTimeout
                0x0000000008002854       0xd4 Drivers/STM32F4xx_HAL_Driver/Src/stm32f4xx_hal_spi.o
 .text.SPI_EndRxTxTransaction
                0x0000000008002928       0x84 Drivers/STM32F4xx_HAL_Driver/Src/stm32f4xx_hal_spi.o
 .text.HAL_UART_Init
                0x00000000080029ac       0x9a Drivers/STM32F4xx_HAL_Driver/Src/stm32f4xx_hal_uart.o
                0x00000000080029ac                HAL_UART_Init
 .text.HAL_UART_Transmit
                0x0000000008002a46      0x132 Drivers/STM32F4xx_HAL_Driver/Src/stm32f4xx_hal_uart.o
                0x0000000008002a46                HAL_UART_Transmit
 .text.UART_WaitOnFlagUntilTimeout
                0x0000000008002b78       0x94 Drivers/STM32F4xx_HAL_Driver/Src/stm32f4xx_hal_uart.o
 .text.UART_SetConfig
                0x0000000008002c0c      0x6f8 Drivers/STM32F4xx_HAL_Driver/Src/stm32f4xx_hal_uart.o
 .text.__libc_init_array
                0x0000000008003304       0x48 c:/st/stm32cubeide_1.0.2/stm32cubeide/plugins/com.st.stm32cube.ide.mcu.externaltools.gnu-tools-for-stm32.7-2018-q2-update.win32_1.4.0.202007081208/tools/bin/../lib/gcc/arm-none-eabi/7.3.1/../../../../arm-none-eabi/lib/thumb/v7e-m/fpv4-sp/hard\libc_nano.a(lib_a-init.o)
                0x0000000008003304                __libc_init_array
 .text.memset   0x000000000800334c       0x10 c:/st/stm32cubeide_1.0.2/stm32cubeide/plugins/com.st.stm32cube.ide.mcu.externaltools.gnu-tools-for-stm32.7-2018-q2-update.win32_1.4.0.202007081208/tools/bin/../lib/gcc/arm-none-eabi/7.3.1/../../../../arm-none-eabi/lib/thumb/v7e-m/fpv4-sp/hard\libc_nano.a(lib_a-memset.o)
                0x000000000800334c                memset
 *(.glue_7)
 .glue_7        0x000000000800335c        0x0 linker stubs
 *(.glue_7t)
 .glue_7t       0x000000000800335c        0x0 linker stubs
 *(.eh_frame)
 .eh_frame      0x000000000800335c        0x0 c:/st/stm32cubeide_1.0.2/stm32cubeide/plugins/com.st.stm32cube.ide.mcu.externaltools.gnu-tools-for-stm32.7-2018-q2-update.win32_1.4.0.202007081208/tools/bin/../lib/gcc/arm-none-eabi/7.3.1/thumb/v7e-m/fpv4-sp/hard/crtbegin.o
 *(.init)
 .init          0x000000000800335c        0x4 c:/st/stm32cubeide_1.0.2/stm32cubeide/plugins/com.st.stm32cube.ide.mcu.externaltools.gnu-tools-for-stm32.7-2018-q2-update.win32_1.4.0.202007081208/tools/bin/../lib/gcc/arm-none-eabi/7.3.1/thumb/v7e-m/fpv4-sp/hard/crti.o
                0x000000000800335c                _init
 .init          0x0000000008003360        0x8 c:/st/stm32cubeide_1.0.2/stm32cubeide/plugins/com.st.stm32cube.ide.mcu.externaltools.gnu-tools-for-stm32.7-2018-q2-update.win32_1.4.0.202007081208/tools/bin/../lib/gcc/arm-none-eabi/7.3.1/thumb/v7e-m/fpv4-sp/hard/crtn.o
 *(.fini)
 .fini          0x0000000008003368        0x4 c:/st/stm32cubeide_1.0.2/stm32cubeide/plugins/com.st.stm32cube.ide.mcu.externaltools.gnu-tools-for-stm32.7-2018-q2-update.win32_1.4.0.202007081208/tools/bin/../lib/gcc/arm-none-eabi/7.3.1/thumb/v7e-m/fpv4-sp/hard/crti.o
                0x0000000008003368                _fini
 .fini          0x000000000800336c        0x8 c:/st/stm32cubeide_1.0.2/stm32cubeide/plugins/com.st.stm32cube.ide.mcu.externaltools.gnu-tools-for-stm32.7-2018-q2-update.win32_1.4.0.202007081208/tools/bin/../lib/gcc/arm-none-eabi/7.3.1/thumb/v7e-m/fpv4-sp/hard/crtn.o
                0x0000000008003374                . = ALIGN (0x4)
                0x0000000008003374                _etext = .

.vfp11_veneer   0x0000000008003374        0x0
 .vfp11_veneer  0x0000000008003374        0x0 linker stubs

.v4_bx          0x0000000008003374        0x0
 .v4_bx         0x0000000008003374        0x0 linker stubs

.iplt           0x0000000008003374        0x0
 .iplt          0x0000000008003374        0x0 c:/st/stm32cubeide_1.0.2/stm32cubeide/plugins/com.st.stm32cube.ide.mcu.externaltools.gnu-tools-for-stm32.7-2018-q2-update.win32_1.4.0.202007081208/tools/bin/../lib/gcc/arm-none-eabi/7.3.1/thumb/v7e-m/fpv4-sp/hard/crtbegin.o

.rodata         0x0000000008003374       0xb8
                0x0000000008003374                . = ALIGN (0x4)
 *(.rodata)
 .rodata        0x0000000008003374       0x84 Core/Src/radio_demo.o
 .rodata        0x00000000080033f8        0x6 Drivers/NRF24L01/nrf24.o
 *(.rodata*)
 *fill*         0x00000000080033fe        0x2 
 .rodata.nRF24_ADDR.8064
                0x0000000008003400        0x3 Core/Src/radio_demo.o
 *fill*         0x0000000008003403        0x1 
 .rodata.AHBPrescTable
                0x0000000008003404       0x10 Core/Src/system_stm32f4xx.o
                0x0000000008003404                AHBPrescTable
 .rodata.APBPrescTable
                0x0000000008003414        0x8 Core/Src/system_stm32f4xx.o
                0x0000000008003414                APBPrescTable
 .rodata.nRF24_RX_PW_PIPE
                0x000000000800341c        0x6 Drivers/NRF24L01/nrf24.o
 *fill*         0x0000000008003422        0x2 
 .rodata.nRF24_ADDR_REGS
                0x0000000008003424        0x7 Drivers/NRF24L01/nrf24.o
                0x000000000800342c                . = ALIGN (0x4)
 *fill*         0x000000000800342b        0x1 

.ARM.extab      0x000000000800342c        0x0
                0x000000000800342c                . = ALIGN (0x4)
 *(.ARM.extab* .gnu.linkonce.armextab.*)
                0x000000000800342c                . = ALIGN (0x4)

.ARM            0x000000000800342c        0x8
                0x000000000800342c                . = ALIGN (0x4)
                0x000000000800342c                __exidx_start = .
 *(.ARM.exidx*)
 .ARM.exidx     0x000000000800342c        0x8 c:/st/stm32cubeide_1.0.2/stm32cubeide/plugins/com.st.stm32cube.ide.mcu.externaltools.gnu-tools-for-stm32.7-2018-q2-update.win32_1.4.0.202007081208/tools/bin/../lib/gcc/arm-none-eabi/7.3.1/thumb/v7e-m/fpv4-sp/hard\libgcc.a(_udivmoddi4.o)
                0x0000000008003434                __exidx_end = .
                0x0000000008003434                . = ALIGN (0x4)

.rel.dyn        0x0000000008003434        0x0
 .rel.iplt      0x0000000008003434        0x0 c:/st/stm32cubeide_1.0.2/stm32cubeide/plugins/com.st.stm32cube.ide.mcu.externaltools.gnu-tools-for-stm32.7-2018-q2-update.win32_1.4.0.202007081208/tools/bin/../lib/gcc/arm-none-eabi/7.3.1/thumb/v7e-m/fpv4-sp/hard/crtbegin.o

.preinit_array  0x0000000008003434        0x0
                0x0000000008003434                . = ALIGN (0x4)
                0x0000000008003434                PROVIDE (__preinit_array_start = .)
 *(.preinit_array*)
                0x0000000008003434                PROVIDE (__preinit_array_end = .)
                0x0000000008003434                . = ALIGN (0x4)

.init_array     0x0000000008003434        0x4
                0x0000000008003434                . = ALIGN (0x4)
                0x0000000008003434                PROVIDE (__init_array_start = .)
 *(SORT_BY_NAME(.init_array.*))
 *(.init_array*)
 .init_array    0x0000000008003434        0x4 c:/st/stm32cubeide_1.0.2/stm32cubeide/plugins/com.st.stm32cube.ide.mcu.externaltools.gnu-tools-for-stm32.7-2018-q2-update.win32_1.4.0.202007081208/tools/bin/../lib/gcc/arm-none-eabi/7.3.1/thumb/v7e-m/fpv4-sp/hard/crtbegin.o
                0x0000000008003438                PROVIDE (__init_array_end = .)
                0x0000000008003438                . = ALIGN (0x4)

.fini_array     0x0000000008003438        0x4
                0x0000000008003438                . = ALIGN (0x4)
                [!provide]                        PROVIDE (__fini_array_start = .)
 *(SORT_BY_NAME(.fini_array.*))
 *(.fini_array*)
 .fini_array    0x0000000008003438        0x4 c:/st/stm32cubeide_1.0.2/stm32cubeide/plugins/com.st.stm32cube.ide.mcu.externaltools.gnu-tools-for-stm32.7-2018-q2-update.win32_1.4.0.202007081208/tools/bin/../lib/gcc/arm-none-eabi/7.3.1/thumb/v7e-m/fpv4-sp/hard/crtbegin.o
                [!provide]                        PROVIDE (__fini_array_end = .)
                0x000000000800343c                . = ALIGN (0x4)
                0x000000000800343c                _sidata = LOADADDR (.data)

.data           0x0000000020000000        0xc load address 0x000000000800343c
                0x0000000020000000                . = ALIGN (0x4)
                0x0000000020000000                _sdata = .
 *(.data)
 *(.data*)
 .data.SystemCoreClock
                0x0000000020000000        0x4 Core/Src/system_stm32f4xx.o
                0x0000000020000000                SystemCoreClock
 .data.uwTickPrio
                0x0000000020000004        0x4 Drivers/STM32F4xx_HAL_Driver/Src/stm32f4xx_hal.o
                0x0000000020000004                uwTickPrio
 .data.uwTickFreq
                0x0000000020000008        0x1 Drivers/STM32F4xx_HAL_Driver/Src/stm32f4xx_hal.o
                0x0000000020000008                uwTickFreq
                0x000000002000000c                . = ALIGN (0x4)
 *fill*         0x0000000020000009        0x3 
                0x000000002000000c                _edata = .

.igot.plt       0x000000002000000c        0x0 load address 0x0000000008003448
 .igot.plt      0x000000002000000c        0x0 c:/st/stm32cubeide_1.0.2/stm32cubeide/plugins/com.st.stm32cube.ide.mcu.externaltools.gnu-tools-for-stm32.7-2018-q2-update.win32_1.4.0.202007081208/tools/bin/../lib/gcc/arm-none-eabi/7.3.1/thumb/v7e-m/fpv4-sp/hard/crtbegin.o
                0x000000002000000c                . = ALIGN (0x4)

.bss            0x000000002000000c       0xec load address 0x0000000008003448
                0x000000002000000c                _sbss = .
                0x000000002000000c                __bss_start__ = _sbss
 *(.bss)
 .bss           0x000000002000000c       0x1c c:/st/stm32cubeide_1.0.2/stm32cubeide/plugins/com.st.stm32cube.ide.mcu.externaltools.gnu-tools-for-stm32.7-2018-q2-update.win32_1.4.0.202007081208/tools/bin/../lib/gcc/arm-none-eabi/7.3.1/thumb/v7e-m/fpv4-sp/hard/crtbegin.o
 *(.bss*)
 *(COMMON)
 COMMON         0x0000000020000028       0x98 Core/Src/main.o
                0x0000000020000028                hspi3
                0x0000000020000080                huart2
 COMMON         0x00000000200000c0       0x34 Core/Src/radio_demo.o
                0x00000000200000c0                payload_length
                0x00000000200000c4                j
                0x00000000200000c8                k
                0x00000000200000cc                pipe
                0x00000000200000d0                i
                0x00000000200000d4                nRF24_payload
 COMMON         0x00000000200000f4        0x4 Drivers/STM32F4xx_HAL_Driver/Src/stm32f4xx_hal.o
                0x00000000200000f4                uwTick
                0x00000000200000f8                . = ALIGN (0x4)
                0x00000000200000f8                _ebss = .
                0x00000000200000f8                __bss_end__ = _ebss

._user_heap_stack
                0x00000000200000f8      0x600 load address 0x0000000008003448
                0x00000000200000f8                . = ALIGN (0x8)
                [!provide]                        PROVIDE (end = .)
                0x00000000200000f8                PROVIDE (_end = .)
                0x00000000200002f8                . = (. + _Min_Heap_Size)
 *fill*         0x00000000200000f8      0x200 
                0x00000000200006f8                . = (. + _Min_Stack_Size)
 *fill*         0x00000000200002f8      0x400 
                0x00000000200006f8                . = ALIGN (0x8)

/DISCARD/
 libc.a(*)
 libm.a(*)
 libgcc.a(*)

.ARM.attributes
                0x0000000000000000       0x30
 *(.ARM.attributes)
 .ARM.attributes
                0x0000000000000000       0x22 c:/st/stm32cubeide_1.0.2/stm32cubeide/plugins/com.st.stm32cube.ide.mcu.externaltools.gnu-tools-for-stm32.7-2018-q2-update.win32_1.4.0.202007081208/tools/bin/../lib/gcc/arm-none-eabi/7.3.1/thumb/v7e-m/fpv4-sp/hard/crti.o
 .ARM.attributes
                0x0000000000000022       0x34 c:/st/stm32cubeide_1.0.2/stm32cubeide/plugins/com.st.stm32cube.ide.mcu.externaltools.gnu-tools-for-stm32.7-2018-q2-update.win32_1.4.0.202007081208/tools/bin/../lib/gcc/arm-none-eabi/7.3.1/thumb/v7e-m/fpv4-sp/hard/crtbegin.o
 .ARM.attributes
                0x0000000000000056       0x39 Core/Src/main.o
 .ARM.attributes
                0x000000000000008f       0x39 Core/Src/radio_demo.o
 .ARM.attributes
                0x00000000000000c8       0x39 Core/Src/stm32f4xx_hal_msp.o
 .ARM.attributes
                0x0000000000000101       0x39 Core/Src/stm32f4xx_it.o
 .ARM.attributes
                0x000000000000013a       0x39 Core/Src/system_stm32f4xx.o
 .ARM.attributes
                0x0000000000000173       0x21 Core/Startup/startup_stm32f411retx.o
 .ARM.attributes
                0x0000000000000194       0x39 Drivers/NRF24L01/nrf24.o
 .ARM.attributes
                0x00000000000001cd       0x39 Drivers/STM32F4xx_HAL_Driver/Src/stm32f4xx_hal.o
 .ARM.attributes
                0x0000000000000206       0x39 Drivers/STM32F4xx_HAL_Driver/Src/stm32f4xx_hal_cortex.o
 .ARM.attributes
                0x000000000000023f       0x39 Drivers/STM32F4xx_HAL_Driver/Src/stm32f4xx_hal_gpio.o
 .ARM.attributes
                0x0000000000000278       0x39 Drivers/STM32F4xx_HAL_Driver/Src/stm32f4xx_hal_rcc.o
 .ARM.attributes
                0x00000000000002b1       0x39 Drivers/STM32F4xx_HAL_Driver/Src/stm32f4xx_hal_spi.o
 .ARM.attributes
                0x00000000000002ea       0x39 Drivers/STM32F4xx_HAL_Driver/Src/stm32f4xx_hal_uart.o
 .ARM.attributes
                0x0000000000000323       0x34 c:/st/stm32cubeide_1.0.2/stm32cubeide/plugins/com.st.stm32cube.ide.mcu.externaltools.gnu-tools-for-stm32.7-2018-q2-update.win32_1.4.0.202007081208/tools/bin/../lib/gcc/arm-none-eabi/7.3.1/../../../../arm-none-eabi/lib/thumb/v7e-m/fpv4-sp/hard\libc_nano.a(lib_a-init.o)
 .ARM.attributes
                0x0000000000000357       0x34 c:/st/stm32cubeide_1.0.2/stm32cubeide/plugins/com.st.stm32cube.ide.mcu.externaltools.gnu-tools-for-stm32.7-2018-q2-update.win32_1.4.0.202007081208/tools/bin/../lib/gcc/arm-none-eabi/7.3.1/../../../../arm-none-eabi/lib/thumb/v7e-m/fpv4-sp/hard\libc_nano.a(lib_a-memset.o)
 .ARM.attributes
                0x000000000000038b       0x1b c:/st/stm32cubeide_1.0.2/stm32cubeide/plugins/com.st.stm32cube.ide.mcu.externaltools.gnu-tools-for-stm32.7-2018-q2-update.win32_1.4.0.202007081208/tools/bin/../lib/gcc/arm-none-eabi/7.3.1/../../../../arm-none-eabi/lib/thumb/v7e-m/fpv4-sp/hard\libc_nano.a(lib_a-strlen.o)
 .ARM.attributes
                0x00000000000003a6       0x22 c:/st/stm32cubeide_1.0.2/stm32cubeide/plugins/com.st.stm32cube.ide.mcu.externaltools.gnu-tools-for-stm32.7-2018-q2-update.win32_1.4.0.202007081208/tools/bin/../lib/gcc/arm-none-eabi/7.3.1/thumb/v7e-m/fpv4-sp/hard\libgcc.a(_aeabi_uldivmod.o)
 .ARM.attributes
                0x00000000000003c8       0x34 c:/st/stm32cubeide_1.0.2/stm32cubeide/plugins/com.st.stm32cube.ide.mcu.externaltools.gnu-tools-for-stm32.7-2018-q2-update.win32_1.4.0.202007081208/tools/bin/../lib/gcc/arm-none-eabi/7.3.1/thumb/v7e-m/fpv4-sp/hard\libgcc.a(_udivmoddi4.o)
 .ARM.attributes
                0x00000000000003fc       0x22 c:/st/stm32cubeide_1.0.2/stm32cubeide/plugins/com.st.stm32cube.ide.mcu.externaltools.gnu-tools-for-stm32.7-2018-q2-update.win32_1.4.0.202007081208/tools/bin/../lib/gcc/arm-none-eabi/7.3.1/thumb/v7e-m/fpv4-sp/hard\libgcc.a(_dvmd_tls.o)
 .ARM.attributes
                0x000000000000041e       0x22 c:/st/stm32cubeide_1.0.2/stm32cubeide/plugins/com.st.stm32cube.ide.mcu.externaltools.gnu-tools-for-stm32.7-2018-q2-update.win32_1.4.0.202007081208/tools/bin/../lib/gcc/arm-none-eabi/7.3.1/thumb/v7e-m/fpv4-sp/hard/crtn.o
OUTPUT(Nucleo_F411RE_NRF24L01_Receiver_v1.elf elf32-littlearm)

.debug_info     0x0000000000000000     0x97aa
 .debug_info    0x0000000000000000      0xf60 Core/Src/main.o
 .debug_info    0x0000000000000f60     0x14c5 Core/Src/radio_demo.o
 .debug_info    0x0000000000002425      0xc67 Core/Src/stm32f4xx_hal_msp.o
 .debug_info    0x000000000000308c      0x231 Core/Src/stm32f4xx_it.o
 .debug_info    0x00000000000032bd      0x57e Core/Src/system_stm32f4xx.o
 .debug_info    0x000000000000383b       0x22 Core/Startup/startup_stm32f411retx.o
 .debug_info    0x000000000000385d      0xf69 Drivers/NRF24L01/nrf24.o
 .debug_info    0x00000000000047c6      0x8d5 Drivers/STM32F4xx_HAL_Driver/Src/stm32f4xx_hal.o
 .debug_info    0x000000000000509b      0xd98 Drivers/STM32F4xx_HAL_Driver/Src/stm32f4xx_hal_cortex.o
 .debug_info    0x0000000000005e33      0x7d7 Drivers/STM32F4xx_HAL_Driver/Src/stm32f4xx_hal_gpio.o
 .debug_info    0x000000000000660a      0x92a Drivers/STM32F4xx_HAL_Driver/Src/stm32f4xx_hal_rcc.o
 .debug_info    0x0000000000006f34     0x1632 Drivers/STM32F4xx_HAL_Driver/Src/stm32f4xx_hal_spi.o
 .debug_info    0x0000000000008566     0x1244 Drivers/STM32F4xx_HAL_Driver/Src/stm32f4xx_hal_uart.o

.debug_abbrev   0x0000000000000000     0x1836
 .debug_abbrev  0x0000000000000000      0x1df Core/Src/main.o
 .debug_abbrev  0x00000000000001df      0x26f Core/Src/radio_demo.o
 .debug_abbrev  0x000000000000044e      0x18c Core/Src/stm32f4xx_hal_msp.o
 .debug_abbrev  0x00000000000005da       0xc6 Core/Src/stm32f4xx_it.o
 .debug_abbrev  0x00000000000006a0      0x12b Core/Src/system_stm32f4xx.o
 .debug_abbrev  0x00000000000007cb       0x12 Core/Startup/startup_stm32f411retx.o
 .debug_abbrev  0x00000000000007dd      0x2ce Drivers/NRF24L01/nrf24.o
 .debug_abbrev  0x0000000000000aab      0x1f2 Drivers/STM32F4xx_HAL_Driver/Src/stm32f4xx_hal.o
 .debug_abbrev  0x0000000000000c9d      0x2fa Drivers/STM32F4xx_HAL_Driver/Src/stm32f4xx_hal_cortex.o
 .debug_abbrev  0x0000000000000f97      0x1c9 Drivers/STM32F4xx_HAL_Driver/Src/stm32f4xx_hal_gpio.o
 .debug_abbrev  0x0000000000001160      0x245 Drivers/STM32F4xx_HAL_Driver/Src/stm32f4xx_hal_rcc.o
 .debug_abbrev  0x00000000000013a5      0x240 Drivers/STM32F4xx_HAL_Driver/Src/stm32f4xx_hal_spi.o
 .debug_abbrev  0x00000000000015e5      0x251 Drivers/STM32F4xx_HAL_Driver/Src/stm32f4xx_hal_uart.o

.debug_aranges  0x0000000000000000      0x998
 .debug_aranges
                0x0000000000000000       0x48 Core/Src/main.o
 .debug_aranges
                0x0000000000000048       0x68 Core/Src/radio_demo.o
 .debug_aranges
                0x00000000000000b0       0x40 Core/Src/stm32f4xx_hal_msp.o
 .debug_aranges
                0x00000000000000f0       0x68 Core/Src/stm32f4xx_it.o
 .debug_aranges
                0x0000000000000158       0x28 Core/Src/system_stm32f4xx.o
 .debug_aranges
                0x0000000000000180       0x28 Core/Startup/startup_stm32f411retx.o
 .debug_aranges
                0x00000000000001a8      0x168 Drivers/NRF24L01/nrf24.o
 .debug_aranges
                0x0000000000000310       0xf0 Drivers/STM32F4xx_HAL_Driver/Src/stm32f4xx_hal.o
 .debug_aranges
                0x0000000000000400      0x118 Drivers/STM32F4xx_HAL_Driver/Src/stm32f4xx_hal_cortex.o
 .debug_aranges
                0x0000000000000518       0x58 Drivers/STM32F4xx_HAL_Driver/Src/stm32f4xx_hal_gpio.o
 .debug_aranges
                0x0000000000000570       0x88 Drivers/STM32F4xx_HAL_Driver/Src/stm32f4xx_hal_rcc.o
 .debug_aranges
                0x00000000000005f8      0x1d0 Drivers/STM32F4xx_HAL_Driver/Src/stm32f4xx_hal_spi.o
 .debug_aranges
                0x00000000000007c8      0x1d0 Drivers/STM32F4xx_HAL_Driver/Src/stm32f4xx_hal_uart.o

.debug_ranges   0x0000000000000000      0x8d0
 .debug_ranges  0x0000000000000000       0x38 Core/Src/main.o
 .debug_ranges  0x0000000000000038       0x58 Core/Src/radio_demo.o
 .debug_ranges  0x0000000000000090       0x30 Core/Src/stm32f4xx_hal_msp.o
 .debug_ranges  0x00000000000000c0       0x58 Core/Src/stm32f4xx_it.o
 .debug_ranges  0x0000000000000118       0x18 Core/Src/system_stm32f4xx.o
 .debug_ranges  0x0000000000000130       0x20 Core/Startup/startup_stm32f411retx.o
 .debug_ranges  0x0000000000000150      0x158 Drivers/NRF24L01/nrf24.o
 .debug_ranges  0x00000000000002a8       0xe0 Drivers/STM32F4xx_HAL_Driver/Src/stm32f4xx_hal.o
 .debug_ranges  0x0000000000000388      0x108 Drivers/STM32F4xx_HAL_Driver/Src/stm32f4xx_hal_cortex.o
 .debug_ranges  0x0000000000000490       0x48 Drivers/STM32F4xx_HAL_Driver/Src/stm32f4xx_hal_gpio.o
 .debug_ranges  0x00000000000004d8       0x78 Drivers/STM32F4xx_HAL_Driver/Src/stm32f4xx_hal_rcc.o
 .debug_ranges  0x0000000000000550      0x1c0 Drivers/STM32F4xx_HAL_Driver/Src/stm32f4xx_hal_spi.o
 .debug_ranges  0x0000000000000710      0x1c0 Drivers/STM32F4xx_HAL_Driver/Src/stm32f4xx_hal_uart.o

.debug_macro    0x0000000000000000    0x15c60
 .debug_macro   0x0000000000000000      0x1d3 Core/Src/main.o
 .debug_macro   0x00000000000001d3      0xa5a Core/Src/main.o
 .debug_macro   0x0000000000000c2d      0x294 Core/Src/main.o
 .debug_macro   0x0000000000000ec1       0x2e Core/Src/main.o
 .debug_macro   0x0000000000000eef       0x28 Core/Src/main.o
 .debug_macro   0x0000000000000f17       0x22 Core/Src/main.o
 .debug_macro   0x0000000000000f39       0x8e Core/Src/main.o
 .debug_macro   0x0000000000000fc7       0x51 Core/Src/main.o
 .debug_macro   0x0000000000001018       0xef Core/Src/main.o
 .debug_macro   0x0000000000001107       0x6a Core/Src/main.o
 .debug_macro   0x0000000000001171      0x1df Core/Src/main.o
 .debug_macro   0x0000000000001350       0x1c Core/Src/main.o
 .debug_macro   0x000000000000136c       0x22 Core/Src/main.o
 .debug_macro   0x000000000000138e       0xdf Core/Src/main.o
 .debug_macro   0x000000000000146d     0x102d Core/Src/main.o
 .debug_macro   0x000000000000249a      0x11f Core/Src/main.o
 .debug_macro   0x00000000000025b9     0xb937 Core/Src/main.o
 .debug_macro   0x000000000000def0       0x43 Core/Src/main.o
 .debug_macro   0x000000000000df33     0x3659 Core/Src/main.o
 .debug_macro   0x000000000001158c      0x174 Core/Src/main.o
 .debug_macro   0x0000000000011700       0x5a Core/Src/main.o
 .debug_macro   0x000000000001175a      0x447 Core/Src/main.o
 .debug_macro   0x0000000000011ba1      0x9fe Core/Src/main.o
 .debug_macro   0x000000000001259f      0x117 Core/Src/main.o
 .debug_macro   0x00000000000126b6      0x11b Core/Src/main.o
 .debug_macro   0x00000000000127d1       0x27 Core/Src/main.o
 .debug_macro   0x00000000000127f8      0x15f Core/Src/main.o
 .debug_macro   0x0000000000012957      0x287 Core/Src/main.o
 .debug_macro   0x0000000000012bde       0x5f Core/Src/main.o
 .debug_macro   0x0000000000012c3d      0x236 Core/Src/main.o
 .debug_macro   0x0000000000012e73      0x132 Core/Src/main.o
 .debug_macro   0x0000000000012fa5      0x264 Core/Src/main.o
 .debug_macro   0x0000000000013209       0x2e Core/Src/main.o
 .debug_macro   0x0000000000013237      0x11a Core/Src/main.o
 .debug_macro   0x0000000000013351       0x85 Core/Src/main.o
 .debug_macro   0x00000000000133d6       0x89 Core/Src/main.o
 .debug_macro   0x000000000001345f      0x225 Core/Src/main.o
 .debug_macro   0x0000000000013684      0x287 Core/Src/main.o
 .debug_macro   0x000000000001390b      0x126 Core/Src/main.o
 .debug_macro   0x0000000000013a31       0x82 Core/Src/main.o
 .debug_macro   0x0000000000013ab3      0x2e7 Core/Src/radio_demo.o
 .debug_macro   0x0000000000013d9a       0x40 Core/Src/radio_demo.o
 .debug_macro   0x0000000000013dda       0x18 Core/Src/radio_demo.o
 .debug_macro   0x0000000000013df2       0x94 Core/Src/radio_demo.o
 .debug_macro   0x0000000000013e86       0x3c Core/Src/radio_demo.o
 .debug_macro   0x0000000000013ec2       0x34 Core/Src/radio_demo.o
 .debug_macro   0x0000000000013ef6       0x57 Core/Src/radio_demo.o
 .debug_macro   0x0000000000013f4d       0x52 Core/Src/radio_demo.o
 .debug_macro   0x0000000000013f9f       0x1f Core/Src/radio_demo.o
 .debug_macro   0x0000000000013fbe       0x43 Core/Src/radio_demo.o
 .debug_macro   0x0000000000014001       0x20 Core/Src/radio_demo.o
 .debug_macro   0x0000000000014021      0x1a3 Core/Src/radio_demo.o
 .debug_macro   0x00000000000141c4      0x330 Core/Src/radio_demo.o
 .debug_macro   0x00000000000144f4       0x10 Core/Src/radio_demo.o
 .debug_macro   0x0000000000014504       0x35 Core/Src/radio_demo.o
 .debug_macro   0x0000000000014539       0x20 Core/Src/radio_demo.o
 .debug_macro   0x0000000000014559       0xd9 Core/Src/radio_demo.o
 .debug_macro   0x0000000000014632       0x54 Core/Src/radio_demo.o
 .debug_macro   0x0000000000014686      0x18c Core/Src/radio_demo.o
 .debug_macro   0x0000000000014812      0x1d3 Core/Src/stm32f4xx_hal_msp.o
 .debug_macro   0x00000000000149e5      0x1dd Core/Src/stm32f4xx_it.o
 .debug_macro   0x0000000000014bc2      0x1ca Core/Src/system_stm32f4xx.o
 .debug_macro   0x0000000000014d8c      0x1ec Drivers/NRF24L01/nrf24.o
 .debug_macro   0x0000000000014f78      0x186 Drivers/NRF24L01/nrf24.o
 .debug_macro   0x00000000000150fe      0x224 Drivers/STM32F4xx_HAL_Driver/Src/stm32f4xx_hal.o
 .debug_macro   0x0000000000015322      0x1c4 Drivers/STM32F4xx_HAL_Driver/Src/stm32f4xx_hal_cortex.o
 .debug_macro   0x00000000000154e6      0x1fa Drivers/STM32F4xx_HAL_Driver/Src/stm32f4xx_hal_gpio.o
 .debug_macro   0x00000000000156e0      0x1e8 Drivers/STM32F4xx_HAL_Driver/Src/stm32f4xx_hal_rcc.o
 .debug_macro   0x00000000000158c8      0x1d3 Drivers/STM32F4xx_HAL_Driver/Src/stm32f4xx_hal_spi.o
 .debug_macro   0x0000000000015a9b      0x1c5 Drivers/STM32F4xx_HAL_Driver/Src/stm32f4xx_hal_uart.o

.debug_line     0x0000000000000000     0x74ad
 .debug_line    0x0000000000000000      0x744 Core/Src/main.o
 .debug_line    0x0000000000000744      0x938 Core/Src/radio_demo.o
 .debug_line    0x000000000000107c      0x70e Core/Src/stm32f4xx_hal_msp.o
 .debug_line    0x000000000000178a      0x75d Core/Src/stm32f4xx_it.o
 .debug_line    0x0000000000001ee7      0x6c2 Core/Src/system_stm32f4xx.o
 .debug_line    0x00000000000025a9       0x85 Core/Startup/startup_stm32f411retx.o
 .debug_line    0x000000000000262e      0xa8e Drivers/NRF24L01/nrf24.o
 .debug_line    0x00000000000030bc      0x8ac Drivers/STM32F4xx_HAL_Driver/Src/stm32f4xx_hal.o
 .debug_line    0x0000000000003968      0x9d0 Drivers/STM32F4xx_HAL_Driver/Src/stm32f4xx_hal_cortex.o
 .debug_line    0x0000000000004338      0x84f Drivers/STM32F4xx_HAL_Driver/Src/stm32f4xx_hal_gpio.o
 .debug_line    0x0000000000004b87      0x904 Drivers/STM32F4xx_HAL_Driver/Src/stm32f4xx_hal_rcc.o
 .debug_line    0x000000000000548b     0x1068 Drivers/STM32F4xx_HAL_Driver/Src/stm32f4xx_hal_spi.o
 .debug_line    0x00000000000064f3      0xfba Drivers/STM32F4xx_HAL_Driver/Src/stm32f4xx_hal_uart.o

.debug_str      0x0000000000000000    0x86a17
 .debug_str     0x0000000000000000    0x810ce Core/Src/main.o
                                      0x813e8 (size before relaxing)
 .debug_str     0x00000000000810ce     0x3b9a Core/Src/radio_demo.o
                                      0x84946 (size before relaxing)
 .debug_str     0x0000000000084c68       0x7d Core/Src/stm32f4xx_hal_msp.o
                                      0x80eff (size before relaxing)
 .debug_str     0x0000000000084ce5       0xce Core/Src/stm32f4xx_it.o
                                      0x8084d (size before relaxing)
 .debug_str     0x0000000000084db3       0xc4 Core/Src/system_stm32f4xx.o
                                      0x80765 (size before relaxing)
 .debug_str     0x0000000000084e77       0x36 Core/Startup/startup_stm32f411retx.o
                                         0x9b (size before relaxing)
 .debug_str     0x0000000000084ead      0x36d Drivers/NRF24L01/nrf24.o
                                      0x81950 (size before relaxing)
 .debug_str     0x000000000008521a      0x58d Drivers/STM32F4xx_HAL_Driver/Src/stm32f4xx_hal.o
                                      0x810da (size before relaxing)
 .debug_str     0x00000000000857a7      0x399 Drivers/STM32F4xx_HAL_Driver/Src/stm32f4xx_hal_cortex.o
                                      0x80eb7 (size before relaxing)
 .debug_str     0x0000000000085b40      0x20c Drivers/STM32F4xx_HAL_Driver/Src/stm32f4xx_hal_gpio.o
                                      0x809a4 (size before relaxing)
 .debug_str     0x0000000000085d4c      0x259 Drivers/STM32F4xx_HAL_Driver/Src/stm32f4xx_hal_rcc.o
                                      0x80b52 (size before relaxing)
 .debug_str     0x0000000000085fa5      0x565 Drivers/STM32F4xx_HAL_Driver/Src/stm32f4xx_hal_spi.o
                                      0x80fc1 (size before relaxing)
 .debug_str     0x000000000008650a      0x50d Drivers/STM32F4xx_HAL_Driver/Src/stm32f4xx_hal_uart.o
                                      0x80f9f (size before relaxing)

.comment        0x0000000000000000       0x7b
 .comment       0x0000000000000000       0x7b Core/Src/main.o
                                         0x7c (size before relaxing)
 .comment       0x000000000000007b       0x7c Core/Src/radio_demo.o
 .comment       0x000000000000007b       0x7c Core/Src/stm32f4xx_hal_msp.o
 .comment       0x000000000000007b       0x7c Core/Src/stm32f4xx_it.o
 .comment       0x000000000000007b       0x7c Core/Src/system_stm32f4xx.o
 .comment       0x000000000000007b       0x7c Drivers/NRF24L01/nrf24.o
 .comment       0x000000000000007b       0x7c Drivers/STM32F4xx_HAL_Driver/Src/stm32f4xx_hal.o
 .comment       0x000000000000007b       0x7c Drivers/STM32F4xx_HAL_Driver/Src/stm32f4xx_hal_cortex.o
 .comment       0x000000000000007b       0x7c Drivers/STM32F4xx_HAL_Driver/Src/stm32f4xx_hal_gpio.o
 .comment       0x000000000000007b       0x7c Drivers/STM32F4xx_HAL_Driver/Src/stm32f4xx_hal_rcc.o
 .comment       0x000000000000007b       0x7c Drivers/STM32F4xx_HAL_Driver/Src/stm32f4xx_hal_spi.o
 .comment       0x000000000000007b       0x7c Drivers/STM32F4xx_HAL_Driver/Src/stm32f4xx_hal_uart.o

.debug_frame    0x0000000000000000     0x2658
 .debug_frame   0x0000000000000000       0xcc Core/Src/main.o
 .debug_frame   0x00000000000000cc      0x158 Core/Src/radio_demo.o
 .debug_frame   0x0000000000000224       0xc4 Core/Src/stm32f4xx_hal_msp.o
 .debug_frame   0x00000000000002e8      0x128 Core/Src/stm32f4xx_it.o
 .debug_frame   0x0000000000000410       0x58 Core/Src/system_stm32f4xx.o
 .debug_frame   0x0000000000000468      0x594 Drivers/NRF24L01/nrf24.o
 .debug_frame   0x00000000000009fc      0x374 Drivers/STM32F4xx_HAL_Driver/Src/stm32f4xx_hal.o
 .debug_frame   0x0000000000000d70      0x498 Drivers/STM32F4xx_HAL_Driver/Src/stm32f4xx_hal_cortex.o
 .debug_frame   0x0000000000001208      0x14c Drivers/STM32F4xx_HAL_Driver/Src/stm32f4xx_hal_gpio.o
 .debug_frame   0x0000000000001354      0x1f0 Drivers/STM32F4xx_HAL_Driver/Src/stm32f4xx_hal_rcc.o
 .debug_frame   0x0000000000001544      0x824 Drivers/STM32F4xx_HAL_Driver/Src/stm32f4xx_hal_spi.o
 .debug_frame   0x0000000000001d68      0x844 Drivers/STM32F4xx_HAL_Driver/Src/stm32f4xx_hal_uart.o
 .debug_frame   0x00000000000025ac       0x2c c:/st/stm32cubeide_1.0.2/stm32cubeide/plugins/com.st.stm32cube.ide.mcu.externaltools.gnu-tools-for-stm32.7-2018-q2-update.win32_1.4.0.202007081208/tools/bin/../lib/gcc/arm-none-eabi/7.3.1/../../../../arm-none-eabi/lib/thumb/v7e-m/fpv4-sp/hard\libc_nano.a(lib_a-init.o)
 .debug_frame   0x00000000000025d8       0x20 c:/st/stm32cubeide_1.0.2/stm32cubeide/plugins/com.st.stm32cube.ide.mcu.externaltools.gnu-tools-for-stm32.7-2018-q2-update.win32_1.4.0.202007081208/tools/bin/../lib/gcc/arm-none-eabi/7.3.1/../../../../arm-none-eabi/lib/thumb/v7e-m/fpv4-sp/hard\libc_nano.a(lib_a-memset.o)
 .debug_frame   0x00000000000025f8       0x2c c:/st/stm32cubeide_1.0.2/stm32cubeide/plugins/com.st.stm32cube.ide.mcu.externaltools.gnu-tools-for-stm32.7-2018-q2-update.win32_1.4.0.202007081208/tools/bin/../lib/gcc/arm-none-eabi/7.3.1/thumb/v7e-m/fpv4-sp/hard\libgcc.a(_aeabi_uldivmod.o)
 .debug_frame   0x0000000000002624       0x34 c:/st/stm32cubeide_1.0.2/stm32cubeide/plugins/com.st.stm32cube.ide.mcu.externaltools.gnu-tools-for-stm32.7-2018-q2-update.win32_1.4.0.202007081208/tools/bin/../lib/gcc/arm-none-eabi/7.3.1/thumb/v7e-m/fpv4-sp/hard\libgcc.a(_udivmoddi4.o)
