Archive member included to satisfy reference by file (symbol)

c:/st/stm32cubeide_1.11.0/stm32cubeide/plugins/com.st.stm32cube.ide.mcu.externaltools.gnu-tools-for-stm32.10.3-2021.10.win32_1.0.100.202210260954/tools/bin/../lib/gcc/arm-none-eabi/10.3.1/../../../../arm-none-eabi/lib/thumb/v7e-m+fp/hard\libc_nano.a(lib_a-errno.o)
                              ./Core/Src/syscalls.o (__errno)
c:/st/stm32cubeide_1.11.0/stm32cubeide/plugins/com.st.stm32cube.ide.mcu.externaltools.gnu-tools-for-stm32.10.3-2021.10.win32_1.0.100.202210260954/tools/bin/../lib/gcc/arm-none-eabi/10.3.1/../../../../arm-none-eabi/lib/thumb/v7e-m+fp/hard\libc_nano.a(lib_a-exit.o)
                              c:/st/stm32cubeide_1.11.0/stm32cubeide/plugins/com.st.stm32cube.ide.mcu.externaltools.gnu-tools-for-stm32.10.3-2021.10.win32_1.0.100.202210260954/tools/bin/../lib/gcc/arm-none-eabi/10.3.1/../../../../arm-none-eabi/lib/thumb/v7e-m+fp/hard/crt0.o (exit)
c:/st/stm32cubeide_1.11.0/stm32cubeide/plugins/com.st.stm32cube.ide.mcu.externaltools.gnu-tools-for-stm32.10.3-2021.10.win32_1.0.100.202210260954/tools/bin/../lib/gcc/arm-none-eabi/10.3.1/../../../../arm-none-eabi/lib/thumb/v7e-m+fp/hard\libc_nano.a(lib_a-impure.o)
                              c:/st/stm32cubeide_1.11.0/stm32cubeide/plugins/com.st.stm32cube.ide.mcu.externaltools.gnu-tools-for-stm32.10.3-2021.10.win32_1.0.100.202210260954/tools/bin/../lib/gcc/arm-none-eabi/10.3.1/../../../../arm-none-eabi/lib/thumb/v7e-m+fp/hard\libc_nano.a(lib_a-exit.o) (_global_impure_ptr)
c:/st/stm32cubeide_1.11.0/stm32cubeide/plugins/com.st.stm32cube.ide.mcu.externaltools.gnu-tools-for-stm32.10.3-2021.10.win32_1.0.100.202210260954/tools/bin/../lib/gcc/arm-none-eabi/10.3.1/../../../../arm-none-eabi/lib/thumb/v7e-m+fp/hard\libc_nano.a(lib_a-init.o)
                              c:/st/stm32cubeide_1.11.0/stm32cubeide/plugins/com.st.stm32cube.ide.mcu.externaltools.gnu-tools-for-stm32.10.3-2021.10.win32_1.0.100.202210260954/tools/bin/../lib/gcc/arm-none-eabi/10.3.1/../../../../arm-none-eabi/lib/thumb/v7e-m+fp/hard/crt0.o (__libc_init_array)
c:/st/stm32cubeide_1.11.0/stm32cubeide/plugins/com.st.stm32cube.ide.mcu.externaltools.gnu-tools-for-stm32.10.3-2021.10.win32_1.0.100.202210260954/tools/bin/../lib/gcc/arm-none-eabi/10.3.1/../../../../arm-none-eabi/lib/thumb/v7e-m+fp/hard\libc_nano.a(lib_a-memcpy-stub.o)
                              ./Drivers/VL53L0X/vl53l0x_class.o (memcpy)
c:/st/stm32cubeide_1.11.0/stm32cubeide/plugins/com.st.stm32cube.ide.mcu.externaltools.gnu-tools-for-stm32.10.3-2021.10.win32_1.0.100.202210260954/tools/bin/../lib/gcc/arm-none-eabi/10.3.1/../../../../arm-none-eabi/lib/thumb/v7e-m+fp/hard\libc_nano.a(lib_a-memset.o)
                              c:/st/stm32cubeide_1.11.0/stm32cubeide/plugins/com.st.stm32cube.ide.mcu.externaltools.gnu-tools-for-stm32.10.3-2021.10.win32_1.0.100.202210260954/tools/bin/../lib/gcc/arm-none-eabi/10.3.1/../../../../arm-none-eabi/lib/thumb/v7e-m+fp/hard/crt0.o (memset)
c:/st/stm32cubeide_1.11.0/stm32cubeide/plugins/com.st.stm32cube.ide.mcu.externaltools.gnu-tools-for-stm32.10.3-2021.10.win32_1.0.100.202210260954/tools/bin/../lib/gcc/arm-none-eabi/10.3.1/../../../../arm-none-eabi/lib/thumb/v7e-m+fp/hard\libc_nano.a(lib_a-printf.o)
                              ./Core/Src/radio_demo.o (printf)
c:/st/stm32cubeide_1.11.0/stm32cubeide/plugins/com.st.stm32cube.ide.mcu.externaltools.gnu-tools-for-stm32.10.3-2021.10.win32_1.0.100.202210260954/tools/bin/../lib/gcc/arm-none-eabi/10.3.1/../../../../arm-none-eabi/lib/thumb/v7e-m+fp/hard\libc_nano.a(lib_a-puts.o)
                              ./Core/Src/main.o (puts)
c:/st/stm32cubeide_1.11.0/stm32cubeide/plugins/com.st.stm32cube.ide.mcu.externaltools.gnu-tools-for-stm32.10.3-2021.10.win32_1.0.100.202210260954/tools/bin/../lib/gcc/arm-none-eabi/10.3.1/../../../../arm-none-eabi/lib/thumb/v7e-m+fp/hard\libc_nano.a(lib_a-sprintf.o)
                              ./Core/Src/main.o (sprintf)
c:/st/stm32cubeide_1.11.0/stm32cubeide/plugins/com.st.stm32cube.ide.mcu.externaltools.gnu-tools-for-stm32.10.3-2021.10.win32_1.0.100.202210260954/tools/bin/../lib/gcc/arm-none-eabi/10.3.1/../../../../arm-none-eabi/lib/thumb/v7e-m+fp/hard\libc_nano.a(lib_a-strcpy.o)
                              ./Drivers/VL53L0X/vl53l0x_class.o (strcpy)
c:/st/stm32cubeide_1.11.0/stm32cubeide/plugins/com.st.stm32cube.ide.mcu.externaltools.gnu-tools-for-stm32.10.3-2021.10.win32_1.0.100.202210260954/tools/bin/../lib/gcc/arm-none-eabi/10.3.1/../../../../arm-none-eabi/lib/thumb/v7e-m+fp/hard\libc_nano.a(lib_a-strlen.o)
                              ./Core/Src/radio_demo.o (strlen)
c:/st/stm32cubeide_1.11.0/stm32cubeide/plugins/com.st.stm32cube.ide.mcu.externaltools.gnu-tools-for-stm32.10.3-2021.10.win32_1.0.100.202210260954/tools/bin/../lib/gcc/arm-none-eabi/10.3.1/../../../../arm-none-eabi/lib/thumb/v7e-m+fp/hard\libc_nano.a(lib_a-wbuf.o)
[...]
Memory Configuration

Name             Origin             Length             Attributes
RAM              0x0000000020000000 0x0000000000018000 xrw
RAM2             0x0000000010000000 0x0000000000008000 xrw
FLASH            0x0000000008000000 0x0000000000100000 xr
*default*        0x0000000000000000 0xffffffffffffffff

Linker script and memory map

LOAD c:/st/stm32cubeide_1.11.0/stm32cubeide/plugins/com.st.stm32cube.ide.mcu.externaltools.gnu-tools-for-stm32.10.3-2021.10.win32_1.0.100.202210260954/tools/bin/../lib/gcc/arm-none-eabi/10.3.1/thumb/v7e-m+fp/hard/crti.o
LOAD c:/st/stm32cubeide_1.11.0/stm32cubeide/plugins/com.st.stm32cube.ide.mcu.externaltools.gnu-tools-for-stm32.10.3-2021.10.win32_1.0.100.202210260954/tools/bin/../lib/gcc/arm-none-eabi/10.3.1/thumb/v7e-m+fp/hard/crtbegin.o
LOAD c:/st/stm32cubeide_1.11.0/stm32cubeide/plugins/com.st.stm32cube.ide.mcu.externaltools.gnu-tools-for-stm32.10.3-2021.10.win32_1.0.100.202210260954/tools/bin/../lib/gcc/arm-none-eabi/10.3.1/../../../../arm-none-eabi/lib/thumb/v7e-m+fp/hard/crt0.o
LOAD ./Core/Src/main.o
LOAD ./Core/Src/radio_demo.o
LOAD ./Core/Src/stm32l4xx_hal_msp.o
LOAD ./Core/Src/stm32l4xx_it.o
LOAD ./Core/Src/syscalls.o
LOAD ./Core/Src/sysmem.o
LOAD ./Core/Src/system_stm32l4xx.o
LOAD ./Core/Startup/startup_stm32l476rgtx.o
LOAD ./Drivers/NRF24L01/nrf24.o
LOAD ./Drivers/STM32L4xx_HAL_Driver/Src/stm32l4xx_hal.o
LOAD ./Drivers/STM32L4xx_HAL_Driver/Src/stm32l4xx_hal_cortex.o
LOAD ./Drivers/STM32L4xx_HAL_Driver/Src/stm32l4xx_hal_dma.o
LOAD ./Drivers/STM32L4xx_HAL_Driver/Src/stm32l4xx_hal_dma_ex.o
LOAD ./Drivers/STM32L4xx_HAL_Driver/Src/stm32l4xx_hal_exti.o
LOAD ./Drivers/STM32L4xx_HAL_Driver/Src/stm32l4xx_hal_flash.o
LOAD ./Drivers/STM32L4xx_HAL_Driver/Src/stm32l4xx_hal_flash_ex.o
LOAD ./Drivers/STM32L4xx_HAL_Driver/Src/stm32l4xx_hal_flash_ramfunc.o
LOAD ./Drivers/STM32L4xx_HAL_Driver/Src/stm32l4xx_hal_gpio.o
LOAD ./Drivers/STM32L4xx_HAL_Driver/Src/stm32l4xx_hal_i2c.o
LOAD ./Drivers/STM32L4xx_HAL_Driver/Src/stm32l4xx_hal_i2c_ex.o
LOAD ./Drivers/STM32L4xx_HAL_Driver/Src/stm32l4xx_hal_pwr.o
LOAD ./Drivers/STM32L4xx_HAL_Driver/Src/stm32l4xx_hal_pwr_ex.o
LOAD ./Drivers/STM32L4xx_HAL_Driver/Src/stm32l4xx_hal_rcc.o
LOAD ./Drivers/STM32L4xx_HAL_Driver/Src/stm32l4xx_hal_rcc_ex.o
LOAD ./Drivers/STM32L4xx_HAL_Driver/Src/stm32l4xx_hal_spi.o
LOAD ./Drivers/STM32L4xx_HAL_Driver/Src/stm32l4xx_hal_spi_ex.o
LOAD ./Drivers/STM32L4xx_HAL_Driver/Src/stm32l4xx_hal_tim.o
LOAD ./Drivers/STM32L4xx_HAL_Driver/Src/stm32l4xx_hal_tim_ex.o
LOAD ./Drivers/STM32L4xx_HAL_Driver/Src/stm32l4xx_hal_uart.o
LOAD ./Drivers/STM32L4xx_HAL_Driver/Src/stm32l4xx_hal_uart_ex.o
LOAD ./Drivers/VL53L0X/vl53l0x_class.o
START GROUP
LOAD c:/st/stm32cubeide_1.11.0/stm32cubeide/plugins/com.st.stm32cube.ide.mcu.externaltools.gnu-tools-for-stm32.10.3-2021.10.win32_1.0.100.202210260954/tools/bin/../lib/gcc/arm-none-eabi/10.3.1/../../../../arm-none-eabi/lib/thumb/v7e-m+fp/hard\libc_nano.a
LOAD c:/st/stm32cubeide_1.11.0/stm32cubeide/plugins/com.st.stm32cube.ide.mcu.externaltools.gnu-tools-for-stm32.10.3-2021.10.win32_1.0.100.202210260954/tools/bin/../lib/gcc/arm-none-eabi/10.3.1/../../../../arm-none-eabi/lib/thumb/v7e-m+fp/hard\libm.a
END GROUP
START GROUP
LOAD c:/st/stm32cubeide_1.11.0/stm32cubeide/plugins/com.st.stm32cube.ide.mcu.externaltools.gnu-tools-for-stm32.10.3-2021.10.win32_1.0.100.202210260954/tools/bin/../lib/gcc/arm-none-eabi/10.3.1/thumb/v7e-m+fp/hard\libgcc.a
LOAD c:/st/stm32cubeide_1.11.0/stm32cubeide/plugins/com.st.stm32cube.ide.mcu.externaltools.gnu-tools-for-stm32.10.3-2021.10.win32_1.0.100.202210260954/tools/bin/../lib/gcc/arm-none-eabi/10.3.1/../../../../arm-none-eabi/lib/thumb/v7e-m+fp/hard\libc_nano.a
END GROUP
START GROUP
LOAD c:/st/stm32cubeide_1.11.0/stm32cubeide/plugins/com.st.stm32cube.ide.mcu.externaltools.gnu-tools-for-stm32.10.3-2021.10.win32_1.0.100.202210260954/tools/bin/../lib/gcc/arm-none-eabi/10.3.1/thumb/v7e-m+fp/hard\libgcc.a
LOAD c:/st/stm32cubeide_1.11.0/stm32cubeide/plugins/com.st.stm32cube.ide.mcu.externaltools.gnu-tools-for-stm32.10.3-2021.10.win32_1.0.100.202210260954/tools/bin/../lib/gcc/arm-none-eabi/10.3.1/../../../../arm-none-eabi/lib/thumb/v7e-m+fp/hard\libc_nano.a
LOAD c:/st/stm32cubeide_1.11.0/stm32cubeide/plugins/com.st.stm32cube.ide.mcu.externaltools.gnu-tools-for-stm32.10.3-2021.10.win32_1.0.100.202210260954/tools/bin/../lib/gcc/arm-none-eabi/10.3.1/../../../../arm-none-eabi/lib/thumb/v7e-m+fp/hard\libnosys.a
END GROUP
START GROUP
LOAD c:/st/stm32cubeide_1.11.0/stm32cubeide/plugins/com.st.stm32cube.ide.mcu.externaltools.gnu-tools-for-stm32.10.3-2021.10.win32_1.0.100.202210260954/tools/bin/../lib/gcc/arm-none-eabi/10.3.1/thumb/v7e-m+fp/hard\libgcc.a
LOAD c:/st/stm32cubeide_1.11.0/stm32cubeide/plugins/com.st.stm32cube.ide.mcu.externaltools.gnu-tools-for-stm32.10.3-2021.10.win32_1.0.100.202210260954/tools/bin/../lib/gcc/arm-none-eabi/10.3.1/../../../../arm-none-eabi/lib/thumb/v7e-m+fp/hard\libc_nano.a
LOAD c:/st/stm32cubeide_1.11.0/stm32cubeide/plugins/com.st.stm32cube.ide.mcu.externaltools.gnu-tools-for-stm32.10.3-2021.10.win32_1.0.100.202210260954/tools/bin/../lib/gcc/arm-none-eabi/10.3.1/../../../../arm-none-eabi/lib/thumb/v7e-m+fp/hard\libnosys.a
END GROUP
LOAD c:/st/stm32cubeide_1.11.0/stm32cubeide/plugins/com.st.stm32cube.ide.mcu.externaltools.gnu-tools-for-stm32.10.3-2021.10.win32_1.0.100.202210260954/tools/bin/../lib/gcc/arm-none-eabi/10.3.1/thumb/v7e-m+fp/hard/crtend.o
LOAD c:/st/stm32cubeide_1.11.0/stm32cubeide/plugins/com.st.stm32cube.ide.mcu.externaltools.gnu-tools-for-stm32.10.3-2021.10.win32_1.0.100.202210260954/tools/bin/../lib/gcc/arm-none-eabi/10.3.1/thumb/v7e-m+fp/hard/crtn.o
                0x0000000020018000                _estack = (ORIGIN (RAM) + LENGTH (RAM))
                0x0000000000000200                _Min_Heap_Size = 0x200
                0x0000000000000400                _Min_Stack_Size = 0x400

.isr_vector     0x0000000008000000      0x188
                0x0000000008000000                . = ALIGN (0x4)
 *(.isr_vector)
 .isr_vector    0x0000000008000000      0x188 ./Core/Startup/startup_stm32l476rgtx.o
                0x0000000008000000                g_pfnVectors
                0x0000000008000188                . = ALIGN (0x4)

.text           0x0000000008000190     0xc180
                0x0000000008000190                . = ALIGN (0x4)
 *(.text)
 .text          0x0000000008000190       0x40 c:/st/stm32cubeide_1.11.0/stm32cubeide/plugins/com.st.stm32cube.ide.mcu.externaltools.gnu-tools-for-stm32.10.3-2021.10.win32_1.0.100.202210260954/tools/bin/../lib/gcc/arm-none-eabi/10.3.1/thumb/v7e-m+fp/hard/crtbegin.o
 .text          0x00000000080001d0       0x10 c:/st/stm32cubeide_1.11.0/stm32cubeide/plugins/com.st.stm32cube.ide.mcu.externaltools.gnu-tools-for-stm32.10.3-2021.10.win32_1.0.100.202210260954/tools/bin/../lib/gcc/arm-none-eabi/10.3.1/../../../../arm-none-eabi/lib/thumb/v7e-m+fp/hard\libc_nano.a(lib_a-strlen.o)
                0x00000000080001d0                strlen
 .text          0x00000000080001e0       0xa0 c:/st/stm32cubeide_1.11.0/stm32cubeide/plugins/com.st.stm32cube.ide.mcu.externaltools.gnu-tools-for-stm32.10.3-2021.10.win32_1.0.100.202210260954/tools/bin/../lib/gcc/arm-none-eabi/10.3.1/../../../../arm-none-eabi/lib/thumb/v7e-m+fp/hard\libc_nano.a(lib_a-memchr.o)
                0x00000000080001e0                memchr
 .text          0x0000000008000280       0x30 c:/st/stm32cubeide_1.11.0/stm32cubeide/plugins/com.st.stm32cube.ide.mcu.externaltools.gnu-tools-for-stm32.10.3-2021.10.win32_1.0.100.202210260954/tools/bin/../lib/gcc/arm-none-eabi/10.3.1/thumb/v7e-m+fp/hard\libgcc.a(_aeabi_uldivmod.o)
                0x0000000008000280                __aeabi_uldivmod
 .text          0x00000000080002b0      0x2d0 c:/st/stm32cubeide_1.11.0/stm32cubeide/plugins/com.st.stm32cube.ide.mcu.externaltools.gnu-tools-for-stm32.10.3-2021.10.win32_1.0.100.202210260954/tools/bin/../lib/gcc/arm-none-eabi/10.3.1/thumb/v7e-m+fp/hard\libgcc.a(_udivmoddi4.o)
                0x00000000080002b0                __udivmoddi4
 .text          0x0000000008000580        0x4 c:/st/stm32cubeide_1.11.0/stm32cubeide/plugins/com.st.stm32cube.ide.mcu.externaltools.gnu-tools-for-stm32.10.3-2021.10.win32_1.0.100.202210260954/tools/bin/../lib/gcc/arm-none-eabi/10.3.1/thumb/v7e-m+fp/hard\libgcc.a(_dvmd_tls.o)
                0x0000000008000580                __aeabi_idiv0
                0x0000000008000580                __aeabi_ldiv0
 *(.text*)
 .text._write   0x0000000008000584       0x28 ./Core/Src/main.o
                0x0000000008000584                _write
 .text.main     0x00000000080005ac       0x4c ./Core/Src/main.o
                0x00000000080005ac                main
 .text.SystemClock_Config
                0x00000000080005f8       0xa2 ./Core/Src/main.o
                0x00000000080005f8                SystemClock_Config
 *fill*         0x000000000800069a        0x2 
 .text.MX_I2C1_Init
                0x000000000800069c       0x80 ./Core/Src/main.o
 .text.MX_SPI3_Init
                0x000000000800071c       0x7c ./Core/Src/main.o
 .text.MX_USART2_UART_Init
                0x0000000008000798       0x60 ./Core/Src/main.o
 .text.MX_GPIO_Init
                0x00000000080007f8      0x110 ./Core/Src/main.o
 .text._Error_Handler
                0x0000000008000908       0x40 ./Core/Src/main.o
                0x0000000008000908                _Error_Handler
 .text.VL53L0X_Start
                0x0000000008000948       0x74 ./Core/Src/main.o
                0x0000000008000948                VL53L0X_Start
 .text.Error_Handler
                0x00000000080009bc        0xa ./Core/Src/main.o
                0x00000000080009bc                Error_Handler
 *fill*         0x00000000080009c6        0x2 
 .text.nRF24_CE_L
                0x00000000080009c8       0x1c ./Core/Src/radio_demo.o
 .text.nRF24_CE_H
                0x00000000080009e4       0x1c ./Core/Src/radio_demo.o
 .text.Delay_ms
                0x0000000008000a00       0x16 ./Core/Src/radio_demo.o
 *fill*         0x0000000008000a16        0x2 
 .text.UART_SendChar
                0x0000000008000a18       0x24 ./Core/Src/radio_demo.o
                0x0000000008000a18                UART_SendChar
 .text.UART_SendStr
                0x0000000008000a3c       0x28 ./Core/Src/radio_demo.o
                0x0000000008000a3c                UART_SendStr
 .text.Toggle_LED
                0x0000000008000a64       0x12 ./Core/Src/radio_demo.o
                0x0000000008000a64                Toggle_LED
 *fill*         0x0000000008000a76        0x2 
 .text.UART_SendBufHex
                0x0000000008000a78       0x5c ./Core/Src/radio_demo.o
                0x0000000008000a78                UART_SendBufHex
 .text.UART_SendHex8
                0x0000000008000ad4       0x3c ./Core/Src/radio_demo.o
                0x0000000008000ad4                UART_SendHex8
 .text.UART_SendInt
                0x0000000008000b10       0x94 ./Core/Src/radio_demo.o
                0x0000000008000b10                UART_SendInt
 .text.nRF24_TransmitPacket
                0x0000000008000ba4       0xa0 ./Core/Src/radio_demo.o
                0x0000000008000ba4                nRF24_TransmitPacket
 .text.runRadio
                0x0000000008000c44      0x228 ./Core/Src/radio_demo.o
                0x0000000008000c44                runRadio
 .text.HAL_MspInit
                0x0000000008000e6c       0x48 ./Core/Src/stm32l4xx_hal_msp.o
                0x0000000008000e6c                HAL_MspInit
 .text.HAL_I2C_MspInit
                0x0000000008000eb4       0xbc ./Core/Src/stm32l4xx_hal_msp.o
                0x0000000008000eb4                HAL_I2C_MspInit
 .text.HAL_SPI_MspInit
                0x0000000008000f70       0x88 ./Core/Src/stm32l4xx_hal_msp.o
                0x0000000008000f70                HAL_SPI_MspInit
 .text.HAL_UART_MspInit
                0x0000000008000ff8       0xb8 ./Core/Src/stm32l4xx_hal_msp.o
                0x0000000008000ff8                HAL_UART_MspInit
 .text.NMI_Handler
                0x00000000080010b0        0x6 ./Core/Src/stm32l4xx_it.o
                0x00000000080010b0                NMI_Handler
 .text.HardFault_Handler
                0x00000000080010b6        0x6 ./Core/Src/stm32l4xx_it.o
                0x00000000080010b6                HardFault_Handler
 .text.MemManage_Handler
                0x00000000080010bc        0x6 ./Core/Src/stm32l4xx_it.o
                0x00000000080010bc                MemManage_Handler
 .text.BusFault_Handler
                0x00000000080010c2        0x6 ./Core/Src/stm32l4xx_it.o
                0x00000000080010c2                BusFault_Handler
 .text.UsageFault_Handler
                0x00000000080010c8        0x6 ./Core/Src/stm32l4xx_it.o
                0x00000000080010c8                UsageFault_Handler
 .text.SVC_Handler
                0x00000000080010ce        0xe ./Core/Src/stm32l4xx_it.o
                0x00000000080010ce                SVC_Handler
 .text.DebugMon_Handler
                0x00000000080010dc        0xe ./Core/Src/stm32l4xx_it.o
                0x00000000080010dc                DebugMon_Handler
 .text.PendSV_Handler
                0x00000000080010ea        0xe ./Core/Src/stm32l4xx_it.o
                0x00000000080010ea                PendSV_Handler
 .text.SysTick_Handler
                0x00000000080010f8        0xc ./Core/Src/stm32l4xx_it.o
                0x00000000080010f8                SysTick_Handler
 .text._read    0x0000000008001104       0x3a ./Core/Src/syscalls.o
                0x0000000008001104                _read
 .text._close   0x000000000800113e       0x18 ./Core/Src/syscalls.o
                0x000000000800113e                _close
 .text._fstat   0x0000000008001156       0x20 ./Core/Src/syscalls.o
                0x0000000008001156                _fstat
 .text._isatty  0x0000000008001176       0x16 ./Core/Src/syscalls.o
                0x0000000008001176                _isatty
 .text._lseek   0x000000000800118c       0x1a ./Core/Src/syscalls.o
                0x000000000800118c                _lseek
 *fill*         0x00000000080011a6        0x2 
 .text._sbrk    0x00000000080011a8       0x6c ./Core/Src/sysmem.o
                0x00000000080011a8                _sbrk
 .text.SystemInit
                0x0000000008001214       0x24 ./Core/Src/system_stm32l4xx.o
                0x0000000008001214                SystemInit
 .text.Reset_Handler
                0x0000000008001238       0x50 ./Core/Startup/startup_stm32l476rgtx.o
                0x0000000008001238                Reset_Handler
 .text.Default_Handler
                0x0000000008001288        0x2 ./Core/Startup/startup_stm32l476rgtx.o
                0x0000000008001288                RTC_Alarm_IRQHandler
                0x0000000008001288                EXTI2_IRQHandler
                0x0000000008001288                TIM8_TRG_COM_IRQHandler
                0x0000000008001288                TIM8_CC_IRQHandler
                0x0000000008001288                TIM1_CC_IRQHandler
                0x0000000008001288                TSC_IRQHandler
                0x0000000008001288                TAMP_STAMP_IRQHandler
                0x0000000008001288                EXTI3_IRQHandler
                0x0000000008001288                LPTIM2_IRQHandler
                0x0000000008001288                DFSDM1_FLT1_IRQHandler
                0x0000000008001288                I2C3_ER_IRQHandler
                0x0000000008001288                DFSDM1_FLT2_IRQHandler
                0x0000000008001288                EXTI0_IRQHandler
                0x0000000008001288                I2C2_EV_IRQHandler
                0x0000000008001288                CAN1_RX0_IRQHandler
                0x0000000008001288                FPU_IRQHandler
                0x0000000008001288                TIM1_UP_TIM16_IRQHandler
                0x0000000008001288                ADC1_2_IRQHandler
                0x0000000008001288                SPI1_IRQHandler
                0x0000000008001288                TIM6_DAC_IRQHandler
                0x0000000008001288                TIM8_UP_IRQHandler
                0x0000000008001288                DMA2_Channel2_IRQHandler
                0x0000000008001288                DMA1_Channel4_IRQHandler
                0x0000000008001288                SAI2_IRQHandler
                0x0000000008001288                DFSDM1_FLT3_IRQHandler
                0x0000000008001288                USART3_IRQHandler
                0x0000000008001288                DMA1_Channel7_IRQHandler
                0x0000000008001288                CAN1_RX1_IRQHandler
                0x0000000008001288                LCD_IRQHandler
                0x0000000008001288                UART5_IRQHandler
                0x0000000008001288                ADC3_IRQHandler
                0x0000000008001288                TIM4_IRQHandler
                0x0000000008001288                DMA2_Channel1_IRQHandler
                0x0000000008001288                QUADSPI_IRQHandler
                0x0000000008001288                I2C1_EV_IRQHandler
                0x0000000008001288                DMA1_Channel6_IRQHandler
                0x0000000008001288                UART4_IRQHandler
                0x0000000008001288                DMA2_Channel4_IRQHandler
                0x0000000008001288                TIM3_IRQHandler
                0x0000000008001288                RCC_IRQHandler
                0x0000000008001288                DMA1_Channel1_IRQHandler
                0x0000000008001288                Default_Handler
                0x0000000008001288                DMA2_Channel7_IRQHandler
                0x0000000008001288                EXTI15_10_IRQHandler
                0x0000000008001288                TIM7_IRQHandler
                0x0000000008001288                SDMMC1_IRQHandler
                0x0000000008001288                TIM5_IRQHandler
                0x0000000008001288                I2C3_EV_IRQHandler
                0x0000000008001288                EXTI9_5_IRQHandler
                0x0000000008001288                RTC_WKUP_IRQHandler
                0x0000000008001288                PVD_PVM_IRQHandler
                0x0000000008001288                SPI2_IRQHandler
                0x0000000008001288                CAN1_TX_IRQHandler
                0x0000000008001288                DMA2_Channel5_IRQHandler
                0x0000000008001288                DMA1_Channel5_IRQHandler
                0x0000000008001288                EXTI4_IRQHandler
                0x0000000008001288                RNG_IRQHandler
                0x0000000008001288                TIM1_TRG_COM_TIM17_IRQHandler
                0x0000000008001288                DMA1_Channel3_IRQHandler
                0x0000000008001288                COMP_IRQHandler
                0x0000000008001288                WWDG_IRQHandler
                0x0000000008001288                LPUART1_IRQHandler
                0x0000000008001288                DMA2_Channel6_IRQHandler
                0x0000000008001288                TIM2_IRQHandler
                0x0000000008001288                EXTI1_IRQHandler
                0x0000000008001288                USART2_IRQHandler
                0x0000000008001288                DFSDM1_FLT0_IRQHandler
                0x0000000008001288                I2C2_ER_IRQHandler
                0x0000000008001288                DMA1_Channel2_IRQHandler
                0x0000000008001288                TIM8_BRK_IRQHandler
                0x0000000008001288                CAN1_SCE_IRQHandler
                0x0000000008001288                FLASH_IRQHandler
                0x0000000008001288                USART1_IRQHandler
                0x0000000008001288                OTG_FS_IRQHandler
                0x0000000008001288                SPI3_IRQHandler
                0x0000000008001288                I2C1_ER_IRQHandler
                0x0000000008001288                FMC_IRQHandler
                0x0000000008001288                SWPMI1_IRQHandler
                0x0000000008001288                LPTIM1_IRQHandler
                0x0000000008001288                SAI1_IRQHandler
                0x0000000008001288                DMA2_Channel3_IRQHandler
                0x0000000008001288                TIM1_BRK_TIM15_IRQHandler
 *fill*         0x000000000800128a        0x2 
 .text.nRF24_CSN_L
                0x000000000800128c       0x1c ./Drivers/NRF24L01/nrf24.o
 .text.nRF24_CSN_H
                0x00000000080012a8       0x1c ./Drivers/NRF24L01/nrf24.o
 .text.nRF24_LL_RW
                0x00000000080012c4       0x38 ./Drivers/NRF24L01/nrf24.o
 .text.nRF24_ReadReg
                0x00000000080012fc       0x34 ./Drivers/NRF24L01/nrf24.o
 .text.nRF24_WriteReg
                0x0000000008001330       0x70 ./Drivers/NRF24L01/nrf24.o
 .text.nRF24_ReadMBReg
                0x00000000080013a0       0x44 ./Drivers/NRF24L01/nrf24.o
 .text.nRF24_WriteMBReg
                0x00000000080013e4       0x42 ./Drivers/NRF24L01/nrf24.o
 .text.nRF24_Init
                0x0000000008001426       0x98 ./Drivers/NRF24L01/nrf24.o
                0x0000000008001426                nRF24_Init
 *fill*         0x00000000080014be        0x2 
 .text.nRF24_Check
                0x00000000080014c0       0x5c ./Drivers/NRF24L01/nrf24.o
                0x00000000080014c0                nRF24_Check
 .text.nRF24_SetPowerMode
                0x000000000800151c       0x3e ./Drivers/NRF24L01/nrf24.o
                0x000000000800151c                nRF24_SetPowerMode
 .text.nRF24_SetOperationalMode
                0x000000000800155a       0x42 ./Drivers/NRF24L01/nrf24.o
                0x000000000800155a                nRF24_SetOperationalMode
 .text.nRF24_SetDynamicPayloadLength
                0x000000000800159c       0x54 ./Drivers/NRF24L01/nrf24.o
                0x000000000800159c                nRF24_SetDynamicPayloadLength
 .text.nRF24_SetPayloadWithAck
                0x00000000080015f0       0x44 ./Drivers/NRF24L01/nrf24.o
                0x00000000080015f0                nRF24_SetPayloadWithAck
 .text.nRF24_SetCRCScheme
                0x0000000008001634       0x42 ./Drivers/NRF24L01/nrf24.o
                0x0000000008001634                nRF24_SetCRCScheme
 .text.nRF24_SetRFChannel
                0x0000000008001676       0x1c ./Drivers/NRF24L01/nrf24.o
                0x0000000008001676                nRF24_SetRFChannel
 .text.nRF24_SetAutoRetr
                0x0000000008001692       0x36 ./Drivers/NRF24L01/nrf24.o
                0x0000000008001692                nRF24_SetAutoRetr
 .text.nRF24_SetAddrWidth
                0x00000000080016c8       0x20 ./Drivers/NRF24L01/nrf24.o
                0x00000000080016c8                nRF24_SetAddrWidth
 .text.nRF24_SetAddr
                0x00000000080016e8       0x94 ./Drivers/NRF24L01/nrf24.o
                0x00000000080016e8                nRF24_SetAddr
 .text.nRF24_SetTXPower
                0x000000000800177c       0x36 ./Drivers/NRF24L01/nrf24.o
                0x000000000800177c                nRF24_SetTXPower
 .text.nRF24_SetDataRate
                0x00000000080017b2       0x36 ./Drivers/NRF24L01/nrf24.o
                0x00000000080017b2                nRF24_SetDataRate
 .text.nRF24_EnableAA
                0x00000000080017e8       0x3a ./Drivers/NRF24L01/nrf24.o
                0x00000000080017e8                nRF24_EnableAA
 .text.nRF24_GetStatus
                0x0000000008001822       0x10 ./Drivers/NRF24L01/nrf24.o
                0x0000000008001822                nRF24_GetStatus
 .text.nRF24_GetRetransmitCounters
                0x0000000008001832       0x10 ./Drivers/NRF24L01/nrf24.o
                0x0000000008001832                nRF24_GetRetransmitCounters
 .text.nRF24_ResetPLOS
                0x0000000008001842       0x22 ./Drivers/NRF24L01/nrf24.o
                0x0000000008001842                nRF24_ResetPLOS
 .text.nRF24_FlushTX
                0x0000000008001864       0x10 ./Drivers/NRF24L01/nrf24.o
                0x0000000008001864                nRF24_FlushTX
 .text.nRF24_FlushRX
                0x0000000008001874       0x10 ./Drivers/NRF24L01/nrf24.o
                0x0000000008001874                nRF24_FlushRX
 .text.nRF24_ClearIRQFlags
                0x0000000008001884       0x2a ./Drivers/NRF24L01/nrf24.o
                0x0000000008001884                nRF24_ClearIRQFlags
 .text.nRF24_WritePayload
                0x00000000080018ae       0x20 ./Drivers/NRF24L01/nrf24.o
                0x00000000080018ae                nRF24_WritePayload
 .text.nRF24_GetRxDplPayloadWidth
                0x00000000080018ce       0x28 ./Drivers/NRF24L01/nrf24.o
 *fill*         0x00000000080018f6        0x2 
 .text.nRF24_ReadPayloadGeneric
                0x00000000080018f8       0x90 ./Drivers/NRF24L01/nrf24.o
 .text.nRF24_ReadPayloadDpl
                0x0000000008001988       0x1e ./Drivers/NRF24L01/nrf24.o
                0x0000000008001988                nRF24_ReadPayloadDpl
 *fill*         0x00000000080019a6        0x2 
 .text.HAL_Init
                0x00000000080019a8       0x40 ./Drivers/STM32L4xx_HAL_Driver/Src/stm32l4xx_hal.o
                0x00000000080019a8                HAL_Init
 .text.HAL_InitTick
                0x00000000080019e8       0x78 ./Drivers/STM32L4xx_HAL_Driver/Src/stm32l4xx_hal.o
                0x00000000080019e8                HAL_InitTick
 .text.HAL_IncTick
                0x0000000008001a60       0x28 ./Drivers/STM32L4xx_HAL_Driver/Src/stm32l4xx_hal.o
                0x0000000008001a60                HAL_IncTick
 .text.HAL_GetTick
                0x0000000008001a88       0x18 ./Drivers/STM32L4xx_HAL_Driver/Src/stm32l4xx_hal.o
                0x0000000008001a88                HAL_GetTick
 .text.HAL_Delay
                0x0000000008001aa0       0x48 ./Drivers/STM32L4xx_HAL_Driver/Src/stm32l4xx_hal.o
                0x0000000008001aa0                HAL_Delay
 .text.__NVIC_SetPriorityGrouping
                0x0000000008001ae8       0x48 ./Drivers/STM32L4xx_HAL_Driver/Src/stm32l4xx_hal_cortex.o
 .text.__NVIC_GetPriorityGrouping
                0x0000000008001b30       0x1c ./Drivers/STM32L4xx_HAL_Driver/Src/stm32l4xx_hal_cortex.o
 .text.__NVIC_SetPriority
                0x0000000008001b4c       0x54 ./Drivers/STM32L4xx_HAL_Driver/Src/stm32l4xx_hal_cortex.o
 .text.NVIC_EncodePriority
                0x0000000008001ba0       0x66 ./Drivers/STM32L4xx_HAL_Driver/Src/stm32l4xx_hal_cortex.o
 *fill*         0x0000000008001c06        0x2 
 .text.SysTick_Config
                0x0000000008001c08       0x44 ./Drivers/STM32L4xx_HAL_Driver/Src/stm32l4xx_hal_cortex.o
 .text.HAL_NVIC_SetPriorityGrouping
                0x0000000008001c4c       0x16 ./Drivers/STM32L4xx_HAL_Driver/Src/stm32l4xx_hal_cortex.o
                0x0000000008001c4c                HAL_NVIC_SetPriorityGrouping
 .text.HAL_NVIC_SetPriority
                0x0000000008001c62       0x38 ./Drivers/STM32L4xx_HAL_Driver/Src/stm32l4xx_hal_cortex.o
                0x0000000008001c62                HAL_NVIC_SetPriority
 .text.HAL_SYSTICK_Config
                0x0000000008001c9a       0x18 ./Drivers/STM32L4xx_HAL_Driver/Src/stm32l4xx_hal_cortex.o
                0x0000000008001c9a                HAL_SYSTICK_Config
 *fill*         0x0000000008001cb2        0x2 
 .text.HAL_GPIO_Init
                0x0000000008001cb4      0x354 ./Drivers/STM32L4xx_HAL_Driver/Src/stm32l4xx_hal_gpio.o
                0x0000000008001cb4                HAL_GPIO_Init
 .text.HAL_GPIO_WritePin
                0x0000000008002008       0x30 ./Drivers/STM32L4xx_HAL_Driver/Src/stm32l4xx_hal_gpio.o
                0x0000000008002008                HAL_GPIO_WritePin
 .text.HAL_GPIO_TogglePin
                0x0000000008002038       0x34 ./Drivers/STM32L4xx_HAL_Driver/Src/stm32l4xx_hal_gpio.o
                0x0000000008002038                HAL_GPIO_TogglePin
 .text.HAL_I2C_Init
                0x000000000800206c      0x11e ./Drivers/STM32L4xx_HAL_Driver/Src/stm32l4xx_hal_i2c.o
                0x000000000800206c                HAL_I2C_Init
 *fill*         0x000000000800218a        0x2 
 .text.HAL_I2C_Master_Transmit
                0x000000000800218c      0x1e8 ./Drivers/STM32L4xx_HAL_Driver/Src/stm32l4xx_hal_i2c.o
                0x000000000800218c                HAL_I2C_Master_Transmit
 .text.HAL_I2C_Master_Receive
                0x0000000008002374      0x1ec ./Drivers/STM32L4xx_HAL_Driver/Src/stm32l4xx_hal_i2c.o
                0x0000000008002374                HAL_I2C_Master_Receive
 .text.HAL_I2C_Mem_Write
                0x0000000008002560      0x228 ./Drivers/STM32L4xx_HAL_Driver/Src/stm32l4xx_hal_i2c.o
                0x0000000008002560                HAL_I2C_Mem_Write
 .text.I2C_RequestMemoryWrite
                0x0000000008002788       0xa8 ./Drivers/STM32L4xx_HAL_Driver/Src/stm32l4xx_hal_i2c.o
 .text.I2C_Flush_TXDR
                0x0000000008002830       0x48 ./Drivers/STM32L4xx_HAL_Driver/Src/stm32l4xx_hal_i2c.o
 .text.I2C_WaitOnFlagUntilTimeout
                0x0000000008002878       0x80 ./Drivers/STM32L4xx_HAL_Driver/Src/stm32l4xx_hal_i2c.o
 .text.I2C_WaitOnTXISFlagUntilTimeout
                0x00000000080028f8       0x80 ./Drivers/STM32L4xx_HAL_Driver/Src/stm32l4xx_hal_i2c.o
 .text.I2C_WaitOnSTOPFlagUntilTimeout
                0x0000000008002978       0x78 ./Drivers/STM32L4xx_HAL_Driver/Src/stm32l4xx_hal_i2c.o
 .text.I2C_WaitOnRXNEFlagUntilTimeout
                0x00000000080029f0       0xf4 ./Drivers/STM32L4xx_HAL_Driver/Src/stm32l4xx_hal_i2c.o
 .text.I2C_IsErrorOccurred
                0x0000000008002ae4      0x1d8 ./Drivers/STM32L4xx_HAL_Driver/Src/stm32l4xx_hal_i2c.o
 .text.I2C_TransferConfig
                0x0000000008002cbc       0x64 ./Drivers/STM32L4xx_HAL_Driver/Src/stm32l4xx_hal_i2c.o
 .text.HAL_I2CEx_ConfigAnalogFilter
                0x0000000008002d20       0x96 ./Drivers/STM32L4xx_HAL_Driver/Src/stm32l4xx_hal_i2c_ex.o
                0x0000000008002d20                HAL_I2CEx_ConfigAnalogFilter
 .text.HAL_I2CEx_ConfigDigitalFilter
                0x0000000008002db6       0x98 ./Drivers/STM32L4xx_HAL_Driver/Src/stm32l4xx_hal_i2c_ex.o
                0x0000000008002db6                HAL_I2CEx_ConfigDigitalFilter
 *fill*         0x0000000008002e4e        0x2 
 .text.HAL_PWREx_GetVoltageRange
                0x0000000008002e50       0x1c ./Drivers/STM32L4xx_HAL_Driver/Src/stm32l4xx_hal_pwr_ex.o
                0x0000000008002e50                HAL_PWREx_GetVoltageRange
 .text.HAL_PWREx_ControlVoltageScaling
                0x0000000008002e6c       0xac ./Drivers/STM32L4xx_HAL_Driver/Src/stm32l4xx_hal_pwr_ex.o
                0x0000000008002e6c                HAL_PWREx_ControlVoltageScaling
 .text.HAL_RCC_OscConfig
                0x0000000008002f18      0x7b8 ./Drivers/STM32L4xx_HAL_Driver/Src/stm32l4xx_hal_rcc.o
                0x0000000008002f18                HAL_RCC_OscConfig
 .text.HAL_RCC_ClockConfig
                0x00000000080036d0      0x200 ./Drivers/STM32L4xx_HAL_Driver/Src/stm32l4xx_hal_rcc.o
                0x00000000080036d0                HAL_RCC_ClockConfig
 .text.HAL_RCC_GetSysClockFreq
                0x00000000080038d0      0x118 ./Drivers/STM32L4xx_HAL_Driver/Src/stm32l4xx_hal_rcc.o
                0x00000000080038d0                HAL_RCC_GetSysClockFreq
 .text.HAL_RCC_GetHCLKFreq
                0x00000000080039e8       0x18 ./Drivers/STM32L4xx_HAL_Driver/Src/stm32l4xx_hal_rcc.o
                0x00000000080039e8                HAL_RCC_GetHCLKFreq
 .text.HAL_RCC_GetPCLK1Freq
                0x0000000008003a00       0x2c ./Drivers/STM32L4xx_HAL_Driver/Src/stm32l4xx_hal_rcc.o
                0x0000000008003a00                HAL_RCC_GetPCLK1Freq
 .text.HAL_RCC_GetPCLK2Freq
                0x0000000008003a2c       0x2c ./Drivers/STM32L4xx_HAL_Driver/Src/stm32l4xx_hal_rcc.o
                0x0000000008003a2c                HAL_RCC_GetPCLK2Freq
 .text.RCC_SetFlashLatencyFromMSIRange
                0x0000000008003a58       0xc0 ./Drivers/STM32L4xx_HAL_Driver/Src/stm32l4xx_hal_rcc.o
 .text.HAL_RCCEx_PeriphCLKConfig
                0x0000000008003b18      0x5d4 ./Drivers/STM32L4xx_HAL_Driver/Src/stm32l4xx_hal_rcc_ex.o
                0x0000000008003b18                HAL_RCCEx_PeriphCLKConfig
 .text.RCCEx_PLLSAI1_Config
                0x00000000080040ec      0x1e8 ./Drivers/STM32L4xx_HAL_Driver/Src/stm32l4xx_hal_rcc_ex.o
 .text.RCCEx_PLLSAI2_Config
                0x00000000080042d4      0x1bc ./Drivers/STM32L4xx_HAL_Driver/Src/stm32l4xx_hal_rcc_ex.o
 .text.HAL_SPI_Init
                0x0000000008004490      0x146 ./Drivers/STM32L4xx_HAL_Driver/Src/stm32l4xx_hal_spi.o
                0x0000000008004490                HAL_SPI_Init
 .text.HAL_SPI_TransmitReceive
                0x00000000080045d6      0x426 ./Drivers/STM32L4xx_HAL_Driver/Src/stm32l4xx_hal_spi.o
                0x00000000080045d6                HAL_SPI_TransmitReceive
 .text.SPI_WaitFlagStateUntilTimeout
                0x00000000080049fc      0x110 ./Drivers/STM32L4xx_HAL_Driver/Src/stm32l4xx_hal_spi.o
 .text.SPI_WaitFifoStateUntilTimeout
                0x0000000008004b0c      0x12c ./Drivers/STM32L4xx_HAL_Driver/Src/stm32l4xx_hal_spi.o
 .text.SPI_EndRxTxTransaction
                0x0000000008004c38       0x8c ./Drivers/STM32L4xx_HAL_Driver/Src/stm32l4xx_hal_spi.o
 .text.HAL_SPIEx_FlushRxFifo
                0x0000000008004cc4       0x44 ./Drivers/STM32L4xx_HAL_Driver/Src/stm32l4xx_hal_spi_ex.o
                0x0000000008004cc4                HAL_SPIEx_FlushRxFifo
 .text.HAL_UART_Init
                0x0000000008004d08       0x9c ./Drivers/STM32L4xx_HAL_Driver/Src/stm32l4xx_hal_uart.o
                0x0000000008004d08                HAL_UART_Init
 .text.HAL_UART_Transmit
                0x0000000008004da4      0x128 ./Drivers/STM32L4xx_HAL_Driver/Src/stm32l4xx_hal_uart.o
                0x0000000008004da4                HAL_UART_Transmit
 .text.UART_SetConfig
                0x0000000008004ecc      0x570 ./Drivers/STM32L4xx_HAL_Driver/Src/stm32l4xx_hal_uart.o
                0x0000000008004ecc                UART_SetConfig
 .text.UART_AdvFeatureConfig
                0x000000000800543c      0x144 ./Drivers/STM32L4xx_HAL_Driver/Src/stm32l4xx_hal_uart.o
                0x000000000800543c                UART_AdvFeatureConfig
 .text.UART_CheckIdleState
                0x0000000008005580       0x92 ./Drivers/STM32L4xx_HAL_Driver/Src/stm32l4xx_hal_uart.o
                0x0000000008005580                UART_CheckIdleState
 .text.UART_WaitOnFlagUntilTimeout
                0x0000000008005612      0x188 ./Drivers/STM32L4xx_HAL_Driver/Src/stm32l4xx_hal_uart.o
                0x0000000008005612                UART_WaitOnFlagUntilTimeout
 .text.VL53L0X_Prepare
                0x000000000800579a       0x62 ./Drivers/VL53L0X/vl53l0x_class.o
                0x000000000800579a                VL53L0X_Prepare
 .text.VL53L0X_GetDistance
                0x00000000080057fc       0x60 ./Drivers/VL53L0X/vl53l0x_class.o
                0x00000000080057fc                VL53L0X_GetDistance
 .text.SetDeviceAddress
                0x000000000800585c       0x34 ./Drivers/VL53L0X/vl53l0x_class.o
                0x000000000800585c                SetDeviceAddress
 .text.VL53L0X_device_read_strobe
                0x0000000008005890       0x86 ./Drivers/VL53L0X/vl53l0x_class.o
                0x0000000008005890                VL53L0X_device_read_strobe
 .text.VL53L0X_get_info_from_device
                0x0000000008005916      0x99a ./Drivers/VL53L0X/vl53l0x_class.o
                0x0000000008005916                VL53L0X_get_info_from_device
 .text.VL53L0X_get_offset_calibration_data_micro_meter
                0x00000000080062b0       0x7e ./Drivers/VL53L0X/vl53l0x_class.o
                0x00000000080062b0                VL53L0X_get_offset_calibration_data_micro_meter
 .text.VL53L0X_GetOffsetCalibrationDataMicroMeter
                0x000000000800632e       0x26 ./Drivers/VL53L0X/vl53l0x_class.o
                0x000000000800632e                VL53L0X_GetOffsetCalibrationDataMicroMeter
 .text.VL53L0X_GetDeviceMode
                0x0000000008006354       0x26 ./Drivers/VL53L0X/vl53l0x_class.o
                0x0000000008006354                VL53L0X_GetDeviceMode
 .text.VL53L0X_GetInterMeasurementPeriodMilliSeconds
                0x000000000800637a       0x68 ./Drivers/VL53L0X/vl53l0x_class.o
                0x000000000800637a                VL53L0X_GetInterMeasurementPeriodMilliSeconds
 .text.VL53L0X_GetXTalkCompensationRateMegaCps
                0x00000000080063e2       0x66 ./Drivers/VL53L0X/vl53l0x_class.o
                0x00000000080063e2                VL53L0X_GetXTalkCompensationRateMegaCps
 .text.VL53L0X_GetLimitCheckValue
                0x0000000008006448      0x11c ./Drivers/VL53L0X/vl53l0x_class.o
                0x0000000008006448                VL53L0X_GetLimitCheckValue
 .text.VL53L0X_GetLimitCheckEnable
                0x0000000008006564       0x46 ./Drivers/VL53L0X/vl53l0x_class.o
                0x0000000008006564                VL53L0X_GetLimitCheckEnable
 .text.VL53L0X_GetWrapAroundCheckEnable
                0x00000000080065aa       0x64 ./Drivers/VL53L0X/vl53l0x_class.o
                0x00000000080065aa                VL53L0X_GetWrapAroundCheckEnable
 *fill*         0x000000000800660e        0x2 
 .text.sequence_step_enabled
                0x0000000008006610       0xa4 ./Drivers/VL53L0X/vl53l0x_class.o
                0x0000000008006610                sequence_step_enabled
 .text.VL53L0X_GetSequenceStepEnables
                0x00000000080066b4       0xb0 ./Drivers/VL53L0X/vl53l0x_class.o
                0x00000000080066b4                VL53L0X_GetSequenceStepEnables
 .text.VL53L0X_decode_vcsel_period
                0x0000000008006764       0x26 ./Drivers/VL53L0X/vl53l0x_class.o
                0x0000000008006764                VL53L0X_decode_vcsel_period
 .text.VL53L0X_encode_vcsel_period
                0x000000000800678a       0x26 ./Drivers/VL53L0X/vl53l0x_class.o
                0x000000000800678a                VL53L0X_encode_vcsel_period
 .text.VL53L0X_set_vcsel_pulse_period
                0x00000000080067b0      0x512 ./Drivers/VL53L0X/vl53l0x_class.o
                0x00000000080067b0                VL53L0X_set_vcsel_pulse_period
 .text.VL53L0X_SetVcselPulsePeriod
                0x0000000008006cc2       0x30 ./Drivers/VL53L0X/vl53l0x_class.o
                0x0000000008006cc2                VL53L0X_SetVcselPulsePeriod
 .text.VL53L0X_get_vcsel_pulse_period
                0x0000000008006cf2       0x6e ./Drivers/VL53L0X/vl53l0x_class.o
                0x0000000008006cf2                VL53L0X_get_vcsel_pulse_period
 .text.VL53L0X_GetVcselPulsePeriod
                0x0000000008006d60       0x2e ./Drivers/VL53L0X/vl53l0x_class.o
                0x0000000008006d60                VL53L0X_GetVcselPulsePeriod
 .text.VL53L0X_decode_timeout
                0x0000000008006d8e       0x2c ./Drivers/VL53L0X/vl53l0x_class.o
                0x0000000008006d8e                VL53L0X_decode_timeout
 .text.VL53L0X_calc_macro_period_ps
                0x0000000008006dba       0x3c ./Drivers/VL53L0X/vl53l0x_class.o
                0x0000000008006dba                VL53L0X_calc_macro_period_ps
 *fill*         0x0000000008006df6        0x2 
 .text.VL53L0X_calc_timeout_us
                0x0000000008006df8       0x54 ./Drivers/VL53L0X/vl53l0x_class.o
                0x0000000008006df8                VL53L0X_calc_timeout_us
 .text.get_sequence_step_timeout
                0x0000000008006e4c      0x1c2 ./Drivers/VL53L0X/vl53l0x_class.o
                0x0000000008006e4c                get_sequence_step_timeout
 .text.VL53L0X_get_measurement_timing_budget_micro_seconds
                0x000000000800700e      0x162 ./Drivers/VL53L0X/vl53l0x_class.o
                0x000000000800700e                VL53L0X_get_measurement_timing_budget_micro_seconds
 .text.VL53L0X_GetMeasurementTimingBudgetMicroSeconds
                0x0000000008007170       0x26 ./Drivers/VL53L0X/vl53l0x_class.o
                0x0000000008007170                VL53L0X_GetMeasurementTimingBudgetMicroSeconds
 .text.VL53L0X_GetDeviceParameters
                0x0000000008007196      0x120 ./Drivers/VL53L0X/vl53l0x_class.o
                0x0000000008007196                VL53L0X_GetDeviceParameters
 *fill*         0x00000000080072b6        0x2 
 .text.VL53L0X_SetLimitCheckValue
                0x00000000080072b8       0xc4 ./Drivers/VL53L0X/vl53l0x_class.o
                0x00000000080072b8                VL53L0X_SetLimitCheckValue
 .text.VL53L0X_DataInit
                0x000000000800737c      0x2c8 ./Drivers/VL53L0X/vl53l0x_class.o
                0x000000000800737c                VL53L0X_DataInit
 .text.VL53L0X_check_part_used
                0x0000000008007644       0x6a ./Drivers/VL53L0X/vl53l0x_class.o
                0x0000000008007644                VL53L0X_check_part_used
 *fill*         0x00000000080076ae        0x2 
 .text.VL53L0X_get_device_info
                0x00000000080076b0      0x108 ./Drivers/VL53L0X/vl53l0x_class.o
                0x00000000080076b0                VL53L0X_get_device_info
 .text.VL53L0X_GetDeviceInfo
                0x00000000080077b8       0x26 ./Drivers/VL53L0X/vl53l0x_class.o
                0x00000000080077b8                VL53L0X_GetDeviceInfo
 .text.VL53L0X_GetInterruptMaskStatus
                0x00000000080077de       0x44 ./Drivers/VL53L0X/vl53l0x_class.o
                0x00000000080077de                VL53L0X_GetInterruptMaskStatus
 .text.VL53L0X_GetMeasurementDataReady
                0x0000000008007822       0x80 ./Drivers/VL53L0X/vl53l0x_class.o
                0x0000000008007822                VL53L0X_GetMeasurementDataReady
 .text.VL53L0X_PollingDelay
                0x00000000080078a2       0x1e ./Drivers/VL53L0X/vl53l0x_class.o
                0x00000000080078a2                VL53L0X_PollingDelay
 .text.VL53L0X_measurement_poll_for_completion
                0x00000000080078c0       0x60 ./Drivers/VL53L0X/vl53l0x_class.o
                0x00000000080078c0                VL53L0X_measurement_poll_for_completion
 .text.VL53L0X_ClearInterruptMask
                0x0000000008007920       0x80 ./Drivers/VL53L0X/vl53l0x_class.o
                0x0000000008007920                VL53L0X_ClearInterruptMask
 .text.VL53L0X_perform_single_ref_calibration
                0x00000000080079a0       0x76 ./Drivers/VL53L0X/vl53l0x_class.o
                0x00000000080079a0                VL53L0X_perform_single_ref_calibration
 .text.VL53L0X_ref_calibration_io
                0x0000000008007a16      0x132 ./Drivers/VL53L0X/vl53l0x_class.o
                0x0000000008007a16                VL53L0X_ref_calibration_io
 .text.VL53L0X_perform_vhv_calibration
                0x0000000008007b48       0xce ./Drivers/VL53L0X/vl53l0x_class.o
                0x0000000008007b48                VL53L0X_perform_vhv_calibration
 .text.VL53L0X_perform_phase_calibration
                0x0000000008007c16       0xca ./Drivers/VL53L0X/vl53l0x_class.o
                0x0000000008007c16                VL53L0X_perform_phase_calibration
 .text.VL53L0X_perform_ref_calibration
                0x0000000008007ce0       0x7a ./Drivers/VL53L0X/vl53l0x_class.o
                0x0000000008007ce0                VL53L0X_perform_ref_calibration
 .text.get_next_good_spad
                0x0000000008007d5a       0xbc ./Drivers/VL53L0X/vl53l0x_class.o
                0x0000000008007d5a                get_next_good_spad
 *fill*         0x0000000008007e16        0x2 
 .text.is_aperture
                0x0000000008007e18       0x34 ./Drivers/VL53L0X/vl53l0x_class.o
                0x0000000008007e18                is_aperture
 .text.enable_spad_bit
                0x0000000008007e4c       0x70 ./Drivers/VL53L0X/vl53l0x_class.o
                0x0000000008007e4c                enable_spad_bit
 .text.set_ref_spad_map
                0x0000000008007ebc       0x26 ./Drivers/VL53L0X/vl53l0x_class.o
                0x0000000008007ebc                set_ref_spad_map
 .text.get_ref_spad_map
                0x0000000008007ee2       0x26 ./Drivers/VL53L0X/vl53l0x_class.o
                0x0000000008007ee2                get_ref_spad_map
 .text.enable_ref_spads
                0x0000000008007f08       0xf8 ./Drivers/VL53L0X/vl53l0x_class.o
                0x0000000008007f08                enable_ref_spads
 .text.VL53L0X_SetDeviceMode
                0x0000000008008000       0x58 ./Drivers/VL53L0X/vl53l0x_class.o
                0x0000000008008000                VL53L0X_SetDeviceMode
 .text.VL53L0X_GetInterruptThresholds
                0x0000000008008058       0x6c ./Drivers/VL53L0X/vl53l0x_class.o
                0x0000000008008058                VL53L0X_GetInterruptThresholds
 .text.VL53L0X_load_tuning_settings
                0x00000000080080c4      0x1c4 ./Drivers/VL53L0X/vl53l0x_class.o
                0x00000000080080c4                VL53L0X_load_tuning_settings
 .text.VL53L0X_CheckAndLoadInterruptSettings
                0x0000000008008288       0xcc ./Drivers/VL53L0X/vl53l0x_class.o
                0x0000000008008288                VL53L0X_CheckAndLoadInterruptSettings
 .text.VL53L0X_StartMeasurement
                0x0000000008008354      0x184 ./Drivers/VL53L0X/vl53l0x_class.o
                0x0000000008008354                VL53L0X_StartMeasurement
 .text.VL53L0X_PerformSingleMeasurement
                0x00000000080084d8       0x68 ./Drivers/VL53L0X/vl53l0x_class.o
                0x00000000080084d8                VL53L0X_PerformSingleMeasurement
 .text.VL53L0X_GetXTalkCompensationEnable
                0x0000000008008540       0x2a ./Drivers/VL53L0X/vl53l0x_class.o
                0x0000000008008540                VL53L0X_GetXTalkCompensationEnable
 .text.VL53L0X_get_total_xtalk_rate
                0x000000000800856a       0x5e ./Drivers/VL53L0X/vl53l0x_class.o
                0x000000000800856a                VL53L0X_get_total_xtalk_rate
 .text.VL53L0X_get_total_signal_rate
                0x00000000080085c8       0x4a ./Drivers/VL53L0X/vl53l0x_class.o
                0x00000000080085c8                VL53L0X_get_total_signal_rate
 *fill*         0x0000000008008612        0x2 
 .text.VL53L0X_calc_timeout_mclks
                0x0000000008008614       0x54 ./Drivers/VL53L0X/vl53l0x_class.o
                0x0000000008008614                VL53L0X_calc_timeout_mclks
 .text.VL53L0X_isqrt
                0x0000000008008668       0x68 ./Drivers/VL53L0X/vl53l0x_class.o
                0x0000000008008668                VL53L0X_isqrt
 .text.VL53L0X_calc_dmax
                0x00000000080086d0      0x238 ./Drivers/VL53L0X/vl53l0x_class.o
                0x00000000080086d0                VL53L0X_calc_dmax
 .text.VL53L0X_calc_sigma_estimate
                0x0000000008008908      0x490 ./Drivers/VL53L0X/vl53l0x_class.o
                0x0000000008008908                VL53L0X_calc_sigma_estimate
 .text.VL53L0X_get_pal_range_status
                0x0000000008008d98      0x3b6 ./Drivers/VL53L0X/vl53l0x_class.o
                0x0000000008008d98                VL53L0X_get_pal_range_status
 *fill*         0x000000000800914e        0x2 
 .text.VL53L0X_GetRangingMeasurementData
                0x0000000008009150      0x248 ./Drivers/VL53L0X/vl53l0x_class.o
                0x0000000008009150                VL53L0X_GetRangingMeasurementData
 .text.VL53L0X_PerformSingleRangingMeasurement
                0x0000000008009398       0x60 ./Drivers/VL53L0X/vl53l0x_class.o
                0x0000000008009398                VL53L0X_PerformSingleRangingMeasurement
 .text.perform_ref_signal_measurement
                0x00000000080093f8       0xd4 ./Drivers/VL53L0X/vl53l0x_class.o
                0x00000000080093f8                perform_ref_signal_measurement
 .text.VL53L0X_perform_ref_spad_management
                0x00000000080094cc      0x418 ./Drivers/VL53L0X/vl53l0x_class.o
                0x00000000080094cc                VL53L0X_perform_ref_spad_management
 .text.VL53L0X_set_reference_spads
                0x00000000080098e4      0x14a ./Drivers/VL53L0X/vl53l0x_class.o
                0x00000000080098e4                VL53L0X_set_reference_spads
 .text.VL53L0X_PerformRefCalibration
                0x0000000008009a2e       0x2c ./Drivers/VL53L0X/vl53l0x_class.o
                0x0000000008009a2e                VL53L0X_PerformRefCalibration
 .text.VL53L0X_PerformRefSpadManagement
                0x0000000008009a5a       0x2a ./Drivers/VL53L0X/vl53l0x_class.o
                0x0000000008009a5a                VL53L0X_PerformRefSpadManagement
 .text.VL53L0X_SetDeviceAddress
                0x0000000008009a84       0x30 ./Drivers/VL53L0X/vl53l0x_class.o
                0x0000000008009a84                VL53L0X_SetDeviceAddress
 .text.VL53L0X_SetGpioConfig
                0x0000000008009ab4      0x248 ./Drivers/VL53L0X/vl53l0x_class.o
                0x0000000008009ab4                VL53L0X_SetGpioConfig
 .text.VL53L0X_GetFractionEnable
                0x0000000008009cfc       0x3e ./Drivers/VL53L0X/vl53l0x_class.o
                0x0000000008009cfc                VL53L0X_GetFractionEnable
 .text.VL53L0X_encode_timeout
                0x0000000008009d3a       0x58 ./Drivers/VL53L0X/vl53l0x_class.o
                0x0000000008009d3a                VL53L0X_encode_timeout
 .text.set_sequence_step_timeout
                0x0000000008009d92      0x1e4 ./Drivers/VL53L0X/vl53l0x_class.o
                0x0000000008009d92                set_sequence_step_timeout
 .text.VL53L0X_set_measurement_timing_budget_micro_seconds
                0x0000000008009f76      0x1c0 ./Drivers/VL53L0X/vl53l0x_class.o
                0x0000000008009f76                VL53L0X_set_measurement_timing_budget_micro_seconds
 .text.VL53L0X_SetMeasurementTimingBudgetMicroSeconds
                0x000000000800a136       0x26 ./Drivers/VL53L0X/vl53l0x_class.o
                0x000000000800a136                VL53L0X_SetMeasurementTimingBudgetMicroSeconds
 .text.VL53L0X_SetSequenceStepEnable
                0x000000000800a15c      0x144 ./Drivers/VL53L0X/vl53l0x_class.o
                0x000000000800a15c                VL53L0X_SetSequenceStepEnable
 .text.VL53L0X_SetLimitCheckEnable
                0x000000000800a2a0      0x118 ./Drivers/VL53L0X/vl53l0x_class.o
                0x000000000800a2a0                VL53L0X_SetLimitCheckEnable
 .text.VL53L0X_StaticInit
                0x000000000800a3b8      0x2f4 ./Drivers/VL53L0X/vl53l0x_class.o
                0x000000000800a3b8                VL53L0X_StaticInit
 .text.VL53L0X_StopMeasurement
                0x000000000800a6ac       0x90 ./Drivers/VL53L0X/vl53l0x_class.o
                0x000000000800a6ac                VL53L0X_StopMeasurement
 .text.VL53L0X_GetStopCompletedStatus
                0x000000000800a73c       0xd2 ./Drivers/VL53L0X/vl53l0x_class.o
                0x000000000800a73c                VL53L0X_GetStopCompletedStatus
 .text.VL53L0X_WriteMulti
                0x000000000800a80e       0x32 ./Drivers/VL53L0X/vl53l0x_class.o
                0x000000000800a80e                VL53L0X_WriteMulti
 .text.VL53L0X_ReadMulti
                0x000000000800a840       0x3e ./Drivers/VL53L0X/vl53l0x_class.o
                0x000000000800a840                VL53L0X_ReadMulti
 .text.VL53L0X_WrByte
                0x000000000800a87e       0x30 ./Drivers/VL53L0X/vl53l0x_class.o
                0x000000000800a87e                VL53L0X_WrByte
 .text.VL53L0X_WrWord
                0x000000000800a8ae       0x42 ./Drivers/VL53L0X/vl53l0x_class.o
                0x000000000800a8ae                VL53L0X_WrWord
 .text.VL53L0X_RdByte
                0x000000000800a8f0       0x38 ./Drivers/VL53L0X/vl53l0x_class.o
                0x000000000800a8f0                VL53L0X_RdByte
 .text.VL53L0X_RdWord
                0x000000000800a928       0x4e ./Drivers/VL53L0X/vl53l0x_class.o
                0x000000000800a928                VL53L0X_RdWord
 .text.VL53L0X_RdDWord
                0x000000000800a976       0x54 ./Drivers/VL53L0X/vl53l0x_class.o
                0x000000000800a976                VL53L0X_RdDWord
 .text.VL53L0X_UpdateByte
                0x000000000800a9ca       0x6c ./Drivers/VL53L0X/vl53l0x_class.o
                0x000000000800a9ca                VL53L0X_UpdateByte
 *fill*         0x000000000800aa36        0x2 
 .text.VL53L0X_I2CRead
                0x000000000800aa38       0x80 ./Drivers/VL53L0X/vl53l0x_class.o
                0x000000000800aa38                VL53L0X_I2CRead
 .text.VL53L0X_I2CWrite
                0x000000000800aab8       0x5c ./Drivers/VL53L0X/vl53l0x_class.o
                0x000000000800aab8                VL53L0X_I2CWrite
 .text.VL53L0X_ReadID
                0x000000000800ab14       0x3c ./Drivers/VL53L0X/vl53l0x_class.o
                0x000000000800ab14                VL53L0X_ReadID
 .text.VL53L0X_WaitStopCompleted
                0x000000000800ab50       0x66 ./Drivers/VL53L0X/vl53l0x_class.o
                0x000000000800ab50                VL53L0X_WaitStopCompleted
 .text.VL53L0X_IsPresent
                0x000000000800abb6       0x1a ./Drivers/VL53L0X/vl53l0x_class.o
                0x000000000800abb6                VL53L0X_IsPresent
 .text.VL53L0X_InitSensor
                0x000000000800abd0       0xd8 ./Drivers/VL53L0X/vl53l0x_class.o
                0x000000000800abd0                VL53L0X_InitSensor
 .text.VL53L0X_StartMeasurementSimplified
                0x000000000800aca8      0x14c ./Drivers/VL53L0X/vl53l0x_class.o
                0x000000000800aca8                VL53L0X_StartMeasurementSimplified
 .text.VL53L0X_GetMeasurementSimplified
                0x000000000800adf4       0x64 ./Drivers/VL53L0X/vl53l0x_class.o
                0x000000000800adf4                VL53L0X_GetMeasurementSimplified
 .text.VL53L0X_StopMeasurementSimplified
                0x000000000800ae58       0x6c ./Drivers/VL53L0X/vl53l0x_class.o
                0x000000000800ae58                VL53L0X_StopMeasurementSimplified
 .text.__errno  0x000000000800aec4        0xc c:/st/stm32cubeide_1.11.0/stm32cubeide/plugins/com.st.stm32cube.ide.mcu.externaltools.gnu-tools-for-stm32.10.3-2021.10.win32_1.0.100.202210260954/tools/bin/../lib/gcc/arm-none-eabi/10.3.1/../../../../arm-none-eabi/lib/thumb/v7e-m+fp/hard\libc_nano.a(lib_a-errno.o)
                0x000000000800aec4                __errno
 .text.__libc_init_array
                0x000000000800aed0       0x48 c:/st/stm32cubeide_1.11.0/stm32cubeide/plugins/com.st.stm32cube.ide.mcu.externaltools.gnu-tools-for-stm32.10.3-2021.10.win32_1.0.100.202210260954/tools/bin/../lib/gcc/arm-none-eabi/10.3.1/../../../../arm-none-eabi/lib/thumb/v7e-m+fp/hard\libc_nano.a(lib_a-init.o)
                0x000000000800aed0                __libc_init_array
 .text.memcpy   0x000000000800af18       0x1c c:/st/stm32cubeide_1.11.0/stm32cubeide/plugins/com.st.stm32cube.ide.mcu.externaltools.gnu-tools-for-stm32.10.3-2021.10.win32_1.0.100.202210260954/tools/bin/../lib/gcc/arm-none-eabi/10.3.1/../../../../arm-none-eabi/lib/thumb/v7e-m+fp/hard\libc_nano.a(lib_a-memcpy-stub.o)
                0x000000000800af18                memcpy
 .text.memset   0x000000000800af34       0x10 c:/st/stm32cubeide_1.11.0/stm32cubeide/plugins/com.st.stm32cube.ide.mcu.externaltools.gnu-tools-for-stm32.10.3-2021.10.win32_1.0.100.202210260954/tools/bin/../lib/gcc/arm-none-eabi/10.3.1/../../../../arm-none-eabi/lib/thumb/v7e-m+fp/hard\libc_nano.a(lib_a-memset.o)
                0x000000000800af34                memset
 .text.printf   0x000000000800af44       0x30 c:/st/stm32cubeide_1.11.0/stm32cubeide/plugins/com.st.stm32cube.ide.mcu.externaltools.gnu-tools-for-stm32.10.3-2021.10.win32_1.0.100.202210260954/tools/bin/../lib/gcc/arm-none-eabi/10.3.1/../../../../arm-none-eabi/lib/thumb/v7e-m+fp/hard\libc_nano.a(lib_a-printf.o)
                0x000000000800af44                iprintf
                0x000000000800af44                printf
 .text._puts_r  0x000000000800af74       0xdc c:/st/stm32cubeide_1.11.0/stm32cubeide/plugins/com.st.stm32cube.ide.mcu.externaltools.gnu-tools-for-stm32.10.3-2021.10.win32_1.0.100.202210260954/tools/bin/../lib/gcc/arm-none-eabi/10.3.1/../../../../arm-none-eabi/lib/thumb/v7e-m+fp/hard\libc_nano.a(lib_a-puts.o)
                0x000000000800af74                _puts_r
 .text.puts     0x000000000800b050       0x10 c:/st/stm32cubeide_1.11.0/stm32cubeide/plugins/com.st.stm32cube.ide.mcu.externaltools.gnu-tools-for-stm32.10.3-2021.10.win32_1.0.100.202210260954/tools/bin/../lib/gcc/arm-none-eabi/10.3.1/../../../../arm-none-eabi/lib/thumb/v7e-m+fp/hard\libc_nano.a(lib_a-puts.o)
                0x000000000800b050                puts
 .text.sprintf  0x000000000800b060       0x40 c:/st/stm32cubeide_1.11.0/stm32cubeide/plugins/com.st.stm32cube.ide.mcu.externaltools.gnu-tools-for-stm32.10.3-2021.10.win32_1.0.100.202210260954/tools/bin/../lib/gcc/arm-none-eabi/10.3.1/../../../../arm-none-eabi/lib/thumb/v7e-m+fp/hard\libc_nano.a(lib_a-sprintf.o)
                0x000000000800b060                siprintf
                0x000000000800b060                sprintf
 .text.strcpy   0x000000000800b0a0       0x10 c:/st/stm32cubeide_1.11.0/stm32cubeide/plugins/com.st.stm32cube.ide.mcu.externaltools.gnu-tools-for-stm32.10.3-2021.10.win32_1.0.100.202210260954/tools/bin/../lib/gcc/arm-none-eabi/10.3.1/../../../../arm-none-eabi/lib/thumb/v7e-m+fp/hard\libc_nano.a(lib_a-strcpy.o)
                0x000000000800b0a0                strcpy
 .text.__swbuf_r
                0x000000000800b0b0       0xa4 c:/st/stm32cubeide_1.11.0/stm32cubeide/plugins/com.st.stm32cube.ide.mcu.externaltools.gnu-tools-for-stm32.10.3-2021.10.win32_1.0.100.202210260954/tools/bin/../lib/gcc/arm-none-eabi/10.3.1/../../../../arm-none-eabi/lib/thumb/v7e-m+fp/hard\libc_nano.a(lib_a-wbuf.o)
                0x000000000800b0b0                __swbuf_r
 .text.__swsetup_r
                0x000000000800b154       0xdc c:/st/stm32cubeide_1.11.0/stm32cubeide/plugins/com.st.stm32cube.ide.mcu.externaltools.gnu-tools-for-stm32.10.3-2021.10.win32_1.0.100.202210260954/tools/bin/../lib/gcc/arm-none-eabi/10.3.1/../../../../arm-none-eabi/lib/thumb/v7e-m+fp/hard\libc_nano.a(lib_a-wsetup.o)
                0x000000000800b154                __swsetup_r
 .text.__sflush_r
                0x000000000800b230      0x10c c:/st/stm32cubeide_1.11.0/stm32cubeide/plugins/com.st.stm32cube.ide.mcu.externaltools.gnu-tools-for-stm32.10.3-2021.10.win32_1.0.100.202210260954/tools/bin/../lib/gcc/arm-none-eabi/10.3.1/../../../../arm-none-eabi/lib/thumb/v7e-m+fp/hard\libc_nano.a(lib_a-fflush.o)
                0x000000000800b230                __sflush_r
 .text._fflush_r
                0x000000000800b33c       0x78 c:/st/stm32cubeide_1.11.0/stm32cubeide/plugins/com.st.stm32cube.ide.mcu.externaltools.gnu-tools-for-stm32.10.3-2021.10.win32_1.0.100.202210260954/tools/bin/../lib/gcc/arm-none-eabi/10.3.1/../../../../arm-none-eabi/lib/thumb/v7e-m+fp/hard\libc_nano.a(lib_a-fflush.o)
                0x000000000800b33c                _fflush_r
 .text.std      0x000000000800b3b4       0x48 c:/st/stm32cubeide_1.11.0/stm32cubeide/plugins/com.st.stm32cube.ide.mcu.externaltools.gnu-tools-for-stm32.10.3-2021.10.win32_1.0.100.202210260954/tools/bin/../lib/gcc/arm-none-eabi/10.3.1/../../../../arm-none-eabi/lib/thumb/v7e-m+fp/hard\libc_nano.a(lib_a-findfp.o)
 .text._cleanup_r
                0x000000000800b3fc        0xc c:/st/stm32cubeide_1.11.0/stm32cubeide/plugins/com.st.stm32cube.ide.mcu.externaltools.gnu-tools-for-stm32.10.3-2021.10.win32_1.0.100.202210260954/tools/bin/../lib/gcc/arm-none-eabi/10.3.1/../../../../arm-none-eabi/lib/thumb/v7e-m+fp/hard\libc_nano.a(lib_a-findfp.o)
                0x000000000800b3fc                _cleanup_r
 .text.__sfmoreglue
                0x000000000800b408       0x2c c:/st/stm32cubeide_1.11.0/stm32cubeide/plugins/com.st.stm32cube.ide.mcu.externaltools.gnu-tools-for-stm32.10.3-2021.10.win32_1.0.100.202210260954/tools/bin/../lib/gcc/arm-none-eabi/10.3.1/../../../../arm-none-eabi/lib/thumb/v7e-m+fp/hard\libc_nano.a(lib_a-findfp.o)
                0x000000000800b408                __sfmoreglue
 .text.__sfp_lock_acquire
                0x000000000800b434        0xc c:/st/stm32cubeide_1.11.0/stm32cubeide/plugins/com.st.stm32cube.ide.mcu.externaltools.gnu-tools-for-stm32.10.3-2021.10.win32_1.0.100.202210260954/tools/bin/../lib/gcc/arm-none-eabi/10.3.1/../../../../arm-none-eabi/lib/thumb/v7e-m+fp/hard\libc_nano.a(lib_a-findfp.o)
                0x000000000800b434                __sfp_lock_acquire
 .text.__sfp_lock_release
                0x000000000800b440        0xc c:/st/stm32cubeide_1.11.0/stm32cubeide/plugins/com.st.stm32cube.ide.mcu.externaltools.gnu-tools-for-stm32.10.3-2021.10.win32_1.0.100.202210260954/tools/bin/../lib/gcc/arm-none-eabi/10.3.1/../../../../arm-none-eabi/lib/thumb/v7e-m+fp/hard\libc_nano.a(lib_a-findfp.o)
                0x000000000800b440                __sfp_lock_release
 .text.__sinit_lock_acquire
                0x000000000800b44c        0xc c:/st/stm32cubeide_1.11.0/stm32cubeide/plugins/com.st.stm32cube.ide.mcu.externaltools.gnu-tools-for-stm32.10.3-2021.10.win32_1.0.100.202210260954/tools/bin/../lib/gcc/arm-none-eabi/10.3.1/../../../../arm-none-eabi/lib/thumb/v7e-m+fp/hard\libc_nano.a(lib_a-findfp.o)
                0x000000000800b44c                __sinit_lock_acquire
 .text.__sinit_lock_release
                0x000000000800b458        0xc c:/st/stm32cubeide_1.11.0/stm32cubeide/plugins/com.st.stm32cube.ide.mcu.externaltools.gnu-tools-for-stm32.10.3-2021.10.win32_1.0.100.202210260954/tools/bin/../lib/gcc/arm-none-eabi/10.3.1/../../../../arm-none-eabi/lib/thumb/v7e-m+fp/hard\libc_nano.a(lib_a-findfp.o)
                0x000000000800b458                __sinit_lock_release
 .text.__sinit  0x000000000800b464       0x70 c:/st/stm32cubeide_1.11.0/stm32cubeide/plugins/com.st.stm32cube.ide.mcu.externaltools.gnu-tools-for-stm32.10.3-2021.10.win32_1.0.100.202210260954/tools/bin/../lib/gcc/arm-none-eabi/10.3.1/../../../../arm-none-eabi/lib/thumb/v7e-m+fp/hard\libc_nano.a(lib_a-findfp.o)
                0x000000000800b464                __sinit
 .text.__sfp    0x000000000800b4d4       0x8c c:/st/stm32cubeide_1.11.0/stm32cubeide/plugins/com.st.stm32cube.ide.mcu.externaltools.gnu-tools-for-stm32.10.3-2021.10.win32_1.0.100.202210260954/tools/bin/../lib/gcc/arm-none-eabi/10.3.1/../../../../arm-none-eabi/lib/thumb/v7e-m+fp/hard\libc_nano.a(lib_a-findfp.o)
                0x000000000800b4d4                __sfp
 .text._fwalk_reent
                0x000000000800b560       0x3e c:/st/stm32cubeide_1.11.0/stm32cubeide/plugins/com.st.stm32cube.ide.mcu.externaltools.gnu-tools-for-stm32.10.3-2021.10.win32_1.0.100.202210260954/tools/bin/../lib/gcc/arm-none-eabi/10.3.1/../../../../arm-none-eabi/lib/thumb/v7e-m+fp/hard\libc_nano.a(lib_a-fwalk.o)
                0x000000000800b560                _fwalk_reent
 .text.__retarget_lock_init_recursive
                0x000000000800b59e        0x2 c:/st/stm32cubeide_1.11.0/stm32cubeide/plugins/com.st.stm32cube.ide.mcu.externaltools.gnu-tools-for-stm32.10.3-2021.10.win32_1.0.100.202210260954/tools/bin/../lib/gcc/arm-none-eabi/10.3.1/../../../../arm-none-eabi/lib/thumb/v7e-m+fp/hard\libc_nano.a(lib_a-lock.o)
                0x000000000800b59e                __retarget_lock_init_recursive
 .text.__retarget_lock_acquire_recursive
                0x000000000800b5a0        0x2 c:/st/stm32cubeide_1.11.0/stm32cubeide/plugins/com.st.stm32cube.ide.mcu.externaltools.gnu-tools-for-stm32.10.3-2021.10.win32_1.0.100.202210260954/tools/bin/../lib/gcc/arm-none-eabi/10.3.1/../../../../arm-none-eabi/lib/thumb/v7e-m+fp/hard\libc_nano.a(lib_a-lock.o)
                0x000000000800b5a0                __retarget_lock_acquire_recursive
 .text.__retarget_lock_release_recursive
                0x000000000800b5a2        0x2 c:/st/stm32cubeide_1.11.0/stm32cubeide/plugins/com.st.stm32cube.ide.mcu.externaltools.gnu-tools-for-stm32.10.3-2021.10.win32_1.0.100.202210260954/tools/bin/../lib/gcc/arm-none-eabi/10.3.1/../../../../arm-none-eabi/lib/thumb/v7e-m+fp/hard\libc_nano.a(lib_a-lock.o)
                0x000000000800b5a2                __retarget_lock_release_recursive
 .text.__swhatbuf_r
                0x000000000800b5a4       0x4a c:/st/stm32cubeide_1.11.0/stm32cubeide/plugins/com.st.stm32cube.ide.mcu.externaltools.gnu-tools-for-stm32.10.3-2021.10.win32_1.0.100.202210260954/tools/bin/../lib/gcc/arm-none-eabi/10.3.1/../../../../arm-none-eabi/lib/thumb/v7e-m+fp/hard\libc_nano.a(lib_a-makebuf.o)
                0x000000000800b5a4                __swhatbuf_r
 *fill*         0x000000000800b5ee        0x2 
 .text.__smakebuf_r
                0x000000000800b5f0       0x80 c:/st/stm32cubeide_1.11.0/stm32cubeide/plugins/com.st.stm32cube.ide.mcu.externaltools.gnu-tools-for-stm32.10.3-2021.10.win32_1.0.100.202210260954/tools/bin/../lib/gcc/arm-none-eabi/10.3.1/../../../../arm-none-eabi/lib/thumb/v7e-m+fp/hard\libc_nano.a(lib_a-makebuf.o)
                0x000000000800b5f0                __smakebuf_r
 .text._free_r  0x000000000800b670       0x98 c:/st/stm32cubeide_1.11.0/stm32cubeide/plugins/com.st.stm32cube.ide.mcu.externaltools.gnu-tools-for-stm32.10.3-2021.10.win32_1.0.100.202210260954/tools/bin/../lib/gcc/arm-none-eabi/10.3.1/../../../../arm-none-eabi/lib/thumb/v7e-m+fp/hard\libc_nano.a(lib_a-nano-freer.o)
                0x000000000800b670                _free_r
 .text.sbrk_aligned
                0x000000000800b708       0x40 c:/st/stm32cubeide_1.11.0/stm32cubeide/plugins/com.st.stm32cube.ide.mcu.externaltools.gnu-tools-for-stm32.10.3-2021.10.win32_1.0.100.202210260954/tools/bin/../lib/gcc/arm-none-eabi/10.3.1/../../../../arm-none-eabi/lib/thumb/v7e-m+fp/hard\libc_nano.a(lib_a-nano-mallocr.o)
 .text._malloc_r
                0x000000000800b748       0xe8 c:/st/stm32cubeide_1.11.0/stm32cubeide/plugins/com.st.stm32cube.ide.mcu.externaltools.gnu-tools-for-stm32.10.3-2021.10.win32_1.0.100.202210260954/tools/bin/../lib/gcc/arm-none-eabi/10.3.1/../../../../arm-none-eabi/lib/thumb/v7e-m+fp/hard\libc_nano.a(lib_a-nano-mallocr.o)
                0x000000000800b748                _malloc_r
 .text.__ssputs_r
                0x000000000800b830       0xb6 c:/st/stm32cubeide_1.11.0/stm32cubeide/plugins/com.st.stm32cube.ide.mcu.externaltools.gnu-tools-for-stm32.10.3-2021.10.win32_1.0.100.202210260954/tools/bin/../lib/gcc/arm-none-eabi/10.3.1/../../../../arm-none-eabi/lib/thumb/v7e-m+fp/hard\libc_nano.a(lib_a-nano-svfprintf.o)
                0x000000000800b830                __ssputs_r
 *fill*         0x000000000800b8e6        0x2 
 .text._svfprintf_r
                0x000000000800b8e8      0x200 c:/st/stm32cubeide_1.11.0/stm32cubeide/plugins/com.st.stm32cube.ide.mcu.externaltools.gnu-tools-for-stm32.10.3-2021.10.win32_1.0.100.202210260954/tools/bin/../lib/gcc/arm-none-eabi/10.3.1/../../../../arm-none-eabi/lib/thumb/v7e-m+fp/hard\libc_nano.a(lib_a-nano-svfprintf.o)
                0x000000000800b8e8                _svfiprintf_r
                0x000000000800b8e8                _svfprintf_r
 .text.__sfputc_r
                0x000000000800bae8       0x2e c:/st/stm32cubeide_1.11.0/stm32cubeide/plugins/com.st.stm32cube.ide.mcu.externaltools.gnu-tools-for-stm32.10.3-2021.10.win32_1.0.100.202210260954/tools/bin/../lib/gcc/arm-none-eabi/10.3.1/../../../../arm-none-eabi/lib/thumb/v7e-m+fp/hard\libc_nano.a(lib_a-nano-vfprintf.o)
 .text.__sfputs_r
                0x000000000800bb16       0x24 c:/st/stm32cubeide_1.11.0/stm32cubeide/plugins/com.st.stm32cube.ide.mcu.externaltools.gnu-tools-for-stm32.10.3-2021.10.win32_1.0.100.202210260954/tools/bin/../lib/gcc/arm-none-eabi/10.3.1/../../../../arm-none-eabi/lib/thumb/v7e-m+fp/hard\libc_nano.a(lib_a-nano-vfprintf.o)
                0x000000000800bb16                __sfputs_r
 *fill*         0x000000000800bb3a        0x2 
 .text._vfprintf_r
                0x000000000800bb3c      0x260 c:/st/stm32cubeide_1.11.0/stm32cubeide/plugins/com.st.stm32cube.ide.mcu.externaltools.gnu-tools-for-stm32.10.3-2021.10.win32_1.0.100.202210260954/tools/bin/../lib/gcc/arm-none-eabi/10.3.1/../../../../arm-none-eabi/lib/thumb/v7e-m+fp/hard\libc_nano.a(lib_a-nano-vfprintf.o)
                0x000000000800bb3c                _vfprintf_r
                0x000000000800bb3c                _vfiprintf_r
 .text._printf_common
                0x000000000800bd9c       0xda c:/st/stm32cubeide_1.11.0/stm32cubeide/plugins/com.st.stm32cube.ide.mcu.externaltools.gnu-tools-for-stm32.10.3-2021.10.win32_1.0.100.202210260954/tools/bin/../lib/gcc/arm-none-eabi/10.3.1/../../../../arm-none-eabi/lib/thumb/v7e-m+fp/hard\libc_nano.a(lib_a-nano-vfprintf_i.o)
                0x000000000800bd9c                _printf_common
 *fill*         0x000000000800be76        0x2 
 .text._printf_i
                0x000000000800be78      0x24c c:/st/stm32cubeide_1.11.0/stm32cubeide/plugins/com.st.stm32cube.ide.mcu.externaltools.gnu-tools-for-stm32.10.3-2021.10.win32_1.0.100.202210260954/tools/bin/../lib/gcc/arm-none-eabi/10.3.1/../../../../arm-none-eabi/lib/thumb/v7e-m+fp/hard\libc_nano.a(lib_a-nano-vfprintf_i.o)
                0x000000000800be78                _printf_i
 .text._sbrk_r  0x000000000800c0c4       0x20 c:/st/stm32cubeide_1.11.0/stm32cubeide/plugins/com.st.stm32cube.ide.mcu.externaltools.gnu-tools-for-stm32.10.3-2021.10.win32_1.0.100.202210260954/tools/bin/../lib/gcc/arm-none-eabi/10.3.1/../../../../arm-none-eabi/lib/thumb/v7e-m+fp/hard\libc_nano.a(lib_a-sbrkr.o)
                0x000000000800c0c4                _sbrk_r
 .text.__sread  0x000000000800c0e4       0x22 c:/st/stm32cubeide_1.11.0/stm32cubeide/plugins/com.st.stm32cube.ide.mcu.externaltools.gnu-tools-for-stm32.10.3-2021.10.win32_1.0.100.202210260954/tools/bin/../lib/gcc/arm-none-eabi/10.3.1/../../../../arm-none-eabi/lib/thumb/v7e-m+fp/hard\libc_nano.a(lib_a-stdio.o)
                0x000000000800c0e4                __sread
 .text.__swrite
                0x000000000800c106       0x38 c:/st/stm32cubeide_1.11.0/stm32cubeide/plugins/com.st.stm32cube.ide.mcu.externaltools.gnu-tools-for-stm32.10.3-2021.10.win32_1.0.100.202210260954/tools/bin/../lib/gcc/arm-none-eabi/10.3.1/../../../../arm-none-eabi/lib/thumb/v7e-m+fp/hard\libc_nano.a(lib_a-stdio.o)
                0x000000000800c106                __swrite
 .text.__sseek  0x000000000800c13e       0x24 c:/st/stm32cubeide_1.11.0/stm32cubeide/plugins/com.st.stm32cube.ide.mcu.externaltools.gnu-tools-for-stm32.10.3-2021.10.win32_1.0.100.202210260954/tools/bin/../lib/gcc/arm-none-eabi/10.3.1/../../../../arm-none-eabi/lib/thumb/v7e-m+fp/hard\libc_nano.a(lib_a-stdio.o)
                0x000000000800c13e                __sseek
 .text.__sclose
                0x000000000800c162        0x8 c:/st/stm32cubeide_1.11.0/stm32cubeide/plugins/com.st.stm32cube.ide.mcu.externaltools.gnu-tools-for-stm32.10.3-2021.10.win32_1.0.100.202210260954/tools/bin/../lib/gcc/arm-none-eabi/10.3.1/../../../../arm-none-eabi/lib/thumb/v7e-m+fp/hard\libc_nano.a(lib_a-stdio.o)
                0x000000000800c162                __sclose
 *fill*         0x000000000800c16a        0x2 
 .text._write_r
                0x000000000800c16c       0x24 c:/st/stm32cubeide_1.11.0/stm32cubeide/plugins/com.st.stm32cube.ide.mcu.externaltools.gnu-tools-for-stm32.10.3-2021.10.win32_1.0.100.202210260954/tools/bin/../lib/gcc/arm-none-eabi/10.3.1/../../../../arm-none-eabi/lib/thumb/v7e-m+fp/hard\libc_nano.a(lib_a-writer.o)
                0x000000000800c16c                _write_r
 .text._close_r
                0x000000000800c190       0x20 c:/st/stm32cubeide_1.11.0/stm32cubeide/plugins/com.st.stm32cube.ide.mcu.externaltools.gnu-tools-for-stm32.10.3-2021.10.win32_1.0.100.202210260954/tools/bin/../lib/gcc/arm-none-eabi/10.3.1/../../../../arm-none-eabi/lib/thumb/v7e-m+fp/hard\libc_nano.a(lib_a-closer.o)
                0x000000000800c190                _close_r
 .text._fstat_r
                0x000000000800c1b0       0x24 c:/st/stm32cubeide_1.11.0/stm32cubeide/plugins/com.st.stm32cube.ide.mcu.externaltools.gnu-tools-for-stm32.10.3-2021.10.win32_1.0.100.202210260954/tools/bin/../lib/gcc/arm-none-eabi/10.3.1/../../../../arm-none-eabi/lib/thumb/v7e-m+fp/hard\libc_nano.a(lib_a-fstatr.o)
                0x000000000800c1b0                _fstat_r
 .text._isatty_r
                0x000000000800c1d4       0x20 c:/st/stm32cubeide_1.11.0/stm32cubeide/plugins/com.st.stm32cube.ide.mcu.externaltools.gnu-tools-for-stm32.10.3-2021.10.win32_1.0.100.202210260954/tools/bin/../lib/gcc/arm-none-eabi/10.3.1/../../../../arm-none-eabi/lib/thumb/v7e-m+fp/hard\libc_nano.a(lib_a-isattyr.o)
                0x000000000800c1d4                _isatty_r
 .text._lseek_r
                0x000000000800c1f4       0x24 c:/st/stm32cubeide_1.11.0/stm32cubeide/plugins/com.st.stm32cube.ide.mcu.externaltools.gnu-tools-for-stm32.10.3-2021.10.win32_1.0.100.202210260954/tools/bin/../lib/gcc/arm-none-eabi/10.3.1/../../../../arm-none-eabi/lib/thumb/v7e-m+fp/hard\libc_nano.a(lib_a-lseekr.o)
                0x000000000800c1f4                _lseek_r
 .text.memmove  0x000000000800c218       0x34 c:/st/stm32cubeide_1.11.0/stm32cubeide/plugins/com.st.stm32cube.ide.mcu.externaltools.gnu-tools-for-stm32.10.3-2021.10.win32_1.0.100.202210260954/tools/bin/../lib/gcc/arm-none-eabi/10.3.1/../../../../arm-none-eabi/lib/thumb/v7e-m+fp/hard\libc_nano.a(lib_a-memmove.o)
                0x000000000800c218                memmove
 .text.__malloc_lock
                0x000000000800c24c        0xc c:/st/stm32cubeide_1.11.0/stm32cubeide/plugins/com.st.stm32cube.ide.mcu.externaltools.gnu-tools-for-stm32.10.3-2021.10.win32_1.0.100.202210260954/tools/bin/../lib/gcc/arm-none-eabi/10.3.1/../../../../arm-none-eabi/lib/thumb/v7e-m+fp/hard\libc_nano.a(lib_a-mlock.o)
                0x000000000800c24c                __malloc_lock
 .text.__malloc_unlock
                0x000000000800c258        0xc c:/st/stm32cubeide_1.11.0/stm32cubeide/plugins/com.st.stm32cube.ide.mcu.externaltools.gnu-tools-for-stm32.10.3-2021.10.win32_1.0.100.202210260954/tools/bin/../lib/gcc/arm-none-eabi/10.3.1/../../../../arm-none-eabi/lib/thumb/v7e-m+fp/hard\libc_nano.a(lib_a-mlock.o)
                0x000000000800c258                __malloc_unlock
 .text._realloc_r
                0x000000000800c264       0x5e c:/st/stm32cubeide_1.11.0/stm32cubeide/plugins/com.st.stm32cube.ide.mcu.externaltools.gnu-tools-for-stm32.10.3-2021.10.win32_1.0.100.202210260954/tools/bin/../lib/gcc/arm-none-eabi/10.3.1/../../../../arm-none-eabi/lib/thumb/v7e-m+fp/hard\libc_nano.a(lib_a-nano-reallocr.o)
                0x000000000800c264                _realloc_r
 *fill*         0x000000000800c2c2        0x2 
 .text._read_r  0x000000000800c2c4       0x24 c:/st/stm32cubeide_1.11.0/stm32cubeide/plugins/com.st.stm32cube.ide.mcu.externaltools.gnu-tools-for-stm32.10.3-2021.10.win32_1.0.100.202210260954/tools/bin/../lib/gcc/arm-none-eabi/10.3.1/../../../../arm-none-eabi/lib/thumb/v7e-m+fp/hard\libc_nano.a(lib_a-readr.o)
                0x000000000800c2c4                _read_r
 .text._malloc_usable_size_r
                0x000000000800c2e8       0x10 c:/st/stm32cubeide_1.11.0/stm32cubeide/plugins/com.st.stm32cube.ide.mcu.externaltools.gnu-tools-for-stm32.10.3-2021.10.win32_1.0.100.202210260954/tools/bin/../lib/gcc/arm-none-eabi/10.3.1/../../../../arm-none-eabi/lib/thumb/v7e-m+fp/hard\libc_nano.a(lib_a-nano-msizer.o)
                0x000000000800c2e8                _malloc_usable_size_r
 *(.glue_7)
 .glue_7        0x000000000800c2f8        0x0 linker stubs
 *(.glue_7t)
 .glue_7t       0x000000000800c2f8        0x0 linker stubs
 *(.eh_frame)
 .eh_frame      0x000000000800c2f8        0x0 c:/st/stm32cubeide_1.11.0/stm32cubeide/plugins/com.st.stm32cube.ide.mcu.externaltools.gnu-tools-for-stm32.10.3-2021.10.win32_1.0.100.202210260954/tools/bin/../lib/gcc/arm-none-eabi/10.3.1/thumb/v7e-m+fp/hard/crtbegin.o
 *(.init)
 .init          0x000000000800c2f8        0x4 c:/st/stm32cubeide_1.11.0/stm32cubeide/plugins/com.st.stm32cube.ide.mcu.externaltools.gnu-tools-for-stm32.10.3-2021.10.win32_1.0.100.202210260954/tools/bin/../lib/gcc/arm-none-eabi/10.3.1/thumb/v7e-m+fp/hard/crti.o
                0x000000000800c2f8                _init
 .init          0x000000000800c2fc        0x8 c:/st/stm32cubeide_1.11.0/stm32cubeide/plugins/com.st.stm32cube.ide.mcu.externaltools.gnu-tools-for-stm32.10.3-2021.10.win32_1.0.100.202210260954/tools/bin/../lib/gcc/arm-none-eabi/10.3.1/thumb/v7e-m+fp/hard/crtn.o
 *(.fini)
 .fini          0x000000000800c304        0x4 c:/st/stm32cubeide_1.11.0/stm32cubeide/plugins/com.st.stm32cube.ide.mcu.externaltools.gnu-tools-for-stm32.10.3-2021.10.win32_1.0.100.202210260954/tools/bin/../lib/gcc/arm-none-eabi/10.3.1/thumb/v7e-m+fp/hard/crti.o
                0x000000000800c304                _fini
 .fini          0x000000000800c308        0x8 c:/st/stm32cubeide_1.11.0/stm32cubeide/plugins/com.st.stm32cube.ide.mcu.externaltools.gnu-tools-for-stm32.10.3-2021.10.win32_1.0.100.202210260954/tools/bin/../lib/gcc/arm-none-eabi/10.3.1/thumb/v7e-m+fp/hard/crtn.o
                0x000000000800c310                . = ALIGN (0x4)
                0x000000000800c310                _etext = .

.vfp11_veneer   0x000000000800c310        0x0
 .vfp11_veneer  0x000000000800c310        0x0 linker stubs

.v4_bx          0x000000000800c310        0x0
 .v4_bx         0x000000000800c310        0x0 linker stubs

.iplt           0x000000000800c310        0x0
 .iplt          0x000000000800c310        0x0 c:/st/stm32cubeide_1.11.0/stm32cubeide/plugins/com.st.stm32cube.ide.mcu.externaltools.gnu-tools-for-stm32.10.3-2021.10.win32_1.0.100.202210260954/tools/bin/../lib/gcc/arm-none-eabi/10.3.1/thumb/v7e-m+fp/hard/crtbegin.o

.rodata         0x000000000800c310      0x394
                0x000000000800c310                . = ALIGN (0x4)
 *(.rodata)
 .rodata        0x000000000800c310       0x46 ./Core/Src/main.o
 *fill*         0x000000000800c356        0x2 
 .rodata        0x000000000800c358       0xeb ./Core/Src/radio_demo.o
 *fill*         0x000000000800c443        0x1 
 .rodata        0x000000000800c444        0x6 ./Drivers/NRF24L01/nrf24.o
 *fill*         0x000000000800c44a        0x2 
 .rodata        0x000000000800c44c      0x161 ./Drivers/VL53L0X/vl53l0x_class.o
 *(.rodata*)
 *fill*         0x000000000800c5ad        0x3 
 .rodata.nRF24_ADDR.0
                0x000000000800c5b0        0x3 ./Core/Src/radio_demo.o
 *fill*         0x000000000800c5b3        0x1 
 .rodata.AHBPrescTable
                0x000000000800c5b4       0x10 ./Core/Src/system_stm32l4xx.o
                0x000000000800c5b4                AHBPrescTable
 .rodata.APBPrescTable
                0x000000000800c5c4        0x8 ./Core/Src/system_stm32l4xx.o
                0x000000000800c5c4                APBPrescTable
 .rodata.MSIRangeTable
                0x000000000800c5cc       0x30 ./Core/Src/system_stm32l4xx.o
                0x000000000800c5cc                MSIRangeTable
 .rodata.nRF24_RX_PW_PIPE
                0x000000000800c5fc        0x6 ./Drivers/NRF24L01/nrf24.o
 *fill*         0x000000000800c602        0x2 
 .rodata.nRF24_ADDR_REGS
                0x000000000800c604        0x7 ./Drivers/NRF24L01/nrf24.o
 *fill*         0x000000000800c60b        0x1 
 .rodata._global_impure_ptr
                0x000000000800c60c        0x4 c:/st/stm32cubeide_1.11.0/stm32cubeide/plugins/com.st.stm32cube.ide.mcu.externaltools.gnu-tools-for-stm32.10.3-2021.10.win32_1.0.100.202210260954/tools/bin/../lib/gcc/arm-none-eabi/10.3.1/../../../../arm-none-eabi/lib/thumb/v7e-m+fp/hard\libc_nano.a(lib_a-impure.o)
                0x000000000800c60c                _global_impure_ptr
 .rodata.__sf_fake_stderr
                0x000000000800c610       0x20 c:/st/stm32cubeide_1.11.0/stm32cubeide/plugins/com.st.stm32cube.ide.mcu.externaltools.gnu-tools-for-stm32.10.3-2021.10.win32_1.0.100.202210260954/tools/bin/../lib/gcc/arm-none-eabi/10.3.1/../../../../arm-none-eabi/lib/thumb/v7e-m+fp/hard\libc_nano.a(lib_a-findfp.o)
                0x000000000800c610                __sf_fake_stderr
 .rodata.__sf_fake_stdin
                0x000000000800c630       0x20 c:/st/stm32cubeide_1.11.0/stm32cubeide/plugins/com.st.stm32cube.ide.mcu.externaltools.gnu-tools-for-stm32.10.3-2021.10.win32_1.0.100.202210260954/tools/bin/../lib/gcc/arm-none-eabi/10.3.1/../../../../arm-none-eabi/lib/thumb/v7e-m+fp/hard\libc_nano.a(lib_a-findfp.o)
                0x000000000800c630                __sf_fake_stdin
 .rodata.__sf_fake_stdout
                0x000000000800c650       0x20 c:/st/stm32cubeide_1.11.0/stm32cubeide/plugins/com.st.stm32cube.ide.mcu.externaltools.gnu-tools-for-stm32.10.3-2021.10.win32_1.0.100.202210260954/tools/bin/../lib/gcc/arm-none-eabi/10.3.1/../../../../arm-none-eabi/lib/thumb/v7e-m+fp/hard\libc_nano.a(lib_a-findfp.o)
                0x000000000800c650                __sf_fake_stdout
 .rodata._svfprintf_r.str1.1
                0x000000000800c670       0x11 c:/st/stm32cubeide_1.11.0/stm32cubeide/plugins/com.st.stm32cube.ide.mcu.externaltools.gnu-tools-for-stm32.10.3-2021.10.win32_1.0.100.202210260954/tools/bin/../lib/gcc/arm-none-eabi/10.3.1/../../../../arm-none-eabi/lib/thumb/v7e-m+fp/hard\libc_nano.a(lib_a-nano-svfprintf.o)
 .rodata._vfprintf_r.str1.1
                0x000000000800c681       0x11 c:/st/stm32cubeide_1.11.0/stm32cubeide/plugins/com.st.stm32cube.ide.mcu.externaltools.gnu-tools-for-stm32.10.3-2021.10.win32_1.0.100.202210260954/tools/bin/../lib/gcc/arm-none-eabi/10.3.1/../../../../arm-none-eabi/lib/thumb/v7e-m+fp/hard\libc_nano.a(lib_a-nano-vfprintf.o)
 .rodata._printf_i.str1.1
                0x000000000800c681       0x22 c:/st/stm32cubeide_1.11.0/stm32cubeide/plugins/com.st.stm32cube.ide.mcu.externaltools.gnu-tools-for-stm32.10.3-2021.10.win32_1.0.100.202210260954/tools/bin/../lib/gcc/arm-none-eabi/10.3.1/../../../../arm-none-eabi/lib/thumb/v7e-m+fp/hard\libc_nano.a(lib_a-nano-vfprintf_i.o)
                0x000000000800c6a4                . = ALIGN (0x4)
 *fill*         0x000000000800c6a3        0x1 

.ARM.extab      0x000000000800c6a4        0x0
                0x000000000800c6a4                . = ALIGN (0x4)
 *(.ARM.extab* .gnu.linkonce.armextab.*)
                0x000000000800c6a4                . = ALIGN (0x4)

.ARM            0x000000000800c6a4        0x8
                0x000000000800c6a4                . = ALIGN (0x4)
                0x000000000800c6a4                __exidx_start = .
 *(.ARM.exidx*)
 .ARM.exidx     0x000000000800c6a4        0x8 c:/st/stm32cubeide_1.11.0/stm32cubeide/plugins/com.st.stm32cube.ide.mcu.externaltools.gnu-tools-for-stm32.10.3-2021.10.win32_1.0.100.202210260954/tools/bin/../lib/gcc/arm-none-eabi/10.3.1/thumb/v7e-m+fp/hard\libgcc.a(_udivmoddi4.o)
                0x000000000800c6ac                __exidx_end = .
                0x000000000800c6ac                . = ALIGN (0x4)

.rel.dyn        0x000000000800c6ac        0x0
 .rel.iplt      0x000000000800c6ac        0x0 c:/st/stm32cubeide_1.11.0/stm32cubeide/plugins/com.st.stm32cube.ide.mcu.externaltools.gnu-tools-for-stm32.10.3-2021.10.win32_1.0.100.202210260954/tools/bin/../lib/gcc/arm-none-eabi/10.3.1/thumb/v7e-m+fp/hard/crtbegin.o

.preinit_array  0x000000000800c6ac        0x0
                0x000000000800c6ac                . = ALIGN (0x4)
                0x000000000800c6ac                PROVIDE (__preinit_array_start = .)
 *(.preinit_array*)
                0x000000000800c6ac                PROVIDE (__preinit_array_end = .)
                0x000000000800c6ac                . = ALIGN (0x4)

.init_array     0x000000000800c6ac        0x4
                0x000000000800c6ac                . = ALIGN (0x4)
                0x000000000800c6ac                PROVIDE (__init_array_start = .)
 *(SORT_BY_NAME(.init_array.*))
 *(.init_array*)
 .init_array    0x000000000800c6ac        0x4 c:/st/stm32cubeide_1.11.0/stm32cubeide/plugins/com.st.stm32cube.ide.mcu.externaltools.gnu-tools-for-stm32.10.3-2021.10.win32_1.0.100.202210260954/tools/bin/../lib/gcc/arm-none-eabi/10.3.1/thumb/v7e-m+fp/hard/crtbegin.o
                0x000000000800c6b0                PROVIDE (__init_array_end = .)
                0x000000000800c6b0                . = ALIGN (0x4)

.fini_array     0x000000000800c6b0        0x4
                0x000000000800c6b0                . = ALIGN (0x4)
                [!provide]                        PROVIDE (__fini_array_start = .)
 *(SORT_BY_NAME(.fini_array.*))
 *(.fini_array*)
 .fini_array    0x000000000800c6b0        0x4 c:/st/stm32cubeide_1.11.0/stm32cubeide/plugins/com.st.stm32cube.ide.mcu.externaltools.gnu-tools-for-stm32.10.3-2021.10.win32_1.0.100.202210260954/tools/bin/../lib/gcc/arm-none-eabi/10.3.1/thumb/v7e-m+fp/hard/crtbegin.o
                [!provide]                        PROVIDE (__fini_array_end = .)
                0x000000000800c6b4                . = ALIGN (0x4)
                0x000000000800c6b4                _sidata = LOADADDR (.data)

.data           0x0000000020000000      0x32c load address 0x000000000800c6b4
                0x0000000020000000                . = ALIGN (0x4)
                0x0000000020000000                _sdata = .
 *(.data)
 *(.data*)
 .data.SystemCoreClock
                0x0000000020000000        0x4 ./Core/Src/system_stm32l4xx.o
                0x0000000020000000                SystemCoreClock
 .data.uwTickPrio
                0x0000000020000004        0x4 ./Drivers/STM32L4xx_HAL_Driver/Src/stm32l4xx_hal.o
                0x0000000020000004                uwTickPrio
 .data.uwTickFreq
                0x0000000020000008        0x1 ./Drivers/STM32L4xx_HAL_Driver/Src/stm32l4xx_hal.o
                0x0000000020000008                uwTickFreq
 *fill*         0x0000000020000009        0x3 
 .data.InterruptThresholdSettings
                0x000000002000000c      0x1b6 ./Drivers/VL53L0X/vl53l0x_class.o
                0x000000002000000c                InterruptThresholdSettings
 *fill*         0x00000000200001c2        0x2 
 .data.DefaultTuningSettings
                0x00000000200001c4       0xf3 ./Drivers/VL53L0X/vl53l0x_class.o
                0x00000000200001c4                DefaultTuningSettings
 *fill*         0x00000000200002b7        0x1 
 .data.refArrayQuadrants
                0x00000000200002b8       0x10 ./Drivers/VL53L0X/vl53l0x_class.o
                0x00000000200002b8                refArrayQuadrants
 .data._impure_ptr
                0x00000000200002c8        0x4 c:/st/stm32cubeide_1.11.0/stm32cubeide/plugins/com.st.stm32cube.ide.mcu.externaltools.gnu-tools-for-stm32.10.3-2021.10.win32_1.0.100.202210260954/tools/bin/../lib/gcc/arm-none-eabi/10.3.1/../../../../arm-none-eabi/lib/thumb/v7e-m+fp/hard\libc_nano.a(lib_a-impure.o)
                0x00000000200002c8                _impure_ptr
 .data.impure_data
                0x00000000200002cc       0x60 c:/st/stm32cubeide_1.11.0/stm32cubeide/plugins/com.st.stm32cube.ide.mcu.externaltools.gnu-tools-for-stm32.10.3-2021.10.win32_1.0.100.202210260954/tools/bin/../lib/gcc/arm-none-eabi/10.3.1/../../../../arm-none-eabi/lib/thumb/v7e-m+fp/hard\libc_nano.a(lib_a-impure.o)
 *(.RamFunc)
 *(.RamFunc*)
                0x000000002000032c                . = ALIGN (0x4)
                0x000000002000032c                _edata = .

.igot.plt       0x000000002000032c        0x0 load address 0x000000000800c9e0
 .igot.plt      0x000000002000032c        0x0 c:/st/stm32cubeide_1.11.0/stm32cubeide/plugins/com.st.stm32cube.ide.mcu.externaltools.gnu-tools-for-stm32.10.3-2021.10.win32_1.0.100.202210260954/tools/bin/../lib/gcc/arm-none-eabi/10.3.1/thumb/v7e-m+fp/hard/crtbegin.o
                0x000000002000032c                . = ALIGN (0x4)

.bss            0x000000002000032c      0x2fc load address 0x000000000800c9e0
                0x000000002000032c                _sbss = .
                0x000000002000032c                __bss_start__ = _sbss
 *(.bss)
 .bss           0x000000002000032c       0x1c c:/st/stm32cubeide_1.11.0/stm32cubeide/plugins/com.st.stm32cube.ide.mcu.externaltools.gnu-tools-for-stm32.10.3-2021.10.win32_1.0.100.202210260954/tools/bin/../lib/gcc/arm-none-eabi/10.3.1/thumb/v7e-m+fp/hard/crtbegin.o
 *(.bss*)
 .bss.hi2c1     0x0000000020000348       0x54 ./Core/Src/main.o
                0x0000000020000348                hi2c1
 .bss.hspi3     0x000000002000039c       0x64 ./Core/Src/main.o
                0x000000002000039c                hspi3
 .bss.huart2    0x0000000020000400       0x84 ./Core/Src/main.o
                0x0000000020000400                huart2
 .bss.sensor1   0x0000000020000484      0x160 ./Core/Src/main.o
                0x0000000020000484                sensor1
 .bss.nRF24_payload
                0x00000000200005e4       0x20 ./Core/Src/radio_demo.o
                0x00000000200005e4                nRF24_payload
 .bss.i         0x0000000020000604        0x4 ./Core/Src/radio_demo.o
                0x0000000020000604                i
 .bss.j         0x0000000020000608        0x4 ./Core/Src/radio_demo.o
                0x0000000020000608                j
 .bss.payload_length
                0x000000002000060c        0x1 ./Core/Src/radio_demo.o
                0x000000002000060c                payload_length
 .bss.tx_res    0x000000002000060d        0x1 ./Core/Src/radio_demo.o
                0x000000002000060d                tx_res
 *fill*         0x000000002000060e        0x2 
 .bss.__sbrk_heap_end
                0x0000000020000610        0x4 ./Core/Src/sysmem.o
 .bss.uwTick    0x0000000020000614        0x4 ./Drivers/STM32L4xx_HAL_Driver/Src/stm32l4xx_hal.o
                0x0000000020000614                uwTick
 .bss.__lock___malloc_recursive_mutex
                0x0000000020000618        0x1 c:/st/stm32cubeide_1.11.0/stm32cubeide/plugins/com.st.stm32cube.ide.mcu.externaltools.gnu-tools-for-stm32.10.3-2021.10.win32_1.0.100.202210260954/tools/bin/../lib/gcc/arm-none-eabi/10.3.1/../../../../arm-none-eabi/lib/thumb/v7e-m+fp/hard\libc_nano.a(lib_a-lock.o)
                0x0000000020000618                __lock___malloc_recursive_mutex
 .bss.__lock___sfp_recursive_mutex
                0x0000000020000619        0x1 c:/st/stm32cubeide_1.11.0/stm32cubeide/plugins/com.st.stm32cube.ide.mcu.externaltools.gnu-tools-for-stm32.10.3-2021.10.win32_1.0.100.202210260954/tools/bin/../lib/gcc/arm-none-eabi/10.3.1/../../../../arm-none-eabi/lib/thumb/v7e-m+fp/hard\libc_nano.a(lib_a-lock.o)
                0x0000000020000619                __lock___sfp_recursive_mutex
 .bss.__lock___sinit_recursive_mutex
                0x000000002000061a        0x1 c:/st/stm32cubeide_1.11.0/stm32cubeide/plugins/com.st.stm32cube.ide.mcu.externaltools.gnu-tools-for-stm32.10.3-2021.10.win32_1.0.100.202210260954/tools/bin/../lib/gcc/arm-none-eabi/10.3.1/../../../../arm-none-eabi/lib/thumb/v7e-m+fp/hard\libc_nano.a(lib_a-lock.o)
                0x000000002000061a                __lock___sinit_recursive_mutex
 *fill*         0x000000002000061b        0x1 
 .bss.__malloc_free_list
                0x000000002000061c        0x4 c:/st/stm32cubeide_1.11.0/stm32cubeide/plugins/com.st.stm32cube.ide.mcu.externaltools.gnu-tools-for-stm32.10.3-2021.10.win32_1.0.100.202210260954/tools/bin/../lib/gcc/arm-none-eabi/10.3.1/../../../../arm-none-eabi/lib/thumb/v7e-m+fp/hard\libc_nano.a(lib_a-nano-mallocr.o)
                0x000000002000061c                __malloc_free_list
 .bss.__malloc_sbrk_start
                0x0000000020000620        0x4 c:/st/stm32cubeide_1.11.0/stm32cubeide/plugins/com.st.stm32cube.ide.mcu.externaltools.gnu-tools-for-stm32.10.3-2021.10.win32_1.0.100.202210260954/tools/bin/../lib/gcc/arm-none-eabi/10.3.1/../../../../arm-none-eabi/lib/thumb/v7e-m+fp/hard\libc_nano.a(lib_a-nano-mallocr.o)
                0x0000000020000620                __malloc_sbrk_start
 .bss.errno     0x0000000020000624        0x4 c:/st/stm32cubeide_1.11.0/stm32cubeide/plugins/com.st.stm32cube.ide.mcu.externaltools.gnu-tools-for-stm32.10.3-2021.10.win32_1.0.100.202210260954/tools/bin/../lib/gcc/arm-none-eabi/10.3.1/../../../../arm-none-eabi/lib/thumb/v7e-m+fp/hard\libc_nano.a(lib_a-reent.o)
                0x0000000020000624                errno
 *(COMMON)
                0x0000000020000628                . = ALIGN (0x4)
                0x0000000020000628                _ebss = .
                0x0000000020000628                __bss_end__ = _ebss

._user_heap_stack
                0x0000000020000628      0x600 load address 0x000000000800c9e0
                0x0000000020000628                . = ALIGN (0x8)
                [!provide]                        PROVIDE (end = .)
                0x0000000020000628                PROVIDE (_end = .)
                0x0000000020000828                . = (. + _Min_Heap_Size)
 *fill*         0x0000000020000628      0x200 
                0x0000000020000c28                . = (. + _Min_Stack_Size)
 *fill*         0x0000000020000828      0x400 
                0x0000000020000c28                . = ALIGN (0x8)

/DISCARD/
 libc.a(*)
 libm.a(*)
 libgcc.a(*)

.ARM.attributes
                0x0000000000000000       0x30
 *(.ARM.attributes)
 .ARM.attributes
                0x0000000000000000       0x1e c:/st/stm32cubeide_1.11.0/stm32cubeide/plugins/com.st.stm32cube.ide.mcu.externaltools.gnu-tools-for-stm32.10.3-2021.10.win32_1.0.100.202210260954/tools/bin/../lib/gcc/arm-none-eabi/10.3.1/thumb/v7e-m+fp/hard/crti.o
 .ARM.attributes
                0x000000000000001e       0x34 c:/st/stm32cubeide_1.11.0/stm32cubeide/plugins/com.st.stm32cube.ide.mcu.externaltools.gnu-tools-for-stm32.10.3-2021.10.win32_1.0.100.202210260954/tools/bin/../lib/gcc/arm-none-eabi/10.3.1/thumb/v7e-m+fp/hard/crtbegin.o
 .ARM.attributes
                0x0000000000000052       0x34 ./Core/Src/main.o
 .ARM.attributes
                0x0000000000000086       0x34 ./Core/Src/radio_demo.o
 .ARM.attributes
                0x00000000000000ba       0x34 ./Core/Src/stm32l4xx_hal_msp.o
 .ARM.attributes
                0x00000000000000ee       0x34 ./Core/Src/stm32l4xx_it.o
 .ARM.attributes
                0x0000000000000122       0x34 ./Core/Src/syscalls.o
 .ARM.attributes
                0x0000000000000156       0x34 ./Core/Src/sysmem.o
 .ARM.attributes
                0x000000000000018a       0x34 ./Core/Src/system_stm32l4xx.o
 .ARM.attributes
                0x00000000000001be       0x21 ./Core/Startup/startup_stm32l476rgtx.o
 .ARM.attributes
                0x00000000000001df       0x34 ./Drivers/NRF24L01/nrf24.o
 .ARM.attributes
                0x0000000000000213       0x34 ./Drivers/STM32L4xx_HAL_Driver/Src/stm32l4xx_hal.o
 .ARM.attributes
                0x0000000000000247       0x34 ./Drivers/STM32L4xx_HAL_Driver/Src/stm32l4xx_hal_cortex.o
 .ARM.attributes
                0x000000000000027b       0x34 ./Drivers/STM32L4xx_HAL_Driver/Src/stm32l4xx_hal_gpio.o
 .ARM.attributes
                0x00000000000002af       0x34 ./Drivers/STM32L4xx_HAL_Driver/Src/stm32l4xx_hal_i2c.o
 .ARM.attributes