../Core/Src/main.c:94:5:main	8	static
../Core/Src/main.c:178:6:SystemClock_Config	88	static
../Core/Src/main.c:231:13:MX_CRC_Init	8	static
../Core/Src/main.c:257:13:MX_DMA2D_Init	8	static
../Core/Src/main.c:294:13:MX_I2C3_Init	8	static
../Core/Src/main.c:342:13:MX_LTDC_Init	112	static
../Core/Src/main.c:424:13:MX_SPI3_Init	8	static
../Core/Src/main.c:462:13:MX_SPI5_Init	8	static
../Core/Src/main.c:500:13:MX_TIM1_Init	32	static
../Core/Src/main.c:546:13:MX_USART1_UART_Init	8	static
../Core/Src/main.c:579:13:MX_USB_OTG_HS_HCD_Init	8	static
../Core/Src/main.c:609:13:MX_FMC_Init	40	static
../Core/Src/main.c:660:13:MX_GPIO_Init	64	static
../Core/Src/main.c:796:6:HAL_TIM_PeriodElapsedCallback	16	static
../Core/Src/main.c:813:6:Error_Handler	4	static,ignoring_inline_asm
