../Core/Inc/support.h:15:20:nRF24_CE_L	8	static
../Core/Inc/support.h:20:20:nRF24_CE_H	8	static
../Core/Inc/support.h:46:20:Delay_ms	16	static
../Core/Src/radio_demo.c:16:6:UART_SendChar	16	static
../Core/Src/radio_demo.c:20:6:UART_SendStr	16	static
../Core/Src/radio_demo.c:24:6:Toggle_LED	8	static
../Core/Src/radio_demo.c:47:6:UART_SendBufHex	24	static
../Core/Src/radio_demo.c:56:6:UART_SendHex8	16	static
../Core/Src/radio_demo.c:61:6:UART_SendInt	32	static
../Core/Src/radio_demo.c:125:16:nRF24_TransmitPacket	24	static
../Core/Src/radio_demo.c:185:5:runRadio	88	static
